Archive member included to satisfy reference by file (symbol)

d:/gcc-arm-none-eabi/bin/../lib/gcc/arm-none-eabi/10.3.1/../../../../arm-none-eabi/lib/thumb/v7e-m+fp/hard\libc_nano.a(lib_a-errno.o)
                              build/sysmem.o (__errno)
d:/gcc-arm-none-eabi/bin/../lib/gcc/arm-none-eabi/10.3.1/../../../../arm-none-eabi/lib/thumb/v7e-m+fp/hard\libc_nano.a(lib_a-exit.o)
                              d:/gcc-arm-none-eabi/bin/../lib/gcc/arm-none-eabi/10.3.1/../../../../arm-none-eabi/lib/thumb/v7e-m+fp/hard/crt0.o (exit)
d:/gcc-arm-none-eabi/bin/../lib/gcc/arm-none-eabi/10.3.1/../../../../arm-none-eabi/lib/thumb/v7e-m+fp/hard\libc_nano.a(lib_a-impure.o)
                              d:/gcc-arm-none-eabi/bin/../lib/gcc/arm-none-eabi/10.3.1/../../../../arm-none-eabi/lib/thumb/v7e-m+fp/hard\libc_nano.a(lib_a-exit.o) (_global_impure_ptr)
d:/gcc-arm-none-eabi/bin/../lib/gcc/arm-none-eabi/10.3.1/../../../../arm-none-eabi/lib/thumb/v7e-m+fp/hard\libc_nano.a(lib_a-init.o)
                              d:/gcc-arm-none-eabi/bin/../lib/gcc/arm-none-eabi/10.3.1/../../../../arm-none-eabi/lib/thumb/v7e-m+fp/hard/crt0.o (__libc_init_array)
d:/gcc-arm-none-eabi/bin/../lib/gcc/arm-none-eabi/10.3.1/../../../../arm-none-eabi/lib/thumb/v7e-m+fp/hard\libc_nano.a(lib_a-memcpy-stub.o)
                              build/queue.o (memcpy)
d:/gcc-arm-none-eabi/bin/../lib/gcc/arm-none-eabi/10.3.1/../../../../arm-none-eabi/lib/thumb/v7e-m+fp/hard\libc_nano.a(lib_a-memset.o)
                              d:/gcc-arm-none-eabi/bin/../lib/gcc/arm-none-eabi/10.3.1/../../../../arm-none-eabi/lib/thumb/v7e-m+fp/hard/crt0.o (memset)
d:/gcc-arm-none-eabi/bin/../lib/gcc/arm-none-eabi/10.3.1/../../../../arm-none-eabi/lib/thumb/v7e-m+fp/hard\libc_nano.a(lib_a-sprintf.o)
                              build/main.o (sprintf)
d:/gcc-arm-none-eabi/bin/../lib/gcc/arm-none-eabi/10.3.1/../../../../arm-none-eabi/lib/thumb/v7e-m+fp/hard\libc_nano.a(lib_a-strlen.o)
                              build/main.o (strlen)
d:/gcc-arm-none-eabi/bin/../lib/gcc/arm-none-eabi/10.3.1/../../../../arm-none-eabi/lib/thumb/v7e-m+fp/hard\libc_nano.a(lib_a-nano-svfprintf.o)
                              d:/gcc-arm-none-eabi/bin/../lib/gcc/arm-none-eabi/10.3.1/../../../../arm-none-eabi/lib/thumb/v7e-m+fp/hard\libc_nano.a(lib_a-sprintf.o) (_svfprintf_r)
d:/gcc-arm-none-eabi/bin/../lib/gcc/arm-none-eabi/10.3.1/../../../../arm-none-eabi/lib/thumb/v7e-m+fp/hard\libc_nano.a(lib_a-nano-vfprintf_i.o)
                              d:/gcc-arm-none-eabi/bin/../lib/gcc/arm-none-eabi/10.3.1/../../../../arm-none-eabi/lib/thumb/v7e-m+fp/hard\libc_nano.a(lib_a-nano-svfprintf.o) (_printf_i)
d:/gcc-arm-none-eabi/bin/../lib/gcc/arm-none-eabi/10.3.1/../../../../arm-none-eabi/lib/thumb/v7e-m+fp/hard\libc_nano.a(lib_a-memchr.o)
                              d:/gcc-arm-none-eabi/bin/../lib/gcc/arm-none-eabi/10.3.1/../../../../arm-none-eabi/lib/thumb/v7e-m+fp/hard\libc_nano.a(lib_a-nano-svfprintf.o) (memchr)
d:/gcc-arm-none-eabi/bin/../lib/gcc/arm-none-eabi/10.3.1/../../../../arm-none-eabi/lib/thumb/v7e-m+fp/hard\libc_nano.a(lib_a-memmove.o)
                              d:/gcc-arm-none-eabi/bin/../lib/gcc/arm-none-eabi/10.3.1/../../../../arm-none-eabi/lib/thumb/v7e-m+fp/hard\libc_nano.a(lib_a-nano-svfprintf.o) (memmove)
d:/gcc-arm-none-eabi/bin/../lib/gcc/arm-none-eabi/10.3.1/../../../../arm-none-eabi/lib/thumb/v7e-m+fp/hard\libc_nano.a(lib_a-nano-freer.o)
                              d:/gcc-arm-none-eabi/bin/../lib/gcc/arm-none-eabi/10.3.1/../../../../arm-none-eabi/lib/thumb/v7e-m+fp/hard\libc_nano.a(lib_a-nano-svfprintf.o) (_free_r)
d:/gcc-arm-none-eabi/bin/../lib/gcc/arm-none-eabi/10.3.1/../../../../arm-none-eabi/lib/thumb/v7e-m+fp/hard\libc_nano.a(lib_a-nano-mallocr.o)
                              d:/gcc-arm-none-eabi/bin/../lib/gcc/arm-none-eabi/10.3.1/../../../../arm-none-eabi/lib/thumb/v7e-m+fp/hard\libc_nano.a(lib_a-nano-svfprintf.o) (_malloc_r)
d:/gcc-arm-none-eabi/bin/../lib/gcc/arm-none-eabi/10.3.1/../../../../arm-none-eabi/lib/thumb/v7e-m+fp/hard\libc_nano.a(lib_a-nano-reallocr.o)
                              d:/gcc-arm-none-eabi/bin/../lib/gcc/arm-none-eabi/10.3.1/../../../../arm-none-eabi/lib/thumb/v7e-m+fp/hard\libc_nano.a(lib_a-nano-svfprintf.o) (_realloc_r)
d:/gcc-arm-none-eabi/bin/../lib/gcc/arm-none-eabi/10.3.1/../../../../arm-none-eabi/lib/thumb/v7e-m+fp/hard\libc_nano.a(lib_a-sbrkr.o)
                              d:/gcc-arm-none-eabi/bin/../lib/gcc/arm-none-eabi/10.3.1/../../../../arm-none-eabi/lib/thumb/v7e-m+fp/hard\libc_nano.a(lib_a-nano-mallocr.o) (_sbrk_r)
d:/gcc-arm-none-eabi/bin/../lib/gcc/arm-none-eabi/10.3.1/../../../../arm-none-eabi/lib/thumb/v7e-m+fp/hard\libc_nano.a(lib_a-mlock.o)
                              d:/gcc-arm-none-eabi/bin/../lib/gcc/arm-none-eabi/10.3.1/../../../../arm-none-eabi/lib/thumb/v7e-m+fp/hard\libc_nano.a(lib_a-nano-freer.o) (__malloc_lock)
[...]
Memory Configuration

Name             Origin             Length             Attributes
RAM              0x20000000         0x00020000         xrw
CCMRAM           0x10000000         0x00010000         xrw
FLASH            0x08000000         0x00080000         xr
*default*        0x00000000         0xffffffff

Linker script and memory map

LOAD d:/gcc-arm-none-eabi/bin/../lib/gcc/arm-none-eabi/10.3.1/thumb/v7e-m+fp/hard/crti.o
LOAD d:/gcc-arm-none-eabi/bin/../lib/gcc/arm-none-eabi/10.3.1/thumb/v7e-m+fp/hard/crtbegin.o
LOAD d:/gcc-arm-none-eabi/bin/../lib/gcc/arm-none-eabi/10.3.1/../../../../arm-none-eabi/lib/thumb/v7e-m+fp/hard/crt0.o
LOAD build/main.o
LOAD build/gpio.o
LOAD build/uart.o
LOAD build/spi.o
LOAD build/stm32f4xx_it.o
LOAD build/sys_clock.o
LOAD build/system_stm32f4xx.o
LOAD build/sysmem.o
LOAD build/syscalls.o
LOAD build/w25qxx.o
LOAD build/croutine.o
LOAD build/event_groups.o
LOAD build/list.o
LOAD build/queue.o
LOAD build/stream_buffer.o
LOAD build/tasks.o
LOAD build/timers.o
LOAD build/heap_4.o
LOAD build/port.o
LOAD build/startup_stm32f407xx.o
LOAD d:/gcc-arm-none-eabi/bin/../lib/gcc/arm-none-eabi/10.3.1/../../../../arm-none-eabi/lib/thumb/v7e-m+fp/hard\libc_nano.a
LOAD d:/gcc-arm-none-eabi/bin/../lib/gcc/arm-none-eabi/10.3.1/../../../../arm-none-eabi/lib/thumb/v7e-m+fp/hard\libm.a
LOAD d:/gcc-arm-none-eabi/bin/../lib/gcc/arm-none-eabi/10.3.1/../../../../arm-none-eabi/lib/thumb/v7e-m+fp/hard\libnosys.a
START GROUP
LOAD d:/gcc-arm-none-eabi/bin/../lib/gcc/arm-none-eabi/10.3.1/thumb/v7e-m+fp/hard\libgcc.a
LOAD d:/gcc-arm-none-eabi/bin/../lib/gcc/arm-none-eabi/10.3.1/../../../../arm-none-eabi/lib/thumb/v7e-m+fp/hard\libc_nano.a
END GROUP
START GROUP
LOAD d:/gcc-arm-none-eabi/bin/../lib/gcc/arm-none-eabi/10.3.1/thumb/v7e-m+fp/hard\libgcc.a
LOAD d:/gcc-arm-none-eabi/bin/../lib/gcc/arm-none-eabi/10.3.1/../../../../arm-none-eabi/lib/thumb/v7e-m+fp/hard\libc_nano.a
END GROUP
LOAD d:/gcc-arm-none-eabi/bin/../lib/gcc/arm-none-eabi/10.3.1/thumb/v7e-m+fp/hard/crtend.o
LOAD d:/gcc-arm-none-eabi/bin/../lib/gcc/arm-none-eabi/10.3.1/thumb/v7e-m+fp/hard/crtn.o
                0x20020000                _estack = (ORIGIN (RAM) + LENGTH (RAM))
                0x00000200                _Min_Heap_Size = 0x200
                0x00000400                _Min_Stack_Size = 0x400

.isr_vector     0x08000000      0x188
                0x08000000                . = ALIGN (0x4)
 *(.isr_vector)
 .isr_vector    0x08000000      0x188 build/startup_stm32f407xx.o
                0x08000000                g_pfnVectors
                0x08000188                . = ALIGN (0x4)

.text           0x08000190     0x3f4c
                0x08000190                . = ALIGN (0x4)
 *(.text)
 .text          0x08000190       0x40 d:/gcc-arm-none-eabi/bin/../lib/gcc/arm-none-eabi/10.3.1/thumb/v7e-m+fp/hard/crtbegin.o
 .text          0x080001d0       0x10 d:/gcc-arm-none-eabi/bin/../lib/gcc/arm-none-eabi/10.3.1/../../../../arm-none-eabi/lib/thumb/v7e-m+fp/hard\libc_nano.a(lib_a-strlen.o)
                0x080001d0                strlen
 .text          0x080001e0       0xa0 d:/gcc-arm-none-eabi/bin/../lib/gcc/arm-none-eabi/10.3.1/../../../../arm-none-eabi/lib/thumb/v7e-m+fp/hard\libc_nano.a(lib_a-memchr.o)
                0x080001e0                memchr
 *(.text*)
 .text.vTaskLED
                0x08000280       0x40 build/main.o
                0x08000280                vTaskLED
 .text.vTaskFlash_W25
                0x080002c0       0x80 build/main.o
                0x080002c0                vTaskFlash_W25
 .text.main     0x08000340       0x74 build/main.o
                0x08000340                main
 .text.MX_GPIO_Init
                0x080003b4      0x204 build/gpio.o
                0x080003b4                MX_GPIO_Init
 .text.gpio_tog
                0x080005b8       0x3e build/gpio.o
                0x080005b8                gpio_tog
 .text.gpio_write
                0x080005f6       0x4a build/gpio.o
                0x080005f6                gpio_write
 .text.__NVIC_EnableIRQ
                0x08000640       0x3c build/uart.o
 .text.__NVIC_SetPriority
                0x0800067c       0x54 build/uart.o
 .text.NVIC_EncodePriority
                0x080006d0       0x66 build/uart.o
 *fill*         0x08000736        0x2 
 .text.USART1_Init
                0x08000738      0x148 build/uart.o
                0x08000738                USART1_Init
 .text.Usart_Transmit
                0x08000880       0x74 build/uart.o
                0x08000880                Usart_Transmit
 .text.UART1_IRQHandlerRxCallback
                0x080008f4       0x34 build/uart.o
                0x080008f4                UART1_IRQHandlerRxCallback
 .text.TranCompleteITCallback
                0x08000928       0x18 build/uart.o
                0x08000928                TranCompleteITCallback
 .text.UART1_DMA2_RX_IRQHandler
                0x08000940       0x48 build/uart.o
                0x08000940                UART1_DMA2_RX_IRQHandler
 .text.SPI_Init
                0x08000988       0x90 build/spi.o
                0x08000988                SPI_Init
 .text.SPI1_Transmit
                0x08000a18       0x82 build/spi.o
                0x08000a18                SPI1_Transmit
 .text.SPI1_Receive
                0x08000a9a       0x8e build/spi.o
                0x08000a9a                SPI1_Receive
 .text.SPI1_TransmitReceive
                0x08000b28       0xbc build/spi.o
                0x08000b28                SPI1_TransmitReceive
 .text.NMI_Handler
                0x08000be4        0x6 build/stm32f4xx_it.o
                0x08000be4                NMI_Handler
 .text.HardFault_Handler
                0x08000bea        0x6 build/stm32f4xx_it.o
                0x08000bea                HardFault_Handler
 .text.MemManage_Handler
                0x08000bf0        0x6 build/stm32f4xx_it.o
                0x08000bf0                MemManage_Handler
 .text.BusFault_Handler
                0x08000bf6        0x6 build/stm32f4xx_it.o
                0x08000bf6                BusFault_Handler
 .text.UsageFault_Handler
                0x08000bfc        0x6 build/stm32f4xx_it.o
                0x08000bfc                UsageFault_Handler
 .text.DebugMon_Handler
                0x08000c02        0xe build/stm32f4xx_it.o
                0x08000c02                DebugMon_Handler
 .text.TIM2_IRQHandler
                0x08000c10       0x1c build/stm32f4xx_it.o
                0x08000c10                TIM2_IRQHandler
 .text.USART1_IRQHandler
                0x08000c2c        0xc build/stm32f4xx_it.o
                0x08000c2c                USART1_IRQHandler
 .text.DMA2_Stream2_IRQHandler
                0x08000c38        0xc build/stm32f4xx_it.o
                0x08000c38                DMA2_Stream2_IRQHandler
 .text.DMA2_Stream7_IRQHandler
                0x08000c44        0xc build/stm32f4xx_it.o
                0x08000c44                DMA2_Stream7_IRQHandler
 .text.__NVIC_SetPriorityGrouping
                0x08000c50       0x48 build/sys_clock.o
 .text.__NVIC_GetPriorityGrouping
                0x08000c98       0x1c build/sys_clock.o
 .text.__NVIC_EnableIRQ
                0x08000cb4       0x3c build/sys_clock.o
 .text.__NVIC_SetPriority
                0x08000cf0       0x54 build/sys_clock.o
 .text.NVIC_EncodePriority
                0x08000d44       0x66 build/sys_clock.o
 *fill*         0x08000daa        0x2 
 .text.SystemClock_Config
                0x08000dac      0x118 build/sys_clock.o
                0x08000dac                SystemClock_Config
 .text.Init_Tick_Tim
                0x08000ec4       0xb8 build/sys_clock.o
                0x08000ec4                Init_Tick_Tim
 .text.Inc_Tick
                0x08000f7c       0x1c build/sys_clock.o
                0x08000f7c                Inc_Tick
 .text.Get_Tick
                0x08000f98       0x18 build/sys_clock.o
                0x08000f98                Get_Tick
 .text.s_delay  0x08000fb0       0x2a build/sys_clock.o
                0x08000fb0                s_delay
 *fill*         0x08000fda        0x2 
 .text.SystemInit
                0x08000fdc       0x24 build/system_stm32f4xx.o
                0x08000fdc                SystemInit
 .text._sbrk    0x08001000       0x6c build/sysmem.o
                0x08001000                _sbrk
 .text.W25Q_Delay
                0x0800106c       0x16 build/w25qxx.o
                0x0800106c                W25Q_Delay
 *fill*         0x08001082        0x2 
 .text.csLOW    0x08001084       0x18 build/w25qxx.o
                0x08001084                csLOW
 .text.csHIGH   0x0800109c       0x18 build/w25qxx.o
                0x0800109c                csHIGH
 .text.SPI_Write
                0x080010b4       0x24 build/w25qxx.o
                0x080010b4                SPI_Write
 .text.W25Q_Reset
                0x080010d8       0x2e build/w25qxx.o
                0x080010d8                W25Q_Reset
 .text.W25Q_Read_Byte
                0x08001106       0x58 build/w25qxx.o
                0x08001106                W25Q_Read_Byte
 .text.vListInitialise
                0x0800115e       0x40 build/list.o
                0x0800115e                vListInitialise
 .text.vListInitialiseItem
                0x0800119e       0x1a build/list.o
                0x0800119e                vListInitialiseItem
 .text.vListInsert
                0x080011b8       0x72 build/list.o
                0x080011b8                vListInsert
 .text.uxListRemove
                0x0800122a       0x54 build/list.o
                0x0800122a                uxListRemove
 *fill*         0x0800127e        0x2 
 .text.xQueueGenericReset
                0x08001280      0x120 build/queue.o
                0x08001280                xQueueGenericReset
 .text.xQueueGenericCreate
                0x080013a0       0x9c build/queue.o
                0x080013a0                xQueueGenericCreate
 .text.prvInitialiseNewQueue
                0x0800143c       0x46 build/queue.o
 *fill*         0x08001482        0x2 
 .text.xQueueReceive
                0x08001484      0x1c0 build/queue.o
                0x08001484                xQueueReceive
 .text.prvCopyDataFromQueue
                0x08001644       0x4c build/queue.o
 .text.prvUnlockQueue
                0x08001690       0xa4 build/queue.o
 .text.prvIsQueueEmpty
                0x08001734       0x2c build/queue.o
 .text.vQueueAddToRegistry
                0x08001760       0x9c build/queue.o
                0x08001760                vQueueAddToRegistry
 .text.vQueueWaitForMessageRestricted
                0x080017fc       0x68 build/queue.o
                0x080017fc                vQueueWaitForMessageRestricted
 .text.prvCreateTask
                0x08001864       0x78 build/tasks.o
 .text.xTaskCreate
                0x080018dc       0x46 build/tasks.o
                0x080018dc                xTaskCreate
 .text.prvInitialiseNewTask
                0x08001922      0x11c build/tasks.o
 *fill*         0x08001a3e        0x2 
 .text.prvAddNewTaskToReadyList
                0x08001a40      0x134 build/tasks.o
 .text.vTaskDelay
                0x08001b74       0x68 build/tasks.o
                0x08001b74                vTaskDelay
 .text.prvCreateIdleTasks
                0x08001bdc       0x94 build/tasks.o
 .text.vTaskStartScheduler
                0x08001c70       0x88 build/tasks.o
                0x08001c70                vTaskStartScheduler
 .text.vTaskSuspendAll
                0x08001cf8       0x1c build/tasks.o
                0x08001cf8                vTaskSuspendAll
 .text.xTaskResumeAll
                0x08001d14      0x210 build/tasks.o
                0x08001d14                xTaskResumeAll
 .text.xTaskGetTickCount
                0x08001f24       0x20 build/tasks.o
                0x08001f24                xTaskGetTickCount
 .text.xTaskIncrementTick
                0x08001f44      0x234 build/tasks.o
                0x08001f44                xTaskIncrementTick
 .text.vTaskSwitchContext
                0x08002178       0xbc build/tasks.o
                0x08002178                vTaskSwitchContext
 .text.vTaskPlaceOnEventList
                0x08002234       0x48 build/tasks.o
                0x08002234                vTaskPlaceOnEventList
 .text.vTaskPlaceOnEventListRestricted
                0x0800227c       0x8c build/tasks.o
                0x0800227c                vTaskPlaceOnEventListRestricted
 .text.xTaskRemoveFromEventList
                0x08002308      0x1b4 build/tasks.o
                0x08002308                xTaskRemoveFromEventList
 .text.vTaskInternalSetTimeOutState
                0x080024bc       0x2c build/tasks.o
                0x080024bc                vTaskInternalSetTimeOutState
 .text.xTaskCheckForTimeOut
                0x080024e8       0xcc build/tasks.o
                0x080024e8                xTaskCheckForTimeOut
 .text.vTaskMissedYield
                0x080025b4       0x18 build/tasks.o
                0x080025b4                vTaskMissedYield
 .text.prvIdleTask
                0x080025cc       0x30 build/tasks.o
 .text.prvInitialiseTaskLists
                0x080025fc       0x80 build/tasks.o
 .text.prvCheckTasksWaitingTermination
                0x0800267c       0x5c build/tasks.o
 .text.prvDeleteTCB
                0x080026d8       0x20 build/tasks.o
 .text.prvResetNextTaskUnblockTime
                0x080026f8       0x38 build/tasks.o
 .text.xTaskGetSchedulerState
                0x08002730       0x3c build/tasks.o
                0x08002730                xTaskGetSchedulerState
 .text.prvAddCurrentTaskToDelayedList
                0x0800276c       0xe0 build/tasks.o
 .text.xTimerCreateTimerTask
                0x0800284c       0x64 build/timers.o
                0x0800284c                xTimerCreateTimerTask
 .text.prvReloadTimer
                0x080028b0       0x42 build/timers.o
 *fill*         0x080028f2        0x2 
 .text.prvProcessExpiredTimer
                0x080028f4       0x60 build/timers.o
 .text.prvTimerTask
                0x08002954       0x24 build/timers.o
 .text.prvProcessTimerOrBlockTask
                0x08002978       0x9c build/timers.o
 .text.prvGetNextExpireTime
                0x08002a14       0x48 build/timers.o
 .text.prvSampleTimeNow
                0x08002a5c       0x40 build/timers.o
 .text.prvInsertTimerInActiveList
                0x08002a9c       0x84 build/timers.o
 .text.prvProcessReceivedCommands
                0x08002b20      0x1c0 build/timers.o
 .text.prvSwitchTimerLists
                0x08002ce0       0x4c build/timers.o
 .text.prvCheckForValidListAndQueue
                0x08002d2c       0x6c build/timers.o
 .text.pvPortMalloc
                0x08002d98      0x260 build/heap_4.o
                0x08002d98                pvPortMalloc
 .text.vPortFree
                0x08002ff8       0xf0 build/heap_4.o
                0x08002ff8                vPortFree
 .text.prvHeapInit
                0x080030e8       0xb4 build/heap_4.o
 .text.prvInsertBlockIntoFreeList
                0x0800319c       0xf4 build/heap_4.o
 .text.pxPortInitialiseStack
                0x08003290       0x68 build/port.o
                0x08003290                pxPortInitialiseStack
 .text.prvTaskExitError
                0x080032f8       0x58 build/port.o
 .text.SVC_Handler
                0x08003350       0x24 build/port.o
                0x08003350                SVC_Handler
 .text.prvPortStartFirstTask
                0x08003374       0x2c build/port.o
 .text.xPortStartScheduler
                0x080033a0      0x1d4 build/port.o
                0x080033a0                xPortStartScheduler
 .text.vPortEnterCritical
                0x08003574       0x60 build/port.o
                0x08003574                vPortEnterCritical
 .text.vPortExitCritical
                0x080035d4       0x54 build/port.o
                0x080035d4                vPortExitCritical
 .text.PendSV_Handler
                0x08003628       0x64 build/port.o
                0x08003628                PendSV_Handler
 .text.SysTick_Handler
                0x0800368c       0x44 build/port.o
                0x0800368c                SysTick_Handler
 .text.vPortSetupTimerInterrupt
                0x080036d0       0x48 build/port.o
                0x080036d0                vPortSetupTimerInterrupt
 .text.vPortEnableVFP
                0x08003718       0x18 build/port.o
 .text.Reset_Handler
                0x08003730       0x50 build/startup_stm32f407xx.o
                0x08003730                Reset_Handler
 .text.Default_Handler
                0x08003780        0x2 build/startup_stm32f407xx.o
                0x08003780                RTC_Alarm_IRQHandler
                0x08003780                HASH_RNG_IRQHandler
                0x08003780                EXTI2_IRQHandler
                0x08003780                TIM8_CC_IRQHandler
                0x08003780                TIM1_CC_IRQHandler
                0x08003780                DMA2_Stream5_IRQHandler
                0x08003780                DMA1_Stream5_IRQHandler
                0x08003780                PVD_IRQHandler
                0x08003780                SDIO_IRQHandler
                0x08003780                TAMP_STAMP_IRQHandler
                0x08003780                CAN2_RX1_IRQHandler
                0x08003780                EXTI3_IRQHandler
                0x08003780                TIM8_TRG_COM_TIM14_IRQHandler
                0x08003780                TIM1_UP_TIM10_IRQHandler
                0x08003780                TIM8_UP_TIM13_IRQHandler
                0x08003780                I2C3_ER_IRQHandler
                0x08003780                EXTI0_IRQHandler
                0x08003780                I2C2_EV_IRQHandler
                0x08003780                DMA1_Stream2_IRQHandler
                0x08003780                CAN1_RX0_IRQHandler
                0x08003780                FPU_IRQHandler
                0x08003780                OTG_HS_WKUP_IRQHandler
                0x08003780                CAN2_SCE_IRQHandler
                0x08003780                SPI1_IRQHandler
                0x08003780                TIM6_DAC_IRQHandler
                0x08003780                TIM1_BRK_TIM9_IRQHandler
                0x08003780                DCMI_IRQHandler
                0x08003780                CAN2_RX0_IRQHandler
                0x08003780                DMA2_Stream3_IRQHandler
                0x08003780                USART6_IRQHandler
                0x08003780                USART3_IRQHandler
                0x08003780                CAN1_RX1_IRQHandler
                0x08003780                UART5_IRQHandler
                0x08003780                DMA2_Stream0_IRQHandler
                0x08003780                TIM4_IRQHandler
                0x08003780                I2C1_EV_IRQHandler
                0x08003780                DMA1_Stream6_IRQHandler
                0x08003780                DMA1_Stream1_IRQHandler
                0x08003780                UART4_IRQHandler
                0x08003780                TIM3_IRQHandler
                0x08003780                RCC_IRQHandler
                0x08003780                TIM8_BRK_TIM12_IRQHandler
                0x08003780                Default_Handler
                0x08003780                EXTI15_10_IRQHandler
                0x08003780                ADC_IRQHandler
                0x08003780                DMA1_Stream7_IRQHandler
                0x08003780                TIM7_IRQHandler
                0x08003780                CAN2_TX_IRQHandler
                0x08003780                TIM5_IRQHandler
                0x08003780                I2C3_EV_IRQHandler
                0x08003780                EXTI9_5_IRQHandler
                0x08003780                RTC_WKUP_IRQHandler
                0x08003780                ETH_WKUP_IRQHandler
                0x08003780                SPI2_IRQHandler
                0x08003780                OTG_HS_EP1_IN_IRQHandler
                0x08003780                DMA1_Stream0_IRQHandler
                0x08003780                CAN1_TX_IRQHandler
                0x08003780                EXTI4_IRQHandler
                0x08003780                FSMC_IRQHandler
                0x08003780                ETH_IRQHandler
                0x08003780                OTG_HS_EP1_OUT_IRQHandler
                0x08003780                WWDG_IRQHandler
                0x08003780                OTG_FS_WKUP_IRQHandler
                0x08003780                TIM1_TRG_COM_TIM11_IRQHandler
                0x08003780                OTG_HS_IRQHandler
                0x08003780                EXTI1_IRQHandler
                0x08003780                USART2_IRQHandler
                0x08003780                I2C2_ER_IRQHandler
                0x08003780                DMA2_Stream1_IRQHandler
                0x08003780                CAN1_SCE_IRQHandler
                0x08003780                FLASH_IRQHandler
                0x08003780                DMA2_Stream4_IRQHandler
                0x08003780                OTG_FS_IRQHandler
                0x08003780                SPI3_IRQHandler
                0x08003780                DMA1_Stream4_IRQHandler
                0x08003780                I2C1_ER_IRQHandler
                0x08003780                DMA2_Stream6_IRQHandler
                0x08003780                DMA1_Stream3_IRQHandler
 *fill*         0x08003782        0x2 
 .text.__errno  0x08003784        0xc d:/gcc-arm-none-eabi/bin/../lib/gcc/arm-none-eabi/10.3.1/../../../../arm-none-eabi/lib/thumb/v7e-m+fp/hard\libc_nano.a(lib_a-errno.o)
                0x08003784                __errno
 .text.__libc_init_array
                0x08003790       0x48 d:/gcc-arm-none-eabi/bin/../lib/gcc/arm-none-eabi/10.3.1/../../../../arm-none-eabi/lib/thumb/v7e-m+fp/hard\libc_nano.a(lib_a-init.o)
                0x08003790                __libc_init_array
 .text.memcpy   0x080037d8       0x1c d:/gcc-arm-none-eabi/bin/../lib/gcc/arm-none-eabi/10.3.1/../../../../arm-none-eabi/lib/thumb/v7e-m+fp/hard\libc_nano.a(lib_a-memcpy-stub.o)
                0x080037d8                memcpy
 .text.memset   0x080037f4       0x10 d:/gcc-arm-none-eabi/bin/../lib/gcc/arm-none-eabi/10.3.1/../../../../arm-none-eabi/lib/thumb/v7e-m+fp/hard\libc_nano.a(lib_a-memset.o)
                0x080037f4                memset
 .text.sprintf  0x08003804       0x40 d:/gcc-arm-none-eabi/bin/../lib/gcc/arm-none-eabi/10.3.1/../../../../arm-none-eabi/lib/thumb/v7e-m+fp/hard\libc_nano.a(lib_a-sprintf.o)
                0x08003804                siprintf
                0x08003804                sprintf
 .text.__ssputs_r
                0x08003844       0xb6 d:/gcc-arm-none-eabi/bin/../lib/gcc/arm-none-eabi/10.3.1/../../../../arm-none-eabi/lib/thumb/v7e-m+fp/hard\libc_nano.a(lib_a-nano-svfprintf.o)
                0x08003844                __ssputs_r
 *fill*         0x080038fa        0x2 
 .text._svfprintf_r
                0x080038fc      0x200 d:/gcc-arm-none-eabi/bin/../lib/gcc/arm-none-eabi/10.3.1/../../../../arm-none-eabi/lib/thumb/v7e-m+fp/hard\libc_nano.a(lib_a-nano-svfprintf.o)
                0x080038fc                _svfiprintf_r
                0x080038fc                _svfprintf_r
 .text._printf_common
                0x08003afc       0xda d:/gcc-arm-none-eabi/bin/../lib/gcc/arm-none-eabi/10.3.1/../../../../arm-none-eabi/lib/thumb/v7e-m+fp/hard\libc_nano.a(lib_a-nano-vfprintf_i.o)
                0x08003afc                _printf_common
 *fill*         0x08003bd6        0x2 
 .text._printf_i
                0x08003bd8      0x24c d:/gcc-arm-none-eabi/bin/../lib/gcc/arm-none-eabi/10.3.1/../../../../arm-none-eabi/lib/thumb/v7e-m+fp/hard\libc_nano.a(lib_a-nano-vfprintf_i.o)
                0x08003bd8                _printf_i
 .text.memmove  0x08003e24       0x34 d:/gcc-arm-none-eabi/bin/../lib/gcc/arm-none-eabi/10.3.1/../../../../arm-none-eabi/lib/thumb/v7e-m+fp/hard\libc_nano.a(lib_a-memmove.o)
                0x08003e24                memmove
 .text._free_r  0x08003e58       0x98 d:/gcc-arm-none-eabi/bin/../lib/gcc/arm-none-eabi/10.3.1/../../../../arm-none-eabi/lib/thumb/v7e-m+fp/hard\libc_nano.a(lib_a-nano-freer.o)
                0x08003e58                _free_r
 .text.sbrk_aligned
                0x08003ef0       0x40 d:/gcc-arm-none-eabi/bin/../lib/gcc/arm-none-eabi/10.3.1/../../../../arm-none-eabi/lib/thumb/v7e-m+fp/hard\libc_nano.a(lib_a-nano-mallocr.o)
 .text._malloc_r
                0x08003f30       0xe8 d:/gcc-arm-none-eabi/bin/../lib/gcc/arm-none-eabi/10.3.1/../../../../arm-none-eabi/lib/thumb/v7e-m+fp/hard\libc_nano.a(lib_a-nano-mallocr.o)
                0x08003f30                _malloc_r
 .text._realloc_r
                0x08004018       0x5e d:/gcc-arm-none-eabi/bin/../lib/gcc/arm-none-eabi/10.3.1/../../../../arm-none-eabi/lib/thumb/v7e-m+fp/hard\libc_nano.a(lib_a-nano-reallocr.o)
                0x08004018                _realloc_r
 *fill*         0x08004076        0x2 
 .text._sbrk_r  0x08004078       0x20 d:/gcc-arm-none-eabi/bin/../lib/gcc/arm-none-eabi/10.3.1/../../../../arm-none-eabi/lib/thumb/v7e-m+fp/hard\libc_nano.a(lib_a-sbrkr.o)
                0x08004078                _sbrk_r
 .text.__malloc_lock
                0x08004098        0xc d:/gcc-arm-none-eabi/bin/../lib/gcc/arm-none-eabi/10.3.1/../../../../arm-none-eabi/lib/thumb/v7e-m+fp/hard\libc_nano.a(lib_a-mlock.o)
                0x08004098                __malloc_lock
 .text.__malloc_unlock
                0x080040a4        0xc d:/gcc-arm-none-eabi/bin/../lib/gcc/arm-none-eabi/10.3.1/../../../../arm-none-eabi/lib/thumb/v7e-m+fp/hard\libc_nano.a(lib_a-mlock.o)
                0x080040a4                __malloc_unlock
 .text._malloc_usable_size_r
                0x080040b0       0x10 d:/gcc-arm-none-eabi/bin/../lib/gcc/arm-none-eabi/10.3.1/../../../../arm-none-eabi/lib/thumb/v7e-m+fp/hard\libc_nano.a(lib_a-nano-msizer.o)
                0x080040b0                _malloc_usable_size_r
 .text.__retarget_lock_acquire_recursive
                0x080040c0        0x2 d:/gcc-arm-none-eabi/bin/../lib/gcc/arm-none-eabi/10.3.1/../../../../arm-none-eabi/lib/thumb/v7e-m+fp/hard\libc_nano.a(lib_a-lock.o)
                0x080040c0                __retarget_lock_acquire_recursive
 .text.__retarget_lock_release_recursive
                0x080040c2        0x2 d:/gcc-arm-none-eabi/bin/../lib/gcc/arm-none-eabi/10.3.1/../../../../arm-none-eabi/lib/thumb/v7e-m+fp/hard\libc_nano.a(lib_a-lock.o)
                0x080040c2                __retarget_lock_release_recursive
 *(.glue_7)
 .glue_7        0x080040c4        0x0 linker stubs
 *(.glue_7t)
 .glue_7t       0x080040c4        0x0 linker stubs
 *(.eh_frame)
 .eh_frame      0x080040c4        0x0 d:/gcc-arm-none-eabi/bin/../lib/gcc/arm-none-eabi/10.3.1/thumb/v7e-m+fp/hard/crtbegin.o
 *(.init)
 .init          0x080040c4        0x4 d:/gcc-arm-none-eabi/bin/../lib/gcc/arm-none-eabi/10.3.1/thumb/v7e-m+fp/hard/crti.o
                0x080040c4                _init
 .init          0x080040c8        0x8 d:/gcc-arm-none-eabi/bin/../lib/gcc/arm-none-eabi/10.3.1/thumb/v7e-m+fp/hard/crtn.o
 *(.fini)
 .fini          0x080040d0        0x4 d:/gcc-arm-none-eabi/bin/../lib/gcc/arm-none-eabi/10.3.1/thumb/v7e-m+fp/hard/crti.o
                0x080040d0                _fini
 .fini          0x080040d4        0x8 d:/gcc-arm-none-eabi/bin/../lib/gcc/arm-none-eabi/10.3.1/thumb/v7e-m+fp/hard/crtn.o
                0x080040dc                . = ALIGN (0x4)
                0x080040dc                _etext = .

.vfp11_veneer   0x080040dc        0x0
 .vfp11_veneer  0x080040dc        0x0 linker stubs

.v4_bx          0x080040dc        0x0
 .v4_bx         0x080040dc        0x0 linker stubs

.iplt           0x080040dc        0x0
 .iplt          0x080040dc        0x0 d:/gcc-arm-none-eabi/bin/../lib/gcc/arm-none-eabi/10.3.1/thumb/v7e-m+fp/hard/crtbegin.o

.rodata         0x080040dc       0x8c
                0x080040dc                . = ALIGN (0x4)
 *(.rodata)
 .rodata        0x080040dc       0x43 build/main.o
 *fill*         0x0800411f        0x1 
 .rodata        0x08004120        0x5 build/tasks.o
 *fill*         0x08004125        0x3 
 .rodata        0x08004128        0xd build/timers.o
 *(.rodata*)
 .rodata._svfprintf_r.str1.1
                0x08004135       0x11 d:/gcc-arm-none-eabi/bin/../lib/gcc/arm-none-eabi/10.3.1/../../../../arm-none-eabi/lib/thumb/v7e-m+fp/hard\libc_nano.a(lib_a-nano-svfprintf.o)
 .rodata._printf_i.str1.1
                0x08004146       0x22 d:/gcc-arm-none-eabi/bin/../lib/gcc/arm-none-eabi/10.3.1/../../../../arm-none-eabi/lib/thumb/v7e-m+fp/hard\libc_nano.a(lib_a-nano-vfprintf_i.o)
                0x08004168                . = ALIGN (0x4)

.rel.dyn        0x08004168        0x0
 .rel.iplt      0x08004168        0x0 d:/gcc-arm-none-eabi/bin/../lib/gcc/arm-none-eabi/10.3.1/thumb/v7e-m+fp/hard/crtbegin.o

.ARM.extab
 *(.ARM.extab* .gnu.linkonce.armextab.*)

.ARM            0x08004168        0x0
                0x08004168                __exidx_start = .
 *(.ARM.exidx*)
                0x08004168                __exidx_end = .

.preinit_array  0x08004168        0x0
                0x08004168                PROVIDE (__preinit_array_start = .)
 *(.preinit_array*)
                0x08004168                PROVIDE (__preinit_array_end = .)

.init_array     0x08004168        0x4
                0x08004168                PROVIDE (__init_array_start = .)
 *(SORT_BY_NAME(.init_array.*))
 *(.init_array*)
 .init_array    0x08004168        0x4 d:/gcc-arm-none-eabi/bin/../lib/gcc/arm-none-eabi/10.3.1/thumb/v7e-m+fp/hard/crtbegin.o
                0x0800416c                PROVIDE (__init_array_end = .)

.fini_array     0x0800416c        0x4
                [!provide]                PROVIDE (__fini_array_start = .)
 *(SORT_BY_NAME(.fini_array.*))
 *(.fini_array*)
 .fini_array    0x0800416c        0x4 d:/gcc-arm-none-eabi/bin/../lib/gcc/arm-none-eabi/10.3.1/thumb/v7e-m+fp/hard/crtbegin.o
                [!provide]                PROVIDE (__fini_array_end = .)
                0x08004170                _sidata = LOADADDR (.data)

.data           0x20000000       0x70 load address 0x08004170
                0x20000000                . = ALIGN (0x4)
                0x20000000                _sdata = .
 *(.data)
 *(.data*)
 .data.SystemCoreClock
                0x20000000        0x4 build/system_stm32f4xx.o
                0x20000000                SystemCoreClock
 .data.uxTopUsedPriority
                0x20000004        0x4 build/tasks.o
 .data.uxCriticalNesting
                0x20000008        0x4 build/port.o
 .data._impure_ptr
                0x2000000c        0x4 d:/gcc-arm-none-eabi/bin/../lib/gcc/arm-none-eabi/10.3.1/../../../../arm-none-eabi/lib/thumb/v7e-m+fp/hard\libc_nano.a(lib_a-impure.o)
                0x2000000c                _impure_ptr
 .data.impure_data
                0x20000010       0x60 d:/gcc-arm-none-eabi/bin/../lib/gcc/arm-none-eabi/10.3.1/../../../../arm-none-eabi/lib/thumb/v7e-m+fp/hard\libc_nano.a(lib_a-impure.o)
                0x20000070                . = ALIGN (0x4)
                0x20000070                _edata = .
                0x080041e0                _siccmram = LOADADDR (.ccmram)

.igot.plt       0x20000070        0x0 load address 0x080041e0
 .igot.plt      0x20000070        0x0 d:/gcc-arm-none-eabi/bin/../lib/gcc/arm-none-eabi/10.3.1/thumb/v7e-m+fp/hard/crtbegin.o

.ccmram         0x10000000        0x0 load address 0x080041e0
                0x10000000                . = ALIGN (0x4)
                0x10000000                _sccmram = .
 *(.ccmram)
 *(.ccmram*)
                0x10000000                . = ALIGN (0x4)
                0x10000000                _eccmram = .
                0x10000000                . = ALIGN (0x4)

.bss            0x20000070     0x41dc
                0x20000070                _sbss = .
                0x20000070                __bss_start__ = _sbss
 *(.bss)
 .bss           0x20000070       0x1c d:/gcc-arm-none-eabi/bin/../lib/gcc/arm-none-eabi/10.3.1/thumb/v7e-m+fp/hard/crtbegin.o
 *(.bss*)
 .bss._posdata  0x2000008c        0x6 build/uart.o
                0x2000008c                _posdata
 *fill*         0x20000092        0x2 
 .bss.Count_Tick
                0x20000094        0x4 build/sys_clock.o
                0x20000094                Count_Tick
 .bss.__sbrk_heap_end
                0x20000098        0x4 build/sysmem.o
 .bss.xQueueRegistry
                0x2000009c       0x40 build/queue.o
                0x2000009c                xQueueRegistry
 .bss.pxCurrentTCB
                0x200000dc        0x4 build/tasks.o
                0x200000dc                pxCurrentTCB
 .bss.pxReadyTasksLists
                0x200000e0      0x460 build/tasks.o
 .bss.xDelayedTaskList1
                0x20000540       0x14 build/tasks.o
 .bss.xDelayedTaskList2
                0x20000554       0x14 build/tasks.o
 .bss.pxDelayedTaskList
                0x20000568        0x4 build/tasks.o
 .bss.pxOverflowDelayedTaskList
                0x2000056c        0x4 build/tasks.o
 .bss.xPendingReadyList
                0x20000570       0x14 build/tasks.o
 .bss.xTasksWaitingTermination
                0x20000584       0x14 build/tasks.o
 .bss.uxDeletedTasksWaitingCleanUp
                0x20000598        0x4 build/tasks.o
 .bss.xSuspendedTaskList
                0x2000059c       0x14 build/tasks.o
 .bss.uxCurrentNumberOfTasks
                0x200005b0        0x4 build/tasks.o
 .bss.xTickCount
                0x200005b4        0x4 build/tasks.o
 .bss.uxTopReadyPriority
                0x200005b8        0x4 build/tasks.o
 .bss.xSchedulerRunning
                0x200005bc        0x4 build/tasks.o
 .bss.xPendedTicks
                0x200005c0        0x4 build/tasks.o
 .bss.xYieldPendings
                0x200005c4        0x4 build/tasks.o
 .bss.xNumOfOverflows
                0x200005c8        0x4 build/tasks.o
 .bss.uxTaskNumber
                0x200005cc        0x4 build/tasks.o
 .bss.xNextTaskUnblockTime
                0x200005d0        0x4 build/tasks.o
 .bss.xIdleTaskHandles
                0x200005d4        0x4 build/tasks.o
 .bss.uxSchedulerSuspended
                0x200005d8        0x4 build/tasks.o
 .bss.xActiveTimerList1
                0x200005dc       0x14 build/timers.o
 .bss.xActiveTimerList2
                0x200005f0       0x14 build/timers.o
 .bss.pxCurrentTimerList
                0x20000604        0x4 build/timers.o
 .bss.pxOverflowTimerList
                0x20000608        0x4 build/timers.o
 .bss.xTimerQueue
                0x2000060c        0x4 build/timers.o
 .bss.xTimerTaskHandle
                0x20000610        0x4 build/timers.o
 .bss.xLastTime.0
                0x20000614        0x4 build/timers.o
 .bss.ucHeap    0x20000618     0x3c00 build/heap_4.o
 .bss.xStart    0x20004218        0x8 build/heap_4.o
 .bss.pxEnd     0x20004220        0x4 build/heap_4.o
 .bss.xFreeBytesRemaining
                0x20004224        0x4 build/heap_4.o
 .bss.xMinimumEverFreeBytesRemaining
                0x20004228        0x4 build/heap_4.o
 .bss.xNumberOfSuccessfulAllocations
                0x2000422c        0x4 build/heap_4.o
 .bss.xNumberOfSuccessfulFrees
                0x20004230        0x4 build/heap_4.o
 .bss.ucMaxSysCallPriority
                0x20004234        0x1 build/port.o
 *fill*         0x20004235        0x3 
 .bss.ulMaxPRIGROUPValue
                0x20004238        0x4 build/port.o
 .bss.__malloc_free_list
                0x2000423c        0x4 d:/gcc-arm-none-eabi/bin/../lib/gcc/arm-none-eabi/10.3.1/../../../../arm-none-eabi/lib/thumb/v7e-m+fp/hard\libc_nano.a(lib_a-nano-mallocr.o)
                0x2000423c                __malloc_free_list
 .bss.__malloc_sbrk_start
                0x20004240        0x4 d:/gcc-arm-none-eabi/bin/../lib/gcc/arm-none-eabi/10.3.1/../../../../arm-none-eabi/lib/thumb/v7e-m+fp/hard\libc_nano.a(lib_a-nano-mallocr.o)
                0x20004240                __malloc_sbrk_start
 .bss.errno     0x20004244        0x4 d:/gcc-arm-none-eabi/bin/../lib/gcc/arm-none-eabi/10.3.1/../../../../arm-none-eabi/lib/thumb/v7e-m+fp/hard\libc_nano.a(lib_a-reent.o)
                0x20004244                errno
 .bss.__lock___malloc_recursive_mutex
                0x20004248        0x1 d:/gcc-arm-none-eabi/bin/../lib/gcc/arm-none-eabi/10.3.1/../../../../arm-none-eabi/lib/thumb/v7e-m+fp/hard\libc_nano.a(lib_a-lock.o)
                0x20004248                __lock___malloc_recursive_mutex
 *(COMMON)
                0x2000424c                . = ALIGN (0x4)
 *fill*         0x20004249        0x3 
                0x2000424c                _ebss = .
                0x2000424c                __bss_end__ = _ebss

._user_heap_stack
                0x2000424c      0x604
                0x20004250                . = ALIGN (0x8)
 *fill*         0x2000424c        0x4 
                [!provide]                PROVIDE (end = .)
                0x20004250                PROVIDE (_end = .)
                0x20004450                . = (. + _Min_Heap_Size)
 *fill*         0x20004250      0x200 
                0x20004850                . = (. + _Min_Stack_Size)
 *fill*         0x20004450      0x400 
                0x20004850                . = ALIGN (0x8)

/DISCARD/
 libc.a(*)
 libm.a(*)
 libgcc.a(*)

.ARM.attributes
                0x00000000       0x30
 *(.ARM.attributes)
 .ARM.attributes
                0x00000000       0x1e d:/gcc-arm-none-eabi/bin/../lib/gcc/arm-none-eabi/10.3.1/thumb/v7e-m+fp/hard/crti.o
 .ARM.attributes
                0x0000001e       0x34 d:/gcc-arm-none-eabi/bin/../lib/gcc/arm-none-eabi/10.3.1/thumb/v7e-m+fp/hard/crtbegin.o
 .ARM.attributes
                0x00000052       0x34 build/main.o
 .ARM.attributes
                0x00000086       0x34 build/gpio.o
 .ARM.attributes
                0x000000ba       0x34 build/uart.o
 .ARM.attributes
                0x000000ee       0x34 build/spi.o
 .ARM.attributes
                0x00000122       0x34 build/stm32f4xx_it.o
 .ARM.attributes
                0x00000156       0x34 build/sys_clock.o
 .ARM.attributes
                0x0000018a       0x34 build/system_stm32f4xx.o
 .ARM.attributes
                0x000001be       0x34 build/sysmem.o
 .ARM.attributes
                0x000001f2       0x34 build/w25qxx.o
 .ARM.attributes
                0x00000226       0x34 build/list.o
 .ARM.attributes
                0x0000025a       0x34 build/queue.o
 .ARM.attributes
                0x0000028e       0x34 build/tasks.o
 .ARM.attributes
                0x000002c2       0x34 build/timers.o
 .ARM.attributes
                0x000002f6       0x34 build/heap_4.o
 .ARM.attributes
                0x0000032a       0x34 build/port.o
 .ARM.attributes
                0x0000035e       0x21 build/startup_stm32f407xx.o
 .ARM.attributes
                0x0000037f       0x34 d:/gcc-arm-none-eabi/bin/../lib/gcc/arm-none-eabi/10.3.1/../../../../arm-none-eabi/lib/thumb/v7e-m+fp/hard\libc_nano.a(lib_a-errno.o)
 .ARM.attributes
                0x000003b3       0x34 d:/gcc-arm-none-eabi/bin/../lib/gcc/arm-none-eabi/10.3.1/../../../../arm-none-eabi/lib/thumb/v7e-m+fp/hard\libc_nano.a(lib_a-impure.o)
 .ARM.attributes
                0x000003e7       0x34 d:/gcc-arm-none-eabi/bin/../lib/gcc/arm-none-eabi/10.3.1/../../../../arm-none-eabi/lib/thumb/v7e-m+fp/hard\libc_nano.a(lib_a-init.o)
 .ARM.attributes
                0x0000041b       0x34 d:/gcc-arm-none-eabi/bin/../lib/gcc/arm-none-eabi/10.3.1/../../../../arm-none-eabi/lib/thumb/v7e-m+fp/hard\libc_nano.a(lib_a-memcpy-stub.o)
 .ARM.attributes
                0x0000044f       0x34 d:/gcc-arm-none-eabi/bin/../lib/gcc/arm-none-eabi/10.3.1/../../../../arm-none-eabi/lib/thumb/v7e-m+fp/hard\libc_nano.a(lib_a-memset.o)
 .ARM.attributes
                0x00000483       0x34 d:/gcc-arm-none-eabi/bin/../lib/gcc/arm-none-eabi/10.3.1/../../../../arm-none-eabi/lib/thumb/v7e-m+fp/hard\libc_nano.a(lib_a-sprintf.o)
 .ARM.attributes
                0x000004b7       0x17 d:/gcc-arm-none-eabi/bin/../lib/gcc/arm-none-eabi/10.3.1/../../../../arm-none-eabi/lib/thumb/v7e-m+fp/hard\libc_nano.a(lib_a-strlen.o)
 .ARM.attributes
                0x000004ce       0x34 d:/gcc-arm-none-eabi/bin/../lib/gcc/arm-none-eabi/10.3.1/../../../../arm-none-eabi/lib/thumb/v7e-m+fp/hard\libc_nano.a(lib_a-nano-svfprintf.o)
 .ARM.attributes
                0x00000502       0x34 d:/gcc-arm-none-eabi/bin/../lib/gcc/arm-none-eabi/10.3.1/../../../../arm-none-eabi/lib/thumb/v7e-m+fp/hard\libc_nano.a(lib_a-nano-vfprintf_i.o)
 .ARM.attributes
                0x00000536       0x1c d:/gcc-arm-none-eabi/bin/../lib/gcc/arm-none-eabi/10.3.1/../../../../arm-none-eabi/lib/thumb/v7e-m+fp/hard\libc_nano.a(lib_a-memchr.o)
 .ARM.attributes
                0x00000552       0x34 d:/gcc-arm-none-eabi/bin/../lib/gcc/arm-none-eabi/10.3.1/../../../../arm-none-eabi/lib/thumb/v7e-m+fp/hard\libc_nano.a(lib_a-memmove.o)
 .ARM.attributes
                0x00000586       0x34 d:/gcc-arm-none-eabi/bin/../lib/gcc/arm-none-eabi/10.3.1/../../../../arm-none-eabi/lib/thumb/v7e-m+fp/hard\libc_nano.a(lib_a-nano-freer.o)
 .ARM.attributes
                0x000005ba       0x34 d:/gcc-arm-none-eabi/bin/../lib/gcc/arm-none-eabi/10.3.1/../../../../arm-none-eabi/lib/thumb/v7e-m+fp/hard\libc_nano.a(lib_a-nano-mallocr.o)
 .ARM.attributes
                0x000005ee       0x34 d:/gcc-arm-none-eabi/bin/../lib/gcc/arm-none-eabi/10.3.1/../../../../arm-none-eabi/lib/thumb/v7e-m+fp/hard\libc_nano.a(lib_a-nano-reallocr.o)
 .ARM.attributes
                0x00000622       0x34 d:/gcc-arm-none-eabi/bin/../lib/gcc/arm-none-eabi/10.3.1/../../../../arm-none-eabi/lib/thumb/v7e-m+fp/hard\libc_nano.a(lib_a-sbrkr.o)
 .ARM.attributes
                0x00000656       0x34 d:/gcc-arm-none-eabi/bin/../lib/gcc/arm-none-eabi/10.3.1/../../../../arm-none-eabi/lib/thumb/v7e-m+fp/hard\libc_nano.a(lib_a-mlock.o)
 .ARM.attributes
                0x0000068a       0x34 d:/gcc-arm-none-eabi/bin/../lib/gcc/arm-none-eabi/10.3.1/../../../../arm-none-eabi/lib/thumb/v7e-m+fp/hard\libc_nano.a(lib_a-nano-msizer.o)
 .ARM.attributes
                0x000006be       0x34 d:/gcc-arm-none-eabi/bin/../lib/gcc/arm-none-eabi/10.3.1/../../../../arm-none-eabi/lib/thumb/v7e-m+fp/hard\libc_nano.a(lib_a-reent.o)
 .ARM.attributes
                0x000006f2       0x34 d:/gcc-arm-none-eabi/bin/../lib/gcc/arm-none-eabi/10.3.1/../../../../arm-none-eabi/lib/thumb/v7e-m+fp/hard\libc_nano.a(lib_a-lock.o)
 .ARM.attributes
                0x00000726       0x1e d:/gcc-arm-none-eabi/bin/../lib/gcc/arm-none-eabi/10.3.1/thumb/v7e-m+fp/hard/crtn.o
OUTPUT(build/stm32_registers.elf elf32-littlearm)
LOAD linker stubs
LOAD d:/gcc-arm-none-eabi/bin/../lib/gcc/arm-none-eabi/10.3.1/../../../../arm-none-eabi/lib/thumb/v7e-m+fp/hard\libc.a
LOAD d:/gcc-arm-none-eabi/bin/../lib/gcc/arm-none-eabi/10.3.1/../../../../arm-none-eabi/lib/thumb/v7e-m+fp/hard\libm.a
LOAD d:/gcc-arm-none-eabi/bin/../lib/gcc/arm-none-eabi/10.3.1/thumb/v7e-m+fp/hard\libgcc.a

.comment        0x00000000       0x49
 .comment       0x00000000       0x49 build/main.o
                                 0x4a (size before relaxing)
 .comment       0x00000049       0x4a build/gpio.o
 .comment       0x00000049       0x4a build/uart.o
 .comment       0x00000049       0x4a build/spi.o
 .comment       0x00000049       0x4a build/stm32f4xx_it.o
 .comment       0x00000049       0x4a build/sys_clock.o
 .comment       0x00000049       0x4a build/system_stm32f4xx.o
 .comment       0x00000049       0x4a build/sysmem.o
 .comment       0x00000049       0x4a build/w25qxx.o
 .comment       0x00000049       0x4a build/list.o
 .comment       0x00000049       0x4a build/queue.o
 .comment       0x00000049       0x4a build/tasks.o
 .comment       0x00000049       0x4a build/timers.o
 .comment       0x00000049       0x4a build/heap_4.o
 .comment       0x00000049       0x4a build/port.o

.debug_frame    0x00000000      0x460
 .debug_frame   0x00000000       0x20 d:/gcc-arm-none-eabi/bin/../lib/gcc/arm-none-eabi/10.3.1/../../../../arm-none-eabi/lib/thumb/v7e-m+fp/hard\libc_nano.a(lib_a-errno.o)
 .debug_frame   0x00000020       0x2c d:/gcc-arm-none-eabi/bin/../lib/gcc/arm-none-eabi/10.3.1/../../../../arm-none-eabi/lib/thumb/v7e-m+fp/hard\libc_nano.a(lib_a-init.o)
 .debug_frame   0x0000004c       0x28 d:/gcc-arm-none-eabi/bin/../lib/gcc/arm-none-eabi/10.3.1/../../../../arm-none-eabi/lib/thumb/v7e-m+fp/hard\libc_nano.a(lib_a-memcpy-stub.o)
 .debug_frame   0x00000074       0x20 d:/gcc-arm-none-eabi/bin/../lib/gcc/arm-none-eabi/10.3.1/../../../../arm-none-eabi/lib/thumb/v7e-m+fp/hard\libc_nano.a(lib_a-memset.o)
 .debug_frame   0x00000094       0x6c d:/gcc-arm-none-eabi/bin/../lib/gcc/arm-none-eabi/10.3.1/../../../../arm-none-eabi/lib/thumb/v7e-m+fp/hard\libc_nano.a(lib_a-sprintf.o)
 .debug_frame   0x00000100       0x90 d:/gcc-arm-none-eabi/bin/../lib/gcc/arm-none-eabi/10.3.1/../../../../arm-none-eabi/lib/thumb/v7e-m+fp/hard\libc_nano.a(lib_a-nano-svfprintf.o)
 .debug_frame   0x00000190       0x60 d:/gcc-arm-none-eabi/bin/../lib/gcc/arm-none-eabi/10.3.1/../../../../arm-none-eabi/lib/thumb/v7e-m+fp/hard\libc_nano.a(lib_a-nano-vfprintf_i.o)
 .debug_frame   0x000001f0       0x28 d:/gcc-arm-none-eabi/bin/../lib/gcc/arm-none-eabi/10.3.1/../../../../arm-none-eabi/lib/thumb/v7e-m+fp/hard\libc_nano.a(lib_a-memmove.o)
 .debug_frame   0x00000218       0x38 d:/gcc-arm-none-eabi/bin/../lib/gcc/arm-none-eabi/10.3.1/../../../../arm-none-eabi/lib/thumb/v7e-m+fp/hard\libc_nano.a(lib_a-nano-freer.o)
 .debug_frame   0x00000250       0x4c d:/gcc-arm-none-eabi/bin/../lib/gcc/arm-none-eabi/10.3.1/../../../../arm-none-eabi/lib/thumb/v7e-m+fp/hard\libc_nano.a(lib_a-nano-mallocr.o)
 .debug_frame   0x0000029c       0x3c d:/gcc-arm-none-eabi/bin/../lib/gcc/arm-none-eabi/10.3.1/../../../../arm-none-eabi/lib/thumb/v7e-m+fp/hard\libc_nano.a(lib_a-nano-reallocr.o)
 .debug_frame   0x000002d8       0x2c d:/gcc-arm-none-eabi/bin/../lib/gcc/arm-none-eabi/10.3.1/../../../../arm-none-eabi/lib/thumb/v7e-m+fp/hard\libc_nano.a(lib_a-sbrkr.o)
 .debug_frame   0x00000304       0x30 d:/gcc-arm-none-eabi/bin/../lib/gcc/arm-none-eabi/10.3.1/../../../../arm-none-eabi/lib/thumb/v7e-m+fp/hard\libc_nano.a(lib_a-mlock.o)
 .debug_frame   0x00000334       0x20 d:/gcc-arm-none-eabi/bin/../lib/gcc/arm-none-eabi/10.3.1/../../../../arm-none-eabi/lib/thumb/v7e-m+fp/hard\libc_nano.a(lib_a-nano-msizer.o)
 .debug_frame   0x00000354       0x5c d:/gcc-arm-none-eabi/bin/../lib/gcc/arm-none-eabi/10.3.1/../../../../arm-none-eabi/lib/thumb/v7e-m+fp/hard\libc_nano.a(lib_a-reent.o)
 .debug_frame   0x000003b0       0xb0 d:/gcc-arm-none-eabi/bin/../lib/gcc/arm-none-eabi/10.3.1/../../../../arm-none-eabi/lib/thumb/v7e-m+fp/hard\libc_nano.a(lib_a-lock.o)

Cross Reference Table

Symbol                                            File
ADC_IRQHandler                                    build/startup_stm32f407xx.o
AHBPrescTable                                     build/system_stm32f4xx.o
APBPrescTable                                     build/system_stm32f4xx.o
BusFault_Handler                                  build/stm32f4xx_it.o
CAN1_RX0_IRQHandler                               build/startup_stm32f407xx.o
CAN1_RX1_IRQHandler                               build/startup_stm32f407xx.o
CAN1_SCE_IRQHandler                               build/startup_stm32f407xx.o
CAN1_TX_IRQHandler                                build/startup_stm32f407xx.o
CAN2_RX0_IRQHandler                               build/startup_stm32f407xx.o
CAN2_RX1_IRQHandler                               build/startup_stm32f407xx.o
CAN2_SCE_IRQHandler                               build/startup_stm32f407xx.o
CAN2_TX_IRQHandler                                build/startup_stm32f407xx.o
Count_Tick                                        build/sys_clock.o
DCMI_IRQHandler                                   build/startup_stm32f407xx.o
DMA1_Stream0_IRQHandler                           build/startup_stm32f407xx.o
DMA1_Stream1_IRQHandler                           build/startup_stm32f407xx.o
DMA1_Stream2_IRQHandler                           build/startup_stm32f407xx.o
DMA1_Stream3_IRQHandler                           build/startup_stm32f407xx.o
DMA1_Stream4_IRQHandler                           build/startup_stm32f407xx.o
DMA1_Stream5_IRQHandler                           build/startup_stm32f407xx.o
DMA1_Stream6_IRQHandler                           build/startup_stm32f407xx.o
DMA1_Stream7_IRQHandler                           build/startup_stm32f407xx.o
DMA2_Stream0_IRQHandler                           build/startup_stm32f407xx.o
DMA2_Stream1_IRQHandler                           build/startup_stm32f407xx.o
DMA2_Stream2_IRQHandler                           build/stm32f4xx_it.o
DMA2_Stream3_IRQHandler                           build/startup_stm32f407xx.o
DMA2_Stream4_IRQHandler                           build/startup_stm32f407xx.o
DMA2_Stream5_IRQHandler                           build/startup_stm32f407xx.o
DMA2_Stream6_IRQHandler                           build/startup_stm32f407xx.o
DMA2_Stream7_IRQHandler                           build/stm32f4xx_it.o
DebugMon_Handler                                  build/stm32f4xx_it.o
Default_Handler                                   build/startup_stm32f407xx.o
ETH_IRQHandler                                    build/startup_stm32f407xx.o
ETH_WKUP_IRQHandler                               build/startup_stm32f407xx.o
EXTI0_IRQHandler                                  build/startup_stm32f407xx.o
EXTI15_10_IRQHandler                              build/startup_stm32f407xx.o
EXTI1_IRQHandler                                  build/startup_stm32f407xx.o
EXTI2_IRQHandler                                  build/startup_stm32f407xx.o
EXTI3_IRQHandler                                  build/startup_stm32f407xx.o
EXTI4_IRQHandler                                  build/startup_stm32f407xx.o
EXTI9_5_IRQHandler                                build/startup_stm32f407xx.o
Error_Handler                                     build/main.o
FLASH_IRQHandler                                  build/startup_stm32f407xx.o
FPU_IRQHandler                                    build/startup_stm32f407xx.o
FSMC_IRQHandler                                   build/startup_stm32f407xx.o
GetFromBuff_DMA                                   build/uart.o
                                                  build/main.o
Get_Tick                                          build/sys_clock.o
                                                  build/spi.o
                                                  build/uart.o
HASH_RNG_IRQHandler                               build/startup_stm32f407xx.o
HandleDMAData                                     build/uart.o
HardFault_Handler                                 build/stm32f4xx_it.o
I2C1_ER_IRQHandler                                build/startup_stm32f407xx.o
I2C1_EV_IRQHandler                                build/startup_stm32f407xx.o
I2C2_ER_IRQHandler                                build/startup_stm32f407xx.o
I2C2_EV_IRQHandler                                build/startup_stm32f407xx.o
I2C3_ER_IRQHandler                                build/startup_stm32f407xx.o
I2C3_EV_IRQHandler                                build/startup_stm32f407xx.o
Inc_Tick                                          build/sys_clock.o
                                                  build/stm32f4xx_it.o
Init_Tick                                         build/sys_clock.o
Init_Tick_Tim                                     build/sys_clock.o
MX_GPIO_Init                                      build/gpio.o
                                                  build/main.o
MemManage_Handler                                 build/stm32f4xx_it.o
NMI_Handler                                       build/stm32f4xx_it.o
OTG_FS_IRQHandler                                 build/startup_stm32f407xx.o
OTG_FS_WKUP_IRQHandler                            build/startup_stm32f407xx.o
OTG_HS_EP1_IN_IRQHandler                          build/startup_stm32f407xx.o
OTG_HS_EP1_OUT_IRQHandler                         build/startup_stm32f407xx.o
OTG_HS_IRQHandler                                 build/startup_stm32f407xx.o
OTG_HS_WKUP_IRQHandler                            build/startup_stm32f407xx.o
PVD_IRQHandler                                    build/startup_stm32f407xx.o
PendSV_Handler                                    build/port.o
ProcessNewData                                    build/uart.o
RCC_IRQHandler                                    build/startup_stm32f407xx.o
RTC_Alarm_IRQHandler                              build/startup_stm32f407xx.o
RTC_WKUP_IRQHandler                               build/startup_stm32f407xx.o
Reset_Handler                                     build/startup_stm32f407xx.o
SDIO_IRQHandler                                   build/startup_stm32f407xx.o
SPI1_IRQHandler                                   build/startup_stm32f407xx.o
SPI1_Receive                                      build/spi.o
                                                  build/w25qxx.o
SPI1_Receive_Byte                                 build/spi.o
SPI1_Transmit                                     build/spi.o
                                                  build/w25qxx.o
SPI1_TransmitReceive                              build/spi.o
                                                  build/w25qxx.o
SPI2_IRQHandler                                   build/startup_stm32f407xx.o
SPI3_IRQHandler                                   build/startup_stm32f407xx.o
SPI_Init                                          build/spi.o
                                                  build/main.o
SPI_Read                                          build/w25qxx.o
SPI_Write                                         build/w25qxx.o
SVC_Handler                                       build/port.o
SysTick_Handler                                   build/port.o
SystemClock_Config                                build/sys_clock.o
                                                  build/main.o
SystemCoreClock                                   build/system_stm32f4xx.o
                                                  build/port.o
                                                  build/sys_clock.o
SystemCoreClockUpdate                             build/system_stm32f4xx.o
SystemInit                                        build/system_stm32f4xx.o
                                                  build/startup_stm32f407xx.o
TAMP_STAMP_IRQHandler                             build/startup_stm32f407xx.o
TIM1_BRK_TIM9_IRQHandler                          build/startup_stm32f407xx.o
TIM1_CC_IRQHandler                                build/startup_stm32f407xx.o
TIM1_TRG_COM_TIM11_IRQHandler                     build/startup_stm32f407xx.o
TIM1_UP_TIM10_IRQHandler                          build/startup_stm32f407xx.o
TIM2_IRQHandler                                   build/stm32f4xx_it.o
TIM3_IRQHandler                                   build/startup_stm32f407xx.o
TIM4_IRQHandler                                   build/startup_stm32f407xx.o
TIM5_IRQHandler                                   build/startup_stm32f407xx.o
TIM6_DAC_IRQHandler                               build/startup_stm32f407xx.o
TIM7_IRQHandler                                   build/startup_stm32f407xx.o
TIM8_BRK_TIM12_IRQHandler                         build/startup_stm32f407xx.o
TIM8_CC_IRQHandler                                build/startup_stm32f407xx.o
TIM8_TRG_COM_TIM14_IRQHandler                     build/startup_stm32f407xx.o
TIM8_UP_TIM13_IRQHandler                          build/startup_stm32f407xx.o
TranCompleteITCallback                            build/uart.o
UART1_DMA2_RX_IRQHandler                          build/uart.o
                                                  build/stm32f4xx_it.o
UART1_DMA2_Tx_IRQHandler                          build/stm32f4xx_it.o
UART1_IRQHandlerRxCallback                        build/uart.o
                                                  build/stm32f4xx_it.o
UART4_IRQHandler                                  build/startup_stm32f407xx.o
UART5_IRQHandler                                  build/startup_stm32f407xx.o
USART1_IRQHandler                                 build/stm32f4xx_it.o
USART1_Init                                       build/uart.o
                                                  build/main.o
USART2_IRQHandler                                 build/startup_stm32f407xx.o
USART3_IRQHandler                                 build/startup_stm32f407xx.o
USART6_IRQHandler                                 build/startup_stm32f407xx.o
Uart1_Cancel_DMA2_Stream2                         build/uart.o
Uart1_Receive_DMA                                 build/uart.o
Uart1_Transmit_DMA                                build/uart.o
UsageFault_Handler                                build/stm32f4xx_it.o
Usart_Send_Char                                   build/uart.o
                                                  build/main.o
Usart_Send_String                                 build/uart.o
                                                  build/main.o
Usart_Transmit                                    build/uart.o
                                                  build/main.o
W25Q_Delay                                        build/w25qxx.o
W25Q_ReadID                                       build/w25qxx.o
W25Q_Read_Byte                                    build/w25qxx.o
                                                  build/main.o
W25Q_Reset                                        build/w25qxx.o
                                                  build/main.o
WWDG_IRQHandler                                   build/startup_stm32f407xx.o
_Min_Stack_Size                                   build/sysmem.o
__bss_end__                                       d:/gcc-arm-none-eabi/bin/../lib/gcc/arm-none-eabi/10.3.1/../../../../arm-none-eabi/lib/thumb/v7e-m+fp/hard/crt0.o
__bss_start__                                     d:/gcc-arm-none-eabi/bin/../lib/gcc/arm-none-eabi/10.3.1/../../../../arm-none-eabi/lib/thumb/v7e-m+fp/hard/crt0.o
__call_exitprocs                                  d:/gcc-arm-none-eabi/bin/../lib/gcc/arm-none-eabi/10.3.1/../../../../arm-none-eabi/lib/thumb/v7e-m+fp/hard\libc_nano.a(lib_a-exit.o)
__deregister_frame_info                           d:/gcc-arm-none-eabi/bin/../lib/gcc/arm-none-eabi/10.3.1/thumb/v7e-m+fp/hard/crtbegin.o
__dso_handle                                      d:/gcc-arm-none-eabi/bin/../lib/gcc/arm-none-eabi/10.3.1/thumb/v7e-m+fp/hard/crtbegin.o
__env                                             build/syscalls.o
__errno                                           d:/gcc-arm-none-eabi/bin/../lib/gcc/arm-none-eabi/10.3.1/../../../../arm-none-eabi/lib/thumb/v7e-m+fp/hard\libc_nano.a(lib_a-errno.o)
                                                  build/syscalls.o
                                                  build/sysmem.o
__init_array_end                                  d:/gcc-arm-none-eabi/bin/../lib/gcc/arm-none-eabi/10.3.1/../../../../arm-none-eabi/lib/thumb/v7e-m+fp/hard\libc_nano.a(lib_a-init.o)
__init_array_start                                d:/gcc-arm-none-eabi/bin/../lib/gcc/arm-none-eabi/10.3.1/../../../../arm-none-eabi/lib/thumb/v7e-m+fp/hard\libc_nano.a(lib_a-init.o)
__io_getchar                                      build/syscalls.o
__io_putchar                                      build/syscalls.o
__libc_fini_array                                 d:/gcc-arm-none-eabi/bin/../lib/gcc/arm-none-eabi/10.3.1/../../../../arm-none-eabi/lib/thumb/v7e-m+fp/hard/crt0.o
__libc_init_array                                 d:/gcc-arm-none-eabi/bin/../lib/gcc/arm-none-eabi/10.3.1/../../../../arm-none-eabi/lib/thumb/v7e-m+fp/hard\libc_nano.a(lib_a-init.o)
                                                  build/startup_stm32f407xx.o
                                                  d:/gcc-arm-none-eabi/bin/../lib/gcc/arm-none-eabi/10.3.1/../../../../arm-none-eabi/lib/thumb/v7e-m+fp/hard/crt0.o
__lock___arc4random_mutex                         d:/gcc-arm-none-eabi/bin/../lib/gcc/arm-none-eabi/10.3.1/../../../../arm-none-eabi/lib/thumb/v7e-m+fp/hard\libc_nano.a(lib_a-lock.o)
__lock___at_quick_exit_mutex                      d:/gcc-arm-none-eabi/bin/../lib/gcc/arm-none-eabi/10.3.1/../../../../arm-none-eabi/lib/thumb/v7e-m+fp/hard\libc_nano.a(lib_a-lock.o)
__lock___atexit_recursive_mutex                   d:/gcc-arm-none-eabi/bin/../lib/gcc/arm-none-eabi/10.3.1/../../../../arm-none-eabi/lib/thumb/v7e-m+fp/hard\libc_nano.a(lib_a-lock.o)
__lock___dd_hash_mutex                            d:/gcc-arm-none-eabi/bin/../lib/gcc/arm-none-eabi/10.3.1/../../../../arm-none-eabi/lib/thumb/v7e-m+fp/hard\libc_nano.a(lib_a-lock.o)
__lock___env_recursive_mutex                      d:/gcc-arm-none-eabi/bin/../lib/gcc/arm-none-eabi/10.3.1/../../../../arm-none-eabi/lib/thumb/v7e-m+fp/hard\libc_nano.a(lib_a-lock.o)
__lock___malloc_recursive_mutex                   d:/gcc-arm-none-eabi/bin/../lib/gcc/arm-none-eabi/10.3.1/../../../../arm-none-eabi/lib/thumb/v7e-m+fp/hard\libc_nano.a(lib_a-lock.o)
                                                  d:/gcc-arm-none-eabi/bin/../lib/gcc/arm-none-eabi/10.3.1/../../../../arm-none-eabi/lib/thumb/v7e-m+fp/hard\libc_nano.a(lib_a-mlock.o)
__lock___sfp_recursive_mutex                      d:/gcc-arm-none-eabi/bin/../lib/gcc/arm-none-eabi/10.3.1/../../../../arm-none-eabi/lib/thumb/v7e-m+fp/hard\libc_nano.a(lib_a-lock.o)
__lock___sinit_recursive_mutex                    d:/gcc-arm-none-eabi/bin/../lib/gcc/arm-none-eabi/10.3.1/../../../../arm-none-eabi/lib/thumb/v7e-m+fp/hard\libc_nano.a(lib_a-lock.o)
__lock___tz_mutex                                 d:/gcc-arm-none-eabi/bin/../lib/gcc/arm-none-eabi/10.3.1/../../../../arm-none-eabi/lib/thumb/v7e-m+fp/hard\libc_nano.a(lib_a-lock.o)
__malloc_free_list                                d:/gcc-arm-none-eabi/bin/../lib/gcc/arm-none-eabi/10.3.1/../../../../arm-none-eabi/lib/thumb/v7e-m+fp/hard\libc_nano.a(lib_a-nano-mallocr.o)
                                                  d:/gcc-arm-none-eabi/bin/../lib/gcc/arm-none-eabi/10.3.1/../../../../arm-none-eabi/lib/thumb/v7e-m+fp/hard\libc_nano.a(lib_a-nano-freer.o)
__malloc_lock                                     d:/gcc-arm-none-eabi/bin/../lib/gcc/arm-none-eabi/10.3.1/../../../../arm-none-eabi/lib/thumb/v7e-m+fp/hard\libc_nano.a(lib_a-mlock.o)
                                                  d:/gcc-arm-none-eabi/bin/../lib/gcc/arm-none-eabi/10.3.1/../../../../arm-none-eabi/lib/thumb/v7e-m+fp/hard\libc_nano.a(lib_a-nano-mallocr.o)
                                                  d:/gcc-arm-none-eabi/bin/../lib/gcc/arm-none-eabi/10.3.1/../../../../arm-none-eabi/lib/thumb/v7e-m+fp/hard\libc_nano.a(lib_a-nano-freer.o)
__malloc_sbrk_start                               d:/gcc-arm-none-eabi/bin/../lib/gcc/arm-none-eabi/10.3.1/../../../../arm-none-eabi/lib/thumb/v7e-m+fp/hard\libc_nano.a(lib_a-nano-mallocr.o)
__malloc_unlock                                   d:/gcc-arm-none-eabi/bin/../lib/gcc/arm-none-eabi/10.3.1/../../../../arm-none-eabi/lib/thumb/v7e-m+fp/hard\libc_nano.a(lib_a-mlock.o)
                                                  d:/gcc-arm-none-eabi/bin/../lib/gcc/arm-none-eabi/10.3.1/../../../../arm-none-eabi/lib/thumb/v7e-m+fp/hard\libc_nano.a(lib_a-nano-mallocr.o)
                                                  d:/gcc-arm-none-eabi/bin/../lib/gcc/arm-none-eabi/10.3.1/../../../../arm-none-eabi/lib/thumb/v7e-m+fp/hard\libc_nano.a(lib_a-nano-freer.o)
__preinit_array_end                               d:/gcc-arm-none-eabi/bin/../lib/gcc/arm-none-eabi/10.3.1/../../../../arm-none-eabi/lib/thumb/v7e-m+fp/hard\libc_nano.a(lib_a-init.o)
__preinit_array_start                             d:/gcc-arm-none-eabi/bin/../lib/gcc/arm-none-eabi/10.3.1/../../../../arm-none-eabi/lib/thumb/v7e-m+fp/hard\libc_nano.a(lib_a-init.o)
__register_frame_info                             d:/gcc-arm-none-eabi/bin/../lib/gcc/arm-none-eabi/10.3.1/thumb/v7e-m+fp/hard/crtbegin.o
__retarget_lock_acquire                           d:/gcc-arm-none-eabi/bin/../lib/gcc/arm-none-eabi/10.3.1/../../../../arm-none-eabi/lib/thumb/v7e-m+fp/hard\libc_nano.a(lib_a-lock.o)
__retarget_lock_acquire_recursive                 d:/gcc-arm-none-eabi/bin/../lib/gcc/arm-none-eabi/10.3.1/../../../../arm-none-eabi/lib/thumb/v7e-m+fp/hard\libc_nano.a(lib_a-lock.o)
                                                  d:/gcc-arm-none-eabi/bin/../lib/gcc/arm-none-eabi/10.3.1/../../../../arm-none-eabi/lib/thumb/v7e-m+fp/hard\libc_nano.a(lib_a-mlock.o)
__retarget_lock_close                             d:/gcc-arm-none-eabi/bin/../lib/gcc/arm-none-eabi/10.3.1/../../../../arm-none-eabi/lib/thumb/v7e-m+fp/hard\libc_nano.a(lib_a-lock.o)
__retarget_lock_close_recursive                   d:/gcc-arm-none-eabi/bin/../lib/gcc/arm-none-eabi/10.3.1/../../../../arm-none-eabi/lib/thumb/v7e-m+fp/hard\libc_nano.a(lib_a-lock.o)
__retarget_lock_init                              d:/gcc-arm-none-eabi/bin/../lib/gcc/arm-none-eabi/10.3.1/../../../../arm-none-eabi/lib/thumb/v7e-m+fp/hard\libc_nano.a(lib_a-lock.o)
__retarget_lock_init_recursive                    d:/gcc-arm-none-eabi/bin/../lib/gcc/arm-none-eabi/10.3.1/../../../../arm-none-eabi/lib/thumb/v7e-m+fp/hard\libc_nano.a(lib_a-lock.o)
__retarget_lock_release                           d:/gcc-arm-none-eabi/bin/../lib/gcc/arm-none-eabi/10.3.1/../../../../arm-none-eabi/lib/thumb/v7e-m+fp/hard\libc_nano.a(lib_a-lock.o)
__retarget_lock_release_recursive                 d:/gcc-arm-none-eabi/bin/../lib/gcc/arm-none-eabi/10.3.1/../../../../arm-none-eabi/lib/thumb/v7e-m+fp/hard\libc_nano.a(lib_a-lock.o)
                                                  d:/gcc-arm-none-eabi/bin/../lib/gcc/arm-none-eabi/10.3.1/../../../../arm-none-eabi/lib/thumb/v7e-m+fp/hard\libc_nano.a(lib_a-mlock.o)
__retarget_lock_try_acquire                       d:/gcc-arm-none-eabi/bin/../lib/gcc/arm-none-eabi/10.3.1/../../../../arm-none-eabi/lib/thumb/v7e-m+fp/hard\libc_nano.a(lib_a-lock.o)
__retarget_lock_try_acquire_recursive             d:/gcc-arm-none-eabi/bin/../lib/gcc/arm-none-eabi/10.3.1/../../../../arm-none-eabi/lib/thumb/v7e-m+fp/hard\libc_nano.a(lib_a-lock.o)
__sf_fake_stderr                                  d:/gcc-arm-none-eabi/bin/../lib/gcc/arm-none-eabi/10.3.1/../../../../arm-none-eabi/lib/thumb/v7e-m+fp/hard\libc_nano.a(lib_a-impure.o)
__sf_fake_stdin                                   d:/gcc-arm-none-eabi/bin/../lib/gcc/arm-none-eabi/10.3.1/../../../../arm-none-eabi/lib/thumb/v7e-m+fp/hard\libc_nano.a(lib_a-impure.o)
__sf_fake_stdout                                  d:/gcc-arm-none-eabi/bin/../lib/gcc/arm-none-eabi/10.3.1/../../../../arm-none-eabi/lib/thumb/v7e-m+fp/hard\libc_nano.a(lib_a-impure.o)
__ssprint_r                                       d:/gcc-arm-none-eabi/bin/../lib/gcc/arm-none-eabi/10.3.1/../../../../arm-none-eabi/lib/thumb/v7e-m+fp/hard\libc_nano.a(lib_a-nano-svfprintf.o)
__ssputs_r                                        d:/gcc-arm-none-eabi/bin/../lib/gcc/arm-none-eabi/10.3.1/../../../../arm-none-eabi/lib/thumb/v7e-m+fp/hard\libc_nano.a(lib_a-nano-svfprintf.o)
__stack                                           d:/gcc-arm-none-eabi/bin/../lib/gcc/arm-none-eabi/10.3.1/../../../../arm-none-eabi/lib/thumb/v7e-m+fp/hard/crt0.o
_close                                            build/syscalls.o
_ebss                                             build/startup_stm32f407xx.o
_edata                                            build/startup_stm32f407xx.o
_end                                              build/sysmem.o
_estack                                           build/startup_stm32f407xx.o
                                                  build/sysmem.o
_execve                                           build/syscalls.o
_exit                                             build/syscalls.o
                                                  d:/gcc-arm-none-eabi/bin/../lib/gcc/arm-none-eabi/10.3.1/../../../../arm-none-eabi/lib/thumb/v7e-m+fp/hard\libc_nano.a(lib_a-exit.o)
_fini                                             d:/gcc-arm-none-eabi/bin/../lib/gcc/arm-none-eabi/10.3.1/thumb/v7e-m+fp/hard/crti.o
_fork                                             build/syscalls.o
_free_r                                           d:/gcc-arm-none-eabi/bin/../lib/gcc/arm-none-eabi/10.3.1/../../../../arm-none-eabi/lib/thumb/v7e-m+fp/hard\libc_nano.a(lib_a-nano-freer.o)
                                                  d:/gcc-arm-none-eabi/bin/../lib/gcc/arm-none-eabi/10.3.1/../../../../arm-none-eabi/lib/thumb/v7e-m+fp/hard\libc_nano.a(lib_a-reent.o)
                                                  d:/gcc-arm-none-eabi/bin/../lib/gcc/arm-none-eabi/10.3.1/../../../../arm-none-eabi/lib/thumb/v7e-m+fp/hard\libc_nano.a(lib_a-nano-reallocr.o)
                                                  d:/gcc-arm-none-eabi/bin/../lib/gcc/arm-none-eabi/10.3.1/../../../../arm-none-eabi/lib/thumb/v7e-m+fp/hard\libc_nano.a(lib_a-nano-svfprintf.o)
_fstat                                            build/syscalls.o
_getpid                                           build/syscalls.o
_global_impure_ptr                                d:/gcc-arm-none-eabi/bin/../lib/gcc/arm-none-eabi/10.3.1/../../../../arm-none-eabi/lib/thumb/v7e-m+fp/hard\libc_nano.a(lib_a-impure.o)
                                                  d:/gcc-arm-none-eabi/bin/../lib/gcc/arm-none-eabi/10.3.1/../../../../arm-none-eabi/lib/thumb/v7e-m+fp/hard\libc_nano.a(lib_a-exit.o)
_impure_ptr                                       d:/gcc-arm-none-eabi/bin/../lib/gcc/arm-none-eabi/10.3.1/../../../../arm-none-eabi/lib/thumb/v7e-m+fp/hard\libc_nano.a(lib_a-impure.o)
                                                  d:/gcc-arm-none-eabi/bin/../lib/gcc/arm-none-eabi/10.3.1/../../../../arm-none-eabi/lib/thumb/v7e-m+fp/hard\libc_nano.a(lib_a-reent.o)
                                                  d:/gcc-arm-none-eabi/bin/../lib/gcc/arm-none-eabi/10.3.1/../../../../arm-none-eabi/lib/thumb/v7e-m+fp/hard\libc_nano.a(lib_a-sprintf.o)
                                                  d:/gcc-arm-none-eabi/bin/../lib/gcc/arm-none-eabi/10.3.1/../../../../arm-none-eabi/lib/thumb/v7e-m+fp/hard\libc_nano.a(lib_a-errno.o)
_init                                             d:/gcc-arm-none-eabi/bin/../lib/gcc/arm-none-eabi/10.3.1/thumb/v7e-m+fp/hard/crti.o
                                                  d:/gcc-arm-none-eabi/bin/../lib/gcc/arm-none-eabi/10.3.1/../../../../arm-none-eabi/lib/thumb/v7e-m+fp/hard\libc_nano.a(lib_a-init.o)
_isatty                                           build/syscalls.o
_kill                                             build/syscalls.o
_link                                             build/syscalls.o
_lseek                                            build/syscalls.o
_mainCRTStartup                                   d:/gcc-arm-none-eabi/bin/../lib/gcc/arm-none-eabi/10.3.1/../../../../arm-none-eabi/lib/thumb/v7e-m+fp/hard/crt0.o
_malloc_r                                         d:/gcc-arm-none-eabi/bin/../lib/gcc/arm-none-eabi/10.3.1/../../../../arm-none-eabi/lib/thumb/v7e-m+fp/hard\libc_nano.a(lib_a-nano-mallocr.o)
                                                  d:/gcc-arm-none-eabi/bin/../lib/gcc/arm-none-eabi/10.3.1/../../../../arm-none-eabi/lib/thumb/v7e-m+fp/hard\libc_nano.a(lib_a-nano-reallocr.o)
                                                  d:/gcc-arm-none-eabi/bin/../lib/gcc/arm-none-eabi/10.3.1/../../../../arm-none-eabi/lib/thumb/v7e-m+fp/hard\libc_nano.a(lib_a-nano-svfprintf.o)
_malloc_usable_size_r                             d:/gcc-arm-none-eabi/bin/../lib/gcc/arm-none-eabi/10.3.1/../../../../arm-none-eabi/lib/thumb/v7e-m+fp/hard\libc_nano.a(lib_a-nano-msizer.o)
                                                  d:/gcc-arm-none-eabi/bin/../lib/gcc/arm-none-eabi/10.3.1/../../../../arm-none-eabi/lib/thumb/v7e-m+fp/hard\libc_nano.a(lib_a-nano-reallocr.o)
_open                                             build/syscalls.o
_posdata                                          build/uart.o
_printf_common                                    d:/gcc-arm-none-eabi/bin/../lib/gcc/arm-none-eabi/10.3.1/../../../../arm-none-eabi/lib/thumb/v7e-m+fp/hard\libc_nano.a(lib_a-nano-vfprintf_i.o)
_printf_float                                     d:/gcc-arm-none-eabi/bin/../lib/gcc/arm-none-eabi/10.3.1/../../../../arm-none-eabi/lib/thumb/v7e-m+fp/hard\libc_nano.a(lib_a-nano-svfprintf.o)
_printf_i                                         d:/gcc-arm-none-eabi/bin/../lib/gcc/arm-none-eabi/10.3.1/../../../../arm-none-eabi/lib/thumb/v7e-m+fp/hard\libc_nano.a(lib_a-nano-vfprintf_i.o)
                                                  d:/gcc-arm-none-eabi/bin/../lib/gcc/arm-none-eabi/10.3.1/../../../../arm-none-eabi/lib/thumb/v7e-m+fp/hard\libc_nano.a(lib_a-nano-svfprintf.o)
_read                                             build/syscalls.o
_realloc_r                                        d:/gcc-arm-none-eabi/bin/../lib/gcc/arm-none-eabi/10.3.1/../../../../arm-none-eabi/lib/thumb/v7e-m+fp/hard\libc_nano.a(lib_a-nano-reallocr.o)
                                                  d:/gcc-arm-none-eabi/bin/../lib/gcc/arm-none-eabi/10.3.1/../../../../arm-none-eabi/lib/thumb/v7e-m+fp/hard\libc_nano.a(lib_a-nano-svfprintf.o)
_reclaim_reent                                    d:/gcc-arm-none-eabi/bin/../lib/gcc/arm-none-eabi/10.3.1/../../../../arm-none-eabi/lib/thumb/v7e-m+fp/hard\libc_nano.a(lib_a-reent.o)
_sbrk                                             build/sysmem.o
                                                  d:/gcc-arm-none-eabi/bin/../lib/gcc/arm-none-eabi/10.3.1/../../../../arm-none-eabi/lib/thumb/v7e-m+fp/hard\libc_nano.a(lib_a-sbrkr.o)
_sbrk_r                                           d:/gcc-arm-none-eabi/bin/../lib/gcc/arm-none-eabi/10.3.1/../../../../arm-none-eabi/lib/thumb/v7e-m+fp/hard\libc_nano.a(lib_a-sbrkr.o)
                                                  d:/gcc-arm-none-eabi/bin/../lib/gcc/arm-none-eabi/10.3.1/../../../../arm-none-eabi/lib/thumb/v7e-m+fp/hard\libc_nano.a(lib_a-nano-mallocr.o)
_sbss                                             build/startup_stm32f407xx.o
_sdata                                            build/startup_stm32f407xx.o
_sidata                                           build/startup_stm32f407xx.o
_siprintf_r                                       d:/gcc-arm-none-eabi/bin/../lib/gcc/arm-none-eabi/10.3.1/../../../../arm-none-eabi/lib/thumb/v7e-m+fp/hard\libc_nano.a(lib_a-sprintf.o)
_sprintf_r                                        d:/gcc-arm-none-eabi/bin/../lib/gcc/arm-none-eabi/10.3.1/../../../../arm-none-eabi/lib/thumb/v7e-m+fp/hard\libc_nano.a(lib_a-sprintf.o)
_stack_init                                       d:/gcc-arm-none-eabi/bin/../lib/gcc/arm-none-eabi/10.3.1/../../../../arm-none-eabi/lib/thumb/v7e-m+fp/hard/crt0.o
_start                                            d:/gcc-arm-none-eabi/bin/../lib/gcc/arm-none-eabi/10.3.1/../../../../arm-none-eabi/lib/thumb/v7e-m+fp/hard/crt0.o
_stat                                             build/syscalls.o
_svfiprintf_r                                     d:/gcc-arm-none-eabi/bin/../lib/gcc/arm-none-eabi/10.3.1/../../../../arm-none-eabi/lib/thumb/v7e-m+fp/hard\libc_nano.a(lib_a-nano-svfprintf.o)
_svfprintf_r                                      d:/gcc-arm-none-eabi/bin/../lib/gcc/arm-none-eabi/10.3.1/../../../../arm-none-eabi/lib/thumb/v7e-m+fp/hard\libc_nano.a(lib_a-nano-svfprintf.o)
                                                  d:/gcc-arm-none-eabi/bin/../lib/gcc/arm-none-eabi/10.3.1/../../../../arm-none-eabi/lib/thumb/v7e-m+fp/hard\libc_nano.a(lib_a-sprintf.o)
_times                                            build/syscalls.o
_unlink                                           build/syscalls.o
_wait                                             build/syscalls.o
_write                                            build/syscalls.o
atexit                                            d:/gcc-arm-none-eabi/bin/../lib/gcc/arm-none-eabi/10.3.1/../../../../arm-none-eabi/lib/thumb/v7e-m+fp/hard/crt0.o
buff_rx_it                                        build/uart.o
cleanup_glue                                      d:/gcc-arm-none-eabi/bin/../lib/gcc/arm-none-eabi/10.3.1/../../../../arm-none-eabi/lib/thumb/v7e-m+fp/hard\libc_nano.a(lib_a-reent.o)
csHIGH                                            build/w25qxx.o
csLOW                                             build/w25qxx.o
eTaskGetState                                     build/tasks.o
environ                                           build/syscalls.o
errno                                             d:/gcc-arm-none-eabi/bin/../lib/gcc/arm-none-eabi/10.3.1/../../../../arm-none-eabi/lib/thumb/v7e-m+fp/hard\libc_nano.a(lib_a-reent.o)
                                                  d:/gcc-arm-none-eabi/bin/../lib/gcc/arm-none-eabi/10.3.1/../../../../arm-none-eabi/lib/thumb/v7e-m+fp/hard\libc_nano.a(lib_a-sbrkr.o)
exit                                              d:/gcc-arm-none-eabi/bin/../lib/gcc/arm-none-eabi/10.3.1/../../../../arm-none-eabi/lib/thumb/v7e-m+fp/hard\libc_nano.a(lib_a-exit.o)
                                                  d:/gcc-arm-none-eabi/bin/../lib/gcc/arm-none-eabi/10.3.1/../../../../arm-none-eabi/lib/thumb/v7e-m+fp/hard/crt0.o
g_pfnVectors                                      build/startup_stm32f407xx.o
gpio_tog                                          build/gpio.o
                                                  build/main.o
gpio_write                                        build/gpio.o
                                                  build/w25qxx.o
hardware_init_hook                                d:/gcc-arm-none-eabi/bin/../lib/gcc/arm-none-eabi/10.3.1/../../../../arm-none-eabi/lib/thumb/v7e-m+fp/hard/crt0.o
initialise_monitor_handles                        build/syscalls.o
main                                              build/main.o
                                                  build/startup_stm32f407xx.o
                                                  d:/gcc-arm-none-eabi/bin/../lib/gcc/arm-none-eabi/10.3.1/../../../../arm-none-eabi/lib/thumb/v7e-m+fp/hard/crt0.o
memchr                                            d:/gcc-arm-none-eabi/bin/../lib/gcc/arm-none-eabi/10.3.1/../../../../arm-none-eabi/lib/thumb/v7e-m+fp/hard\libc_nano.a(lib_a-memchr.o)
                                                  d:/gcc-arm-none-eabi/bin/../lib/gcc/arm-none-eabi/10.3.1/../../../../arm-none-eabi/lib/thumb/v7e-m+fp/hard\libc_nano.a(lib_a-nano-vfprintf_i.o)
                                                  d:/gcc-arm-none-eabi/bin/../lib/gcc/arm-none-eabi/10.3.1/../../../../arm-none-eabi/lib/thumb/v7e-m+fp/hard\libc_nano.a(lib_a-nano-svfprintf.o)
memcpy                                            d:/gcc-arm-none-eabi/bin/../lib/gcc/arm-none-eabi/10.3.1/../../../../arm-none-eabi/lib/thumb/v7e-m+fp/hard\libc_nano.a(lib_a-memcpy-stub.o)
                                                  d:/gcc-arm-none-eabi/bin/../lib/gcc/arm-none-eabi/10.3.1/../../../../arm-none-eabi/lib/thumb/v7e-m+fp/hard\libc_nano.a(lib_a-nano-reallocr.o)
                                                  d:/gcc-arm-none-eabi/bin/../lib/gcc/arm-none-eabi/10.3.1/../../../../arm-none-eabi/lib/thumb/v7e-m+fp/hard\libc_nano.a(lib_a-nano-svfprintf.o)
                                                  build/stream_buffer.o
                                                  build/queue.o
memmove                                           d:/gcc-arm-none-eabi/bin/../lib/gcc/arm-none-eabi/10.3.1/../../../../arm-none-eabi/lib/thumb/v7e-m+fp/hard\libc_nano.a(lib_a-memmove.o)
                                                  d:/gcc-arm-none-eabi/bin/../lib/gcc/arm-none-eabi/10.3.1/../../../../arm-none-eabi/lib/thumb/v7e-m+fp/hard\libc_nano.a(lib_a-nano-svfprintf.o)
memset                                            d:/gcc-arm-none-eabi/bin/../lib/gcc/arm-none-eabi/10.3.1/../../../../arm-none-eabi/lib/thumb/v7e-m+fp/hard\libc_nano.a(lib_a-memset.o)
                                                  build/heap_4.o
                                                  build/tasks.o
                                                  build/stream_buffer.o
                                                  build/spi.o
                                                  build/main.o
                                                  d:/gcc-arm-none-eabi/bin/../lib/gcc/arm-none-eabi/10.3.1/../../../../arm-none-eabi/lib/thumb/v7e-m+fp/hard/crt0.o
pcQueueGetName                                    build/queue.o
pcTaskGetName                                     build/tasks.o
pcTimerGetName                                    build/timers.o
pvPortCalloc                                      build/heap_4.o
pvPortMalloc                                      build/heap_4.o
                                                  build/timers.o
                                                  build/tasks.o
                                                  build/stream_buffer.o
                                                  build/queue.o
                                                  build/event_groups.o
                                                  build/main.o
pvTaskIncrementMutexHeldCount                     build/tasks.o
                                                  build/queue.o
pvTimerGetTimerID                                 build/timers.o
pxCurrentTCB                                      build/tasks.o
                                                  build/port.o
pxPortInitialiseStack                             build/port.o
                                                  build/tasks.o
s_delay                                           build/sys_clock.o
                                                  build/w25qxx.o
siprintf                                          d:/gcc-arm-none-eabi/bin/../lib/gcc/arm-none-eabi/10.3.1/../../../../arm-none-eabi/lib/thumb/v7e-m+fp/hard\libc_nano.a(lib_a-sprintf.o)
software_init_hook                                d:/gcc-arm-none-eabi/bin/../lib/gcc/arm-none-eabi/10.3.1/../../../../arm-none-eabi/lib/thumb/v7e-m+fp/hard/crt0.o
sprintf                                           d:/gcc-arm-none-eabi/bin/../lib/gcc/arm-none-eabi/10.3.1/../../../../arm-none-eabi/lib/thumb/v7e-m+fp/hard\libc_nano.a(lib_a-sprintf.o)
                                                  build/w25qxx.o
                                                  build/main.o
strlen                                            d:/gcc-arm-none-eabi/bin/../lib/gcc/arm-none-eabi/10.3.1/../../../../arm-none-eabi/lib/thumb/v7e-m+fp/hard\libc_nano.a(lib_a-strlen.o)
                                                  build/main.o
ucQueueGetQueueType                               build/queue.o
ucStreamBufferGetStreamBufferType                 build/stream_buffer.o
ulTaskGenericNotifyTake                           build/tasks.o
ulTaskGenericNotifyValueClear                     build/tasks.o
uxEventGroupGetNumber                             build/event_groups.o
uxListRemove                                      build/list.o
                                                  build/timers.o
                                                  build/tasks.o
uxQueueGetQueueItemSize                           build/queue.o
uxQueueGetQueueLength                             build/queue.o
uxQueueGetQueueNumber                             build/queue.o
uxQueueMessagesWaiting                            build/queue.o
uxQueueMessagesWaitingFromISR                     build/queue.o
uxQueueSpacesAvailable                            build/queue.o
uxStreamBufferGetStreamBufferNotificationIndex    build/stream_buffer.o
uxStreamBufferGetStreamBufferNumber               build/stream_buffer.o
uxTaskBasePriorityGet                             build/tasks.o
uxTaskBasePriorityGetFromISR                      build/tasks.o
uxTaskGetNumberOfTasks                            build/tasks.o
                                                  build/queue.o
uxTaskGetStackHighWaterMark                       build/tasks.o
uxTaskGetSystemState                              build/tasks.o
uxTaskGetTaskNumber                               build/tasks.o
uxTaskPriorityGet                                 build/tasks.o
uxTaskPriorityGetFromISR                          build/tasks.o
uxTaskResetEventItemValue                         build/tasks.o
                                                  build/event_groups.o
uxTimerGetReloadMode                              build/timers.o
uxTimerGetTimerNumber                             build/timers.o
vEventGroupClearBitsCallback                      build/event_groups.o
vEventGroupDelete                                 build/event_groups.o
vEventGroupSetBitsCallback                        build/event_groups.o
vEventGroupSetNumber                              build/event_groups.o
vListInitialise                                   build/list.o
                                                  build/timers.o
                                                  build/tasks.o
                                                  build/queue.o
                                                  build/event_groups.o
vListInitialiseItem                               build/list.o
                                                  build/timers.o
                                                  build/tasks.o
vListInsert                                       build/list.o
                                                  build/timers.o
                                                  build/tasks.o
vListInsertEnd                                    build/list.o
                                                  build/tasks.o
vPortEndScheduler                                 build/port.o
                                                  build/tasks.o
vPortEnterCritical                                build/port.o
                                                  build/heap_4.o
                                                  build/timers.o
                                                  build/tasks.o
                                                  build/stream_buffer.o
                                                  build/queue.o
                                                  build/event_groups.o
vPortExitCritical                                 build/port.o
                                                  build/heap_4.o
                                                  build/timers.o
                                                  build/tasks.o
                                                  build/stream_buffer.o
                                                  build/queue.o
                                                  build/event_groups.o
vPortFree                                         build/heap_4.o
                                                  build/timers.o
                                                  build/tasks.o
                                                  build/stream_buffer.o
                                                  build/queue.o
                                                  build/event_groups.o
                                                  build/main.o
vPortGetHeapStats                                 build/heap_4.o
vPortHeapResetState                               build/heap_4.o
vPortInitialiseBlocks                             build/heap_4.o
vPortSetupTimerInterrupt                          build/port.o
vPortValidateInterruptPriority                    build/port.o
                                                  build/tasks.o
                                                  build/queue.o
vQueueAddToRegistry                               build/queue.o
                                                  build/timers.o
vQueueDelete                                      build/queue.o
vQueueSetQueueNumber                              build/queue.o
vQueueUnregisterQueue                             build/queue.o
vQueueWaitForMessageRestricted                    build/queue.o
                                                  build/timers.o
vStreamBufferDelete                               build/stream_buffer.o
vStreamBufferSetStreamBufferNotificationIndex     build/stream_buffer.o
vStreamBufferSetStreamBufferNumber                build/stream_buffer.o
vTask1                                            build/main.o
vTaskDelay                                        build/tasks.o
                                                  build/main.o
vTaskDelete                                       build/tasks.o
vTaskEndScheduler                                 build/tasks.o
vTaskFlash_W25                                    build/main.o
vTaskGenericNotifyGiveFromISR                     build/tasks.o
vTaskGetInfo                                      build/tasks.o
vTaskInternalSetTimeOutState                      build/tasks.o
                                                  build/queue.o
vTaskLED                                          build/main.o
vTaskMissedYield                                  build/tasks.o
                                                  build/queue.o
vTaskPlaceOnEventList                             build/tasks.o
                                                  build/queue.o
vTaskPlaceOnEventListRestricted                   build/tasks.o
                                                  build/queue.o
vTaskPlaceOnUnorderedEventList                    build/tasks.o
                                                  build/event_groups.o
vTaskPriorityDisinheritAfterTimeout               build/tasks.o
                                                  build/queue.o
vTaskPrioritySet                                  build/tasks.o
vTaskRemoveFromUnorderedEventList                 build/tasks.o
                                                  build/event_groups.o
vTaskResetState                                   build/tasks.o
vTaskResume                                       build/tasks.o
vTaskSetTaskNumber                                build/tasks.o
vTaskSetTimeOutState                              build/tasks.o
                                                  build/stream_buffer.o
vTaskStartScheduler                               build/tasks.o
                                                  build/main.o
vTaskSuspend                                      build/tasks.o
vTaskSuspendAll                                   build/tasks.o
                                                  build/heap_4.o
                                                  build/timers.o
                                                  build/stream_buffer.o
                                                  build/queue.o
                                                  build/event_groups.o
vTaskSwitchContext                                build/tasks.o
                                                  build/port.o
vTimerResetState                                  build/timers.o
vTimerSetReloadMode                               build/timers.o
vTimerSetTimerID                                  build/timers.o
vTimerSetTimerNumber                              build/timers.o
xEventGroupClearBits                              build/event_groups.o
xEventGroupClearBitsFromISR                       build/event_groups.o
xEventGroupCreate                                 build/event_groups.o
xEventGroupGetBitsFromISR                         build/event_groups.o
xEventGroupSetBits                                build/event_groups.o
xEventGroupSetBitsFromISR                         build/event_groups.o
xEventGroupSync                                   build/event_groups.o
xEventGroupWaitBits                               build/event_groups.o
xPortGetFreeHeapSize                              build/heap_4.o
xPortGetMinimumEverFreeHeapSize                   build/heap_4.o
xPortStartScheduler                               build/port.o
                                                  build/tasks.o
xQueueCreateCountingSemaphore                     build/queue.o
xQueueCreateMutex                                 build/queue.o
xQueueGenericCreate                               build/queue.o
                                                  build/timers.o
xQueueGenericReset                                build/queue.o
xQueueGenericSend                                 build/queue.o
                                                  build/timers.o
xQueueGenericSendFromISR                          build/queue.o
                                                  build/timers.o
xQueueGetMutexHolder                              build/queue.o
xQueueGetMutexHolderFromISR                       build/queue.o
xQueueGiveFromISR                                 build/queue.o
xQueueGiveMutexRecursive                          build/queue.o
xQueueIsQueueEmptyFromISR                         build/queue.o
xQueueIsQueueFullFromISR                          build/queue.o
xQueuePeek                                        build/queue.o
xQueuePeekFromISR                                 build/queue.o
xQueueReceive                                     build/queue.o
                                                  build/timers.o
xQueueReceiveFromISR                              build/queue.o
xQueueRegistry                                    build/queue.o
xQueueSemaphoreTake                               build/queue.o
xQueueTakeMutexRecursive                          build/queue.o
xStreamBufferBytesAvailable                       build/stream_buffer.o
xStreamBufferGenericCreate                        build/stream_buffer.o
xStreamBufferIsEmpty                              build/stream_buffer.o
xStreamBufferIsFull                               build/stream_buffer.o
xStreamBufferNextMessageLengthBytes               build/stream_buffer.o
xStreamBufferReceive                              build/stream_buffer.o
xStreamBufferReceiveCompletedFromISR              build/stream_buffer.o
xStreamBufferReceiveFromISR                       build/stream_buffer.o
xStreamBufferReset                                build/stream_buffer.o
xStreamBufferResetFromISR                         build/stream_buffer.o
xStreamBufferSend                                 build/stream_buffer.o
xStreamBufferSendCompletedFromISR                 build/stream_buffer.o
xStreamBufferSendFromISR                          build/stream_buffer.o
xStreamBufferSetTriggerLevel                      build/stream_buffer.o
xStreamBufferSpacesAvailable                      build/stream_buffer.o
xTaskCatchUpTicks                                 build/tasks.o
xTaskCheckForTimeOut                              build/tasks.o
                                                  build/stream_buffer.o