Archive member included to satisfy reference by file (symbol)

d:/gcc-arm-none-eabi/bin/../lib/gcc/arm-none-eabi/10.3.1/../../../../arm-none-eabi/lib/thumb/v7e-m+fp/hard\libc_nano.a(lib_a-atol.o)
                              build/main.o (atol)
d:/gcc-arm-none-eabi/bin/../lib/gcc/arm-none-eabi/10.3.1/../../../../arm-none-eabi/lib/thumb/v7e-m+fp/hard\libc_nano.a(lib_a-errno.o)
                              build/sysmem.o (__errno)
d:/gcc-arm-none-eabi/bin/../lib/gcc/arm-none-eabi/10.3.1/../../../../arm-none-eabi/lib/thumb/v7e-m+fp/hard\libc_nano.a(lib_a-exit.o)
                              d:/gcc-arm-none-eabi/bin/../lib/gcc/arm-none-eabi/10.3.1/../../../../arm-none-eabi/lib/thumb/v7e-m+fp/hard/crt0.o (exit)
d:/gcc-arm-none-eabi/bin/../lib/gcc/arm-none-eabi/10.3.1/../../../../arm-none-eabi/lib/thumb/v7e-m+fp/hard\libc_nano.a(lib_a-impure.o)
                              d:/gcc-arm-none-eabi/bin/../lib/gcc/arm-none-eabi/10.3.1/../../../../arm-none-eabi/lib/thumb/v7e-m+fp/hard\libc_nano.a(lib_a-exit.o) (_global_impure_ptr)
d:/gcc-arm-none-eabi/bin/../lib/gcc/arm-none-eabi/10.3.1/../../../../arm-none-eabi/lib/thumb/v7e-m+fp/hard\libc_nano.a(lib_a-init.o)
                              d:/gcc-arm-none-eabi/bin/../lib/gcc/arm-none-eabi/10.3.1/../../../../arm-none-eabi/lib/thumb/v7e-m+fp/hard/crt0.o (__libc_init_array)
d:/gcc-arm-none-eabi/bin/../lib/gcc/arm-none-eabi/10.3.1/../../../../arm-none-eabi/lib/thumb/v7e-m+fp/hard\libc_nano.a(lib_a-memcpy-stub.o)
                              build/queue.o (memcpy)
d:/gcc-arm-none-eabi/bin/../lib/gcc/arm-none-eabi/10.3.1/../../../../arm-none-eabi/lib/thumb/v7e-m+fp/hard\libc_nano.a(lib_a-memset.o)
                              d:/gcc-arm-none-eabi/bin/../lib/gcc/arm-none-eabi/10.3.1/../../../../arm-none-eabi/lib/thumb/v7e-m+fp/hard/crt0.o (memset)
d:/gcc-arm-none-eabi/bin/../lib/gcc/arm-none-eabi/10.3.1/../../../../arm-none-eabi/lib/thumb/v7e-m+fp/hard\libc_nano.a(lib_a-printf.o)
                              build/main.o (printf)
d:/gcc-arm-none-eabi/bin/../lib/gcc/arm-none-eabi/10.3.1/../../../../arm-none-eabi/lib/thumb/v7e-m+fp/hard\libc_nano.a(lib_a-putchar.o)
                              build/main.o (putchar)
d:/gcc-arm-none-eabi/bin/../lib/gcc/arm-none-eabi/10.3.1/../../../../arm-none-eabi/lib/thumb/v7e-m+fp/hard\libc_nano.a(lib_a-puts.o)
                              build/main.o (puts)
d:/gcc-arm-none-eabi/bin/../lib/gcc/arm-none-eabi/10.3.1/../../../../arm-none-eabi/lib/thumb/v7e-m+fp/hard\libc_nano.a(lib_a-strcmp.o)
                              build/main.o (strcmp)
d:/gcc-arm-none-eabi/bin/../lib/gcc/arm-none-eabi/10.3.1/../../../../arm-none-eabi/lib/thumb/v7e-m+fp/hard\libc_nano.a(lib_a-strncpy.o)
                              build/main.o (strncpy)
d:/gcc-arm-none-eabi/bin/../lib/gcc/arm-none-eabi/10.3.1/../../../../arm-none-eabi/lib/thumb/v7e-m+fp/hard\libc_nano.a(lib_a-strtok.o)
                              build/main.o (strtok)
d:/gcc-arm-none-eabi/bin/../lib/gcc/arm-none-eabi/10.3.1/../../../../arm-none-eabi/lib/thumb/v7e-m+fp/hard\libc_nano.a(lib_a-strtok_r.o)
                              d:/gcc-arm-none-eabi/bin/../lib/gcc/arm-none-eabi/10.3.1/../../../../arm-none-eabi/lib/thumb/v7e-m+fp/hard\libc_nano.a(lib_a-strtok.o) (__strtok_r)
d:/gcc-arm-none-eabi/bin/../lib/gcc/arm-none-eabi/10.3.1/../../../../arm-none-eabi/lib/thumb/v7e-m+fp/hard\libc_nano.a(lib_a-strtol.o)
                              d:/gcc-arm-none-eabi/bin/../lib/gcc/arm-none-eabi/10.3.1/../../../../arm-none-eabi/lib/thumb/v7e-m+fp/hard\libc_nano.a(lib_a-atol.o) (_strtol_r)
d:/gcc-arm-none-eabi/bin/../lib/gcc/arm-none-eabi/10.3.1/../../../../arm-none-eabi/lib/thumb/v7e-m+fp/hard\libc_nano.a(lib_a-wbuf.o)
                              d:/gcc-arm-none-eabi/bin/../lib/gcc/arm-none-eabi/10.3.1/../../../../arm-none-eabi/lib/thumb/v7e-m+fp/hard\libc_nano.a(lib_a-puts.o) (__swbuf_r)
d:/gcc-arm-none-eabi/bin/../lib/gcc/arm-none-eabi/10.3.1/../../../../arm-none-eabi/lib/thumb/v7e-m+fp/hard\libc_nano.a(lib_a-wsetup.o)
                              d:/gcc-arm-none-eabi/bin/../lib/gcc/arm-none-eabi/10.3.1/../../../../arm-none-eabi/lib/thumb/v7e-m+fp/hard\libc_nano.a(lib_a-puts.o) (__swsetup_r)
d:/gcc-arm-none-eabi/bin/../lib/gcc/arm-none-eabi/10.3.1/../../../../arm-none-eabi/lib/thumb/v7e-m+fp/hard\libc_nano.a(lib_a-assert.o)
                              d:/gcc-arm-none-eabi/bin/../lib/gcc/arm-none-eabi/10.3.1/../../../../arm-none-eabi/lib/thumb/v7e-m+fp/hard\libc_nano.a(lib_a-strtok.o) (__assert_func)
d:/gcc-arm-none-eabi/bin/../lib/gcc/arm-none-eabi/10.3.1/../../../../arm-none-eabi/lib/thumb/v7e-m+fp/hard\libc_nano.a(lib_a-ctype_.o)
                              d:/gcc-arm-none-eabi/bin/../lib/gcc/arm-none-eabi/10.3.1/../../../../arm-none-eabi/lib/thumb/v7e-m+fp/hard\libc_nano.a(lib_a-strtol.o) (_ctype_)
d:/gcc-arm-none-eabi/bin/../lib/gcc/arm-none-eabi/10.3.1/../../../../arm-none-eabi/lib/thumb/v7e-m+fp/hard\libc_nano.a(lib_a-fflush.o)
[...]
Memory Configuration

Name             Origin             Length             Attributes
RAM              0x20000000         0x00020000         xrw
CCMRAM           0x10000000         0x00010000         xrw
FLASH            0x08000000         0x00080000         xr
*default*        0x00000000         0xffffffff

Linker script and memory map

LOAD d:/gcc-arm-none-eabi/bin/../lib/gcc/arm-none-eabi/10.3.1/thumb/v7e-m+fp/hard/crti.o
LOAD d:/gcc-arm-none-eabi/bin/../lib/gcc/arm-none-eabi/10.3.1/thumb/v7e-m+fp/hard/crtbegin.o
LOAD d:/gcc-arm-none-eabi/bin/../lib/gcc/arm-none-eabi/10.3.1/../../../../arm-none-eabi/lib/thumb/v7e-m+fp/hard/crt0.o
LOAD build/main.o
LOAD build/gpio.o
LOAD build/uart.o
LOAD build/spi.o
LOAD build/stm32f4xx_it.o
LOAD build/sys_clock.o
LOAD build/system_stm32f4xx.o
LOAD build/sysmem.o
LOAD build/syscalls.o
LOAD build/w25qxx.o
LOAD build/croutine.o
LOAD build/event_groups.o
LOAD build/list.o
LOAD build/queue.o
LOAD build/stream_buffer.o
LOAD build/tasks.o
LOAD build/timers.o
LOAD build/heap_4.o
LOAD build/port.o
LOAD build/startup_stm32f407xx.o
LOAD d:/gcc-arm-none-eabi/bin/../lib/gcc/arm-none-eabi/10.3.1/../../../../arm-none-eabi/lib/thumb/v7e-m+fp/hard\libc_nano.a
LOAD d:/gcc-arm-none-eabi/bin/../lib/gcc/arm-none-eabi/10.3.1/../../../../arm-none-eabi/lib/thumb/v7e-m+fp/hard\libm.a
LOAD d:/gcc-arm-none-eabi/bin/../lib/gcc/arm-none-eabi/10.3.1/../../../../arm-none-eabi/lib/thumb/v7e-m+fp/hard\libnosys.a
START GROUP
LOAD d:/gcc-arm-none-eabi/bin/../lib/gcc/arm-none-eabi/10.3.1/thumb/v7e-m+fp/hard\libgcc.a
LOAD d:/gcc-arm-none-eabi/bin/../lib/gcc/arm-none-eabi/10.3.1/../../../../arm-none-eabi/lib/thumb/v7e-m+fp/hard\libc_nano.a
END GROUP
START GROUP
LOAD d:/gcc-arm-none-eabi/bin/../lib/gcc/arm-none-eabi/10.3.1/thumb/v7e-m+fp/hard\libgcc.a
LOAD d:/gcc-arm-none-eabi/bin/../lib/gcc/arm-none-eabi/10.3.1/../../../../arm-none-eabi/lib/thumb/v7e-m+fp/hard\libc_nano.a
END GROUP
LOAD d:/gcc-arm-none-eabi/bin/../lib/gcc/arm-none-eabi/10.3.1/thumb/v7e-m+fp/hard/crtend.o
LOAD d:/gcc-arm-none-eabi/bin/../lib/gcc/arm-none-eabi/10.3.1/thumb/v7e-m+fp/hard/crtn.o
                0x20020000                _estack = (ORIGIN (RAM) + LENGTH (RAM))
                0x00000200                _Min_Heap_Size = 0x200
                0x00000400                _Min_Stack_Size = 0x400

.isr_vector     0x08000000      0x188
                0x08000000                . = ALIGN (0x4)
 *(.isr_vector)
 .isr_vector    0x08000000      0x188 build/startup_stm32f407xx.o
                0x08000000                g_pfnVectors
                0x08000188                . = ALIGN (0x4)

.text           0x08000190     0x5114
                0x08000190                . = ALIGN (0x4)
 *(.text)
 .text          0x08000190       0x40 d:/gcc-arm-none-eabi/bin/../lib/gcc/arm-none-eabi/10.3.1/thumb/v7e-m+fp/hard/crtbegin.o
 .text          0x080001d0       0x14 d:/gcc-arm-none-eabi/bin/../lib/gcc/arm-none-eabi/10.3.1/../../../../arm-none-eabi/lib/thumb/v7e-m+fp/hard\libc_nano.a(lib_a-strcmp.o)
                0x080001d0                strcmp
 *fill*         0x080001e4        0xc 
 .text          0x080001f0       0xa0 d:/gcc-arm-none-eabi/bin/../lib/gcc/arm-none-eabi/10.3.1/../../../../arm-none-eabi/lib/thumb/v7e-m+fp/hard\libc_nano.a(lib_a-memchr.o)
                0x080001f0                memchr
 *(.text*)
 .text.__io_putchar
                0x08000290       0x20 build/main.o
                0x08000290                __io_putchar
 .text.ProcessString
                0x080002b0       0x58 build/main.o
                0x080002b0                ProcessString
 .text.PerformW25q
                0x08000308      0x15c build/main.o
                0x08000308                PerformW25q
 .text.vTaskLED
                0x08000464       0x40 build/main.o
                0x08000464                vTaskLED
 .text.vTask1   0x080004a4       0xb6 build/main.o
                0x080004a4                vTask1
 *fill*         0x0800055a        0x2 
 .text.main     0x0800055c       0x78 build/main.o
                0x0800055c                main
 .text.MX_GPIO_Init
                0x080005d4      0x204 build/gpio.o
                0x080005d4                MX_GPIO_Init
 .text.gpio_tog
                0x080007d8       0x3e build/gpio.o
                0x080007d8                gpio_tog
 .text.gpio_write
                0x08000816       0x4a build/gpio.o
                0x08000816                gpio_write
 .text.__NVIC_EnableIRQ
                0x08000860       0x3c build/uart.o
 .text.__NVIC_SetPriority
                0x0800089c       0x54 build/uart.o
 .text.NVIC_EncodePriority
                0x080008f0       0x66 build/uart.o
 *fill*         0x08000956        0x2 
 .text.USART1_Init
                0x08000958      0x148 build/uart.o
                0x08000958                USART1_Init
 .text.Usart_Transmit
                0x08000aa0       0x74 build/uart.o
                0x08000aa0                Usart_Transmit
 .text.ProcessNewData
                0x08000b14       0x74 build/uart.o
                0x08000b14                ProcessNewData
 .text.HandleDMAData
                0x08000b88       0x60 build/uart.o
                0x08000b88                HandleDMAData
 .text.GetFromBuff_DMA
                0x08000be8       0x7c build/uart.o
                0x08000be8                GetFromBuff_DMA
 .text.Uart1_Receive_DMA
                0x08000c64       0x44 build/uart.o
                0x08000c64                Uart1_Receive_DMA
 .text.UART1_IRQHandlerRxCallback
                0x08000ca8       0x34 build/uart.o
                0x08000ca8                UART1_IRQHandlerRxCallback
 .text.TranCompleteITCallback
                0x08000cdc       0x18 build/uart.o
                0x08000cdc                TranCompleteITCallback
 .text.UART1_DMA2_RX_IRQHandler
                0x08000cf4       0x48 build/uart.o
                0x08000cf4                UART1_DMA2_RX_IRQHandler
 .text.SPI_Init
                0x08000d3c       0x90 build/spi.o
                0x08000d3c                SPI_Init
 .text.SPI1_Transmit
                0x08000dcc       0x82 build/spi.o
                0x08000dcc                SPI1_Transmit
 .text.SPI1_Receive
                0x08000e4e       0x8e build/spi.o
                0x08000e4e                SPI1_Receive
 .text.SPI1_TransmitReceive
                0x08000edc       0xbc build/spi.o
                0x08000edc                SPI1_TransmitReceive
 .text.NMI_Handler
                0x08000f98        0x6 build/stm32f4xx_it.o
                0x08000f98                NMI_Handler
 .text.HardFault_Handler
                0x08000f9e        0x6 build/stm32f4xx_it.o
                0x08000f9e                HardFault_Handler
 .text.MemManage_Handler
                0x08000fa4        0x6 build/stm32f4xx_it.o
                0x08000fa4                MemManage_Handler
 .text.BusFault_Handler
                0x08000faa        0x6 build/stm32f4xx_it.o
                0x08000faa                BusFault_Handler
 .text.UsageFault_Handler
                0x08000fb0        0x6 build/stm32f4xx_it.o
                0x08000fb0                UsageFault_Handler
 .text.DebugMon_Handler
                0x08000fb6        0xe build/stm32f4xx_it.o
                0x08000fb6                DebugMon_Handler
 .text.TIM2_IRQHandler
                0x08000fc4       0x1c build/stm32f4xx_it.o
                0x08000fc4                TIM2_IRQHandler
 .text.USART1_IRQHandler
                0x08000fe0        0xc build/stm32f4xx_it.o
                0x08000fe0                USART1_IRQHandler
 .text.DMA2_Stream2_IRQHandler
                0x08000fec        0xc build/stm32f4xx_it.o
                0x08000fec                DMA2_Stream2_IRQHandler
 .text.DMA2_Stream7_IRQHandler
                0x08000ff8        0xc build/stm32f4xx_it.o
                0x08000ff8                DMA2_Stream7_IRQHandler
 .text.__NVIC_SetPriorityGrouping
                0x08001004       0x48 build/sys_clock.o
 .text.__NVIC_GetPriorityGrouping
                0x0800104c       0x1c build/sys_clock.o
 .text.__NVIC_EnableIRQ
                0x08001068       0x3c build/sys_clock.o
 .text.__NVIC_SetPriority
                0x080010a4       0x54 build/sys_clock.o
 .text.NVIC_EncodePriority
                0x080010f8       0x66 build/sys_clock.o
 *fill*         0x0800115e        0x2 
 .text.SystemClock_Config
                0x08001160      0x118 build/sys_clock.o
                0x08001160                SystemClock_Config
 .text.Init_Tick_Tim
                0x08001278       0xb8 build/sys_clock.o
                0x08001278                Init_Tick_Tim
 .text.Inc_Tick
                0x08001330       0x1c build/sys_clock.o
                0x08001330                Inc_Tick
 .text.Get_Tick
                0x0800134c       0x18 build/sys_clock.o
                0x0800134c                Get_Tick
 .text.s_delay  0x08001364       0x2a build/sys_clock.o
                0x08001364                s_delay
 *fill*         0x0800138e        0x2 
 .text.SystemInit
                0x08001390       0x24 build/system_stm32f4xx.o
                0x08001390                SystemInit
 .text._sbrk    0x080013b4       0x6c build/sysmem.o
                0x080013b4                _sbrk
 .text._getpid  0x08001420       0x10 build/syscalls.o
                0x08001420                _getpid
 .text._kill    0x08001430       0x20 build/syscalls.o
                0x08001430                _kill
 .text._exit    0x08001450       0x14 build/syscalls.o
                0x08001450                _exit
 .text._read    0x08001464       0x3a build/syscalls.o
                0x08001464                _read
 .text._write   0x0800149e       0x38 build/syscalls.o
                0x0800149e                _write
 .text._close   0x080014d6       0x18 build/syscalls.o
                0x080014d6                _close
 .text._fstat   0x080014ee       0x20 build/syscalls.o
                0x080014ee                _fstat
 .text._isatty  0x0800150e       0x16 build/syscalls.o
                0x0800150e                _isatty
 .text._lseek   0x08001524       0x1a build/syscalls.o
                0x08001524                _lseek
 .text.W25Q_Delay
                0x0800153e       0x16 build/w25qxx.o
                0x0800153e                W25Q_Delay
 .text.csLOW    0x08001554       0x18 build/w25qxx.o
                0x08001554                csLOW
 .text.csHIGH   0x0800156c       0x18 build/w25qxx.o
                0x0800156c                csHIGH
 .text.SPI_Write
                0x08001584       0x24 build/w25qxx.o
                0x08001584                SPI_Write
 .text.SPI_Read
                0x080015a8       0x24 build/w25qxx.o
                0x080015a8                SPI_Read
 .text.W25Q_Reset
                0x080015cc       0x2e build/w25qxx.o
                0x080015cc                W25Q_Reset
 *fill*         0x080015fa        0x2 
 .text.W25Q_ReadID
                0x080015fc       0x44 build/w25qxx.o
                0x080015fc                W25Q_ReadID
 .text.W25Q_Read_Byte
                0x08001640       0x58 build/w25qxx.o
                0x08001640                W25Q_Read_Byte
 .text.W25Q_Enable_Write
                0x08001698       0x2a build/w25qxx.o
                0x08001698                W25Q_Enable_Write
 .text.W25Q_Disable_Write
                0x080016c2       0x2a build/w25qxx.o
                0x080016c2                W25Q_Disable_Write
 .text.W25Q_Erase_Sector
                0x080016ec       0x56 build/w25qxx.o
                0x080016ec                W25Q_Erase_Sector
 .text.W25Q_Write_Byte
                0x08001742       0x5c build/w25qxx.o
                0x08001742                W25Q_Write_Byte
 .text.W25Q_Program_Page
                0x0800179e       0x7c build/w25qxx.o
                0x0800179e                W25Q_Program_Page
 .text.vListInitialise
                0x0800181a       0x40 build/list.o
                0x0800181a                vListInitialise
 .text.vListInitialiseItem
                0x0800185a       0x1a build/list.o
                0x0800185a                vListInitialiseItem
 .text.vListInsert
                0x08001874       0x72 build/list.o
                0x08001874                vListInsert
 .text.uxListRemove
                0x080018e6       0x54 build/list.o
                0x080018e6                uxListRemove
 *fill*         0x0800193a        0x2 
 .text.xQueueGenericReset
                0x0800193c      0x120 build/queue.o
                0x0800193c                xQueueGenericReset
 .text.xQueueGenericCreate
                0x08001a5c       0x9c build/queue.o
                0x08001a5c                xQueueGenericCreate
 .text.prvInitialiseNewQueue
                0x08001af8       0x46 build/queue.o
 *fill*         0x08001b3e        0x2 
 .text.xQueueReceive
                0x08001b40      0x1c0 build/queue.o
                0x08001b40                xQueueReceive
 .text.prvCopyDataFromQueue
                0x08001d00       0x4c build/queue.o
 .text.prvUnlockQueue
                0x08001d4c       0xa4 build/queue.o
 .text.prvIsQueueEmpty
                0x08001df0       0x2c build/queue.o
 .text.vQueueAddToRegistry
                0x08001e1c       0x9c build/queue.o
                0x08001e1c                vQueueAddToRegistry
 .text.vQueueWaitForMessageRestricted
                0x08001eb8       0x68 build/queue.o
                0x08001eb8                vQueueWaitForMessageRestricted
 .text.prvCreateTask
                0x08001f20       0x78 build/tasks.o
 .text.xTaskCreate
                0x08001f98       0x46 build/tasks.o
                0x08001f98                xTaskCreate
 .text.prvInitialiseNewTask
                0x08001fde      0x11c build/tasks.o
 *fill*         0x080020fa        0x2 
 .text.prvAddNewTaskToReadyList
                0x080020fc      0x134 build/tasks.o
 .text.vTaskDelay
                0x08002230       0x68 build/tasks.o
                0x08002230                vTaskDelay
 .text.prvCreateIdleTasks
                0x08002298       0x94 build/tasks.o
 .text.vTaskStartScheduler
                0x0800232c       0x88 build/tasks.o
                0x0800232c                vTaskStartScheduler
 .text.vTaskSuspendAll
                0x080023b4       0x1c build/tasks.o
                0x080023b4                vTaskSuspendAll
 .text.xTaskResumeAll
                0x080023d0      0x210 build/tasks.o
                0x080023d0                xTaskResumeAll
 .text.xTaskGetTickCount
                0x080025e0       0x20 build/tasks.o
                0x080025e0                xTaskGetTickCount
 .text.xTaskIncrementTick
                0x08002600      0x234 build/tasks.o
                0x08002600                xTaskIncrementTick
 .text.vTaskSwitchContext
                0x08002834       0xbc build/tasks.o
                0x08002834                vTaskSwitchContext
 .text.vTaskPlaceOnEventList
                0x080028f0       0x48 build/tasks.o
                0x080028f0                vTaskPlaceOnEventList
 .text.vTaskPlaceOnEventListRestricted
                0x08002938       0x8c build/tasks.o
                0x08002938                vTaskPlaceOnEventListRestricted
 .text.xTaskRemoveFromEventList
                0x080029c4      0x1b4 build/tasks.o
                0x080029c4                xTaskRemoveFromEventList
 .text.vTaskInternalSetTimeOutState
                0x08002b78       0x2c build/tasks.o
                0x08002b78                vTaskInternalSetTimeOutState
 .text.xTaskCheckForTimeOut
                0x08002ba4       0xcc build/tasks.o
                0x08002ba4                xTaskCheckForTimeOut
 .text.vTaskMissedYield
                0x08002c70       0x18 build/tasks.o
                0x08002c70                vTaskMissedYield
 .text.prvIdleTask
                0x08002c88       0x30 build/tasks.o
 .text.prvInitialiseTaskLists
                0x08002cb8       0x80 build/tasks.o
 .text.prvCheckTasksWaitingTermination
                0x08002d38       0x5c build/tasks.o
 .text.prvDeleteTCB
                0x08002d94       0x20 build/tasks.o
 .text.prvResetNextTaskUnblockTime
                0x08002db4       0x38 build/tasks.o
 .text.xTaskGetSchedulerState
                0x08002dec       0x3c build/tasks.o
                0x08002dec                xTaskGetSchedulerState
 .text.prvAddCurrentTaskToDelayedList
                0x08002e28       0xe0 build/tasks.o
 .text.xTimerCreateTimerTask
                0x08002f08       0x64 build/timers.o
                0x08002f08                xTimerCreateTimerTask
 .text.prvReloadTimer
                0x08002f6c       0x42 build/timers.o
 *fill*         0x08002fae        0x2 
 .text.prvProcessExpiredTimer
                0x08002fb0       0x60 build/timers.o
 .text.prvTimerTask
                0x08003010       0x24 build/timers.o
 .text.prvProcessTimerOrBlockTask
                0x08003034       0x9c build/timers.o
 .text.prvGetNextExpireTime
                0x080030d0       0x48 build/timers.o
 .text.prvSampleTimeNow
                0x08003118       0x40 build/timers.o
 .text.prvInsertTimerInActiveList
                0x08003158       0x84 build/timers.o
 .text.prvProcessReceivedCommands
                0x080031dc      0x1c0 build/timers.o
 .text.prvSwitchTimerLists
                0x0800339c       0x4c build/timers.o
 .text.prvCheckForValidListAndQueue
                0x080033e8       0x6c build/timers.o
 .text.pvPortMalloc
                0x08003454      0x260 build/heap_4.o
                0x08003454                pvPortMalloc
 .text.vPortFree
                0x080036b4       0xf0 build/heap_4.o
                0x080036b4                vPortFree
 .text.prvHeapInit
                0x080037a4       0xb4 build/heap_4.o
 .text.prvInsertBlockIntoFreeList
                0x08003858       0xf4 build/heap_4.o
 .text.pxPortInitialiseStack
                0x0800394c       0x68 build/port.o
                0x0800394c                pxPortInitialiseStack
 .text.prvTaskExitError
                0x080039b4       0x58 build/port.o
 .text.SVC_Handler
                0x08003a0c       0x24 build/port.o
                0x08003a0c                SVC_Handler
 .text.prvPortStartFirstTask
                0x08003a30       0x2c build/port.o
 .text.xPortStartScheduler
                0x08003a5c      0x1d4 build/port.o
                0x08003a5c                xPortStartScheduler
 .text.vPortEnterCritical
                0x08003c30       0x60 build/port.o
                0x08003c30                vPortEnterCritical
 .text.vPortExitCritical
                0x08003c90       0x54 build/port.o
                0x08003c90                vPortExitCritical
 .text.PendSV_Handler
                0x08003ce4       0x64 build/port.o
                0x08003ce4                PendSV_Handler
 .text.SysTick_Handler
                0x08003d48       0x44 build/port.o
                0x08003d48                SysTick_Handler
 .text.vPortSetupTimerInterrupt
                0x08003d8c       0x48 build/port.o
                0x08003d8c                vPortSetupTimerInterrupt
 .text.vPortEnableVFP
                0x08003dd4       0x18 build/port.o
 .text.Reset_Handler
                0x08003dec       0x50 build/startup_stm32f407xx.o
                0x08003dec                Reset_Handler
 .text.Default_Handler
                0x08003e3c        0x2 build/startup_stm32f407xx.o
                0x08003e3c                RTC_Alarm_IRQHandler
                0x08003e3c                HASH_RNG_IRQHandler
                0x08003e3c                EXTI2_IRQHandler
                0x08003e3c                TIM8_CC_IRQHandler
                0x08003e3c                TIM1_CC_IRQHandler
                0x08003e3c                DMA2_Stream5_IRQHandler
                0x08003e3c                DMA1_Stream5_IRQHandler
                0x08003e3c                PVD_IRQHandler
                0x08003e3c                SDIO_IRQHandler
                0x08003e3c                TAMP_STAMP_IRQHandler
                0x08003e3c                CAN2_RX1_IRQHandler
                0x08003e3c                EXTI3_IRQHandler
                0x08003e3c                TIM8_TRG_COM_TIM14_IRQHandler
                0x08003e3c                TIM1_UP_TIM10_IRQHandler
                0x08003e3c                TIM8_UP_TIM13_IRQHandler
                0x08003e3c                I2C3_ER_IRQHandler
                0x08003e3c                EXTI0_IRQHandler
                0x08003e3c                I2C2_EV_IRQHandler
                0x08003e3c                DMA1_Stream2_IRQHandler
                0x08003e3c                CAN1_RX0_IRQHandler
                0x08003e3c                FPU_IRQHandler
                0x08003e3c                OTG_HS_WKUP_IRQHandler
                0x08003e3c                CAN2_SCE_IRQHandler
                0x08003e3c                SPI1_IRQHandler
                0x08003e3c                TIM6_DAC_IRQHandler
                0x08003e3c                TIM1_BRK_TIM9_IRQHandler
                0x08003e3c                DCMI_IRQHandler
                0x08003e3c                CAN2_RX0_IRQHandler
                0x08003e3c                DMA2_Stream3_IRQHandler
                0x08003e3c                USART6_IRQHandler
                0x08003e3c                USART3_IRQHandler
                0x08003e3c                CAN1_RX1_IRQHandler
                0x08003e3c                UART5_IRQHandler
                0x08003e3c                DMA2_Stream0_IRQHandler
                0x08003e3c                TIM4_IRQHandler
                0x08003e3c                I2C1_EV_IRQHandler
                0x08003e3c                DMA1_Stream6_IRQHandler
                0x08003e3c                DMA1_Stream1_IRQHandler
                0x08003e3c                UART4_IRQHandler
                0x08003e3c                TIM3_IRQHandler
                0x08003e3c                RCC_IRQHandler
                0x08003e3c                TIM8_BRK_TIM12_IRQHandler
                0x08003e3c                Default_Handler
                0x08003e3c                EXTI15_10_IRQHandler
                0x08003e3c                ADC_IRQHandler
                0x08003e3c                DMA1_Stream7_IRQHandler
                0x08003e3c                TIM7_IRQHandler
                0x08003e3c                CAN2_TX_IRQHandler
                0x08003e3c                TIM5_IRQHandler
                0x08003e3c                I2C3_EV_IRQHandler
                0x08003e3c                EXTI9_5_IRQHandler
                0x08003e3c                RTC_WKUP_IRQHandler
                0x08003e3c                ETH_WKUP_IRQHandler
                0x08003e3c                SPI2_IRQHandler
                0x08003e3c                OTG_HS_EP1_IN_IRQHandler
                0x08003e3c                DMA1_Stream0_IRQHandler
                0x08003e3c                CAN1_TX_IRQHandler
                0x08003e3c                EXTI4_IRQHandler
                0x08003e3c                FSMC_IRQHandler
                0x08003e3c                ETH_IRQHandler
                0x08003e3c                OTG_HS_EP1_OUT_IRQHandler
                0x08003e3c                WWDG_IRQHandler
                0x08003e3c                OTG_FS_WKUP_IRQHandler
                0x08003e3c                TIM1_TRG_COM_TIM11_IRQHandler
                0x08003e3c                OTG_HS_IRQHandler
                0x08003e3c                EXTI1_IRQHandler
                0x08003e3c                USART2_IRQHandler
                0x08003e3c                I2C2_ER_IRQHandler
                0x08003e3c                DMA2_Stream1_IRQHandler
                0x08003e3c                CAN1_SCE_IRQHandler
                0x08003e3c                FLASH_IRQHandler
                0x08003e3c                DMA2_Stream4_IRQHandler
                0x08003e3c                OTG_FS_IRQHandler
                0x08003e3c                SPI3_IRQHandler
                0x08003e3c                DMA1_Stream4_IRQHandler
                0x08003e3c                I2C1_ER_IRQHandler
                0x08003e3c                DMA2_Stream6_IRQHandler
                0x08003e3c                DMA1_Stream3_IRQHandler
 .text.atol     0x08003e3e        0x8 d:/gcc-arm-none-eabi/bin/../lib/gcc/arm-none-eabi/10.3.1/../../../../arm-none-eabi/lib/thumb/v7e-m+fp/hard\libc_nano.a(lib_a-atol.o)
                0x08003e3e                atol
 *fill*         0x08003e46        0x2 
 .text.__errno  0x08003e48        0xc d:/gcc-arm-none-eabi/bin/../lib/gcc/arm-none-eabi/10.3.1/../../../../arm-none-eabi/lib/thumb/v7e-m+fp/hard\libc_nano.a(lib_a-errno.o)
                0x08003e48                __errno
 .text.__libc_init_array
                0x08003e54       0x48 d:/gcc-arm-none-eabi/bin/../lib/gcc/arm-none-eabi/10.3.1/../../../../arm-none-eabi/lib/thumb/v7e-m+fp/hard\libc_nano.a(lib_a-init.o)
                0x08003e54                __libc_init_array
 .text.memcpy   0x08003e9c       0x1c d:/gcc-arm-none-eabi/bin/../lib/gcc/arm-none-eabi/10.3.1/../../../../arm-none-eabi/lib/thumb/v7e-m+fp/hard\libc_nano.a(lib_a-memcpy-stub.o)
                0x08003e9c                memcpy
 .text.memset   0x08003eb8       0x10 d:/gcc-arm-none-eabi/bin/../lib/gcc/arm-none-eabi/10.3.1/../../../../arm-none-eabi/lib/thumb/v7e-m+fp/hard\libc_nano.a(lib_a-memset.o)
                0x08003eb8                memset
 .text.printf   0x08003ec8       0x30 d:/gcc-arm-none-eabi/bin/../lib/gcc/arm-none-eabi/10.3.1/../../../../arm-none-eabi/lib/thumb/v7e-m+fp/hard\libc_nano.a(lib_a-printf.o)
                0x08003ec8                iprintf
                0x08003ec8                printf
 .text.putchar  0x08003ef8       0x2c d:/gcc-arm-none-eabi/bin/../lib/gcc/arm-none-eabi/10.3.1/../../../../arm-none-eabi/lib/thumb/v7e-m+fp/hard\libc_nano.a(lib_a-putchar.o)
                0x08003ef8                putchar
 .text._puts_r  0x08003f24       0xdc d:/gcc-arm-none-eabi/bin/../lib/gcc/arm-none-eabi/10.3.1/../../../../arm-none-eabi/lib/thumb/v7e-m+fp/hard\libc_nano.a(lib_a-puts.o)
                0x08003f24                _puts_r
 .text.puts     0x08004000       0x10 d:/gcc-arm-none-eabi/bin/../lib/gcc/arm-none-eabi/10.3.1/../../../../arm-none-eabi/lib/thumb/v7e-m+fp/hard\libc_nano.a(lib_a-puts.o)
                0x08004000                puts
 .text.strncpy  0x08004010       0x26 d:/gcc-arm-none-eabi/bin/../lib/gcc/arm-none-eabi/10.3.1/../../../../arm-none-eabi/lib/thumb/v7e-m+fp/hard\libc_nano.a(lib_a-strncpy.o)
                0x08004010                strncpy
 *fill*         0x08004036        0x2 
 .text.strtok   0x08004038       0x68 d:/gcc-arm-none-eabi/bin/../lib/gcc/arm-none-eabi/10.3.1/../../../../arm-none-eabi/lib/thumb/v7e-m+fp/hard\libc_nano.a(lib_a-strtok.o)
                0x08004038                strtok
 .text.__strtok_r
                0x080040a0       0x50 d:/gcc-arm-none-eabi/bin/../lib/gcc/arm-none-eabi/10.3.1/../../../../arm-none-eabi/lib/thumb/v7e-m+fp/hard\libc_nano.a(lib_a-strtok_r.o)
                0x080040a0                __strtok_r
 .text._strtol_l.constprop.0
                0x080040f0      0x104 d:/gcc-arm-none-eabi/bin/../lib/gcc/arm-none-eabi/10.3.1/../../../../arm-none-eabi/lib/thumb/v7e-m+fp/hard\libc_nano.a(lib_a-strtol.o)
 .text.strtol   0x080041f4       0x14 d:/gcc-arm-none-eabi/bin/../lib/gcc/arm-none-eabi/10.3.1/../../../../arm-none-eabi/lib/thumb/v7e-m+fp/hard\libc_nano.a(lib_a-strtol.o)
                0x080041f4                strtol
 .text.__swbuf_r
                0x08004208       0xa4 d:/gcc-arm-none-eabi/bin/../lib/gcc/arm-none-eabi/10.3.1/../../../../arm-none-eabi/lib/thumb/v7e-m+fp/hard\libc_nano.a(lib_a-wbuf.o)
                0x08004208                __swbuf_r
 .text.__swsetup_r
                0x080042ac       0xdc d:/gcc-arm-none-eabi/bin/../lib/gcc/arm-none-eabi/10.3.1/../../../../arm-none-eabi/lib/thumb/v7e-m+fp/hard\libc_nano.a(lib_a-wsetup.o)
                0x080042ac                __swsetup_r
 .text.__assert_func
                0x08004388       0x3c d:/gcc-arm-none-eabi/bin/../lib/gcc/arm-none-eabi/10.3.1/../../../../arm-none-eabi/lib/thumb/v7e-m+fp/hard\libc_nano.a(lib_a-assert.o)
                0x08004388                __assert_func
 .text.__sflush_r
                0x080043c4      0x10c d:/gcc-arm-none-eabi/bin/../lib/gcc/arm-none-eabi/10.3.1/../../../../arm-none-eabi/lib/thumb/v7e-m+fp/hard\libc_nano.a(lib_a-fflush.o)
                0x080043c4                __sflush_r
 .text._fflush_r
                0x080044d0       0x78 d:/gcc-arm-none-eabi/bin/../lib/gcc/arm-none-eabi/10.3.1/../../../../arm-none-eabi/lib/thumb/v7e-m+fp/hard\libc_nano.a(lib_a-fflush.o)
                0x080044d0                _fflush_r
 .text.std      0x08004548       0x48 d:/gcc-arm-none-eabi/bin/../lib/gcc/arm-none-eabi/10.3.1/../../../../arm-none-eabi/lib/thumb/v7e-m+fp/hard\libc_nano.a(lib_a-findfp.o)
 .text._cleanup_r
                0x08004590        0xc d:/gcc-arm-none-eabi/bin/../lib/gcc/arm-none-eabi/10.3.1/../../../../arm-none-eabi/lib/thumb/v7e-m+fp/hard\libc_nano.a(lib_a-findfp.o)
                0x08004590                _cleanup_r
 .text.__sfmoreglue
                0x0800459c       0x2c d:/gcc-arm-none-eabi/bin/../lib/gcc/arm-none-eabi/10.3.1/../../../../arm-none-eabi/lib/thumb/v7e-m+fp/hard\libc_nano.a(lib_a-findfp.o)
                0x0800459c                __sfmoreglue
 .text.__sfp_lock_acquire
                0x080045c8        0xc d:/gcc-arm-none-eabi/bin/../lib/gcc/arm-none-eabi/10.3.1/../../../../arm-none-eabi/lib/thumb/v7e-m+fp/hard\libc_nano.a(lib_a-findfp.o)
                0x080045c8                __sfp_lock_acquire
 .text.__sfp_lock_release
                0x080045d4        0xc d:/gcc-arm-none-eabi/bin/../lib/gcc/arm-none-eabi/10.3.1/../../../../arm-none-eabi/lib/thumb/v7e-m+fp/hard\libc_nano.a(lib_a-findfp.o)
                0x080045d4                __sfp_lock_release
 .text.__sinit_lock_acquire
                0x080045e0        0xc d:/gcc-arm-none-eabi/bin/../lib/gcc/arm-none-eabi/10.3.1/../../../../arm-none-eabi/lib/thumb/v7e-m+fp/hard\libc_nano.a(lib_a-findfp.o)
                0x080045e0                __sinit_lock_acquire
 .text.__sinit_lock_release
                0x080045ec        0xc d:/gcc-arm-none-eabi/bin/../lib/gcc/arm-none-eabi/10.3.1/../../../../arm-none-eabi/lib/thumb/v7e-m+fp/hard\libc_nano.a(lib_a-findfp.o)
                0x080045ec                __sinit_lock_release
 .text.__sinit  0x080045f8       0x70 d:/gcc-arm-none-eabi/bin/../lib/gcc/arm-none-eabi/10.3.1/../../../../arm-none-eabi/lib/thumb/v7e-m+fp/hard\libc_nano.a(lib_a-findfp.o)
                0x080045f8                __sinit
 .text.__sfp    0x08004668       0x8c d:/gcc-arm-none-eabi/bin/../lib/gcc/arm-none-eabi/10.3.1/../../../../arm-none-eabi/lib/thumb/v7e-m+fp/hard\libc_nano.a(lib_a-findfp.o)
                0x08004668                __sfp
 .text.fprintf  0x080046f4       0x24 d:/gcc-arm-none-eabi/bin/../lib/gcc/arm-none-eabi/10.3.1/../../../../arm-none-eabi/lib/thumb/v7e-m+fp/hard\libc_nano.a(lib_a-fprintf.o)
                0x080046f4                fiprintf
                0x080046f4                fprintf
 .text._fwalk_reent
                0x08004718       0x3e d:/gcc-arm-none-eabi/bin/../lib/gcc/arm-none-eabi/10.3.1/../../../../arm-none-eabi/lib/thumb/v7e-m+fp/hard\libc_nano.a(lib_a-fwalk.o)
                0x08004718                _fwalk_reent
 .text.__retarget_lock_init_recursive
                0x08004756        0x2 d:/gcc-arm-none-eabi/bin/../lib/gcc/arm-none-eabi/10.3.1/../../../../arm-none-eabi/lib/thumb/v7e-m+fp/hard\libc_nano.a(lib_a-lock.o)
                0x08004756                __retarget_lock_init_recursive
 .text.__retarget_lock_acquire_recursive
                0x08004758        0x2 d:/gcc-arm-none-eabi/bin/../lib/gcc/arm-none-eabi/10.3.1/../../../../arm-none-eabi/lib/thumb/v7e-m+fp/hard\libc_nano.a(lib_a-lock.o)
                0x08004758                __retarget_lock_acquire_recursive
 .text.__retarget_lock_release_recursive
                0x0800475a        0x2 d:/gcc-arm-none-eabi/bin/../lib/gcc/arm-none-eabi/10.3.1/../../../../arm-none-eabi/lib/thumb/v7e-m+fp/hard\libc_nano.a(lib_a-lock.o)
                0x0800475a                __retarget_lock_release_recursive
 .text.__swhatbuf_r
                0x0800475c       0x4a d:/gcc-arm-none-eabi/bin/../lib/gcc/arm-none-eabi/10.3.1/../../../../arm-none-eabi/lib/thumb/v7e-m+fp/hard\libc_nano.a(lib_a-makebuf.o)
                0x0800475c                __swhatbuf_r
 *fill*         0x080047a6        0x2 
 .text.__smakebuf_r
                0x080047a8       0x80 d:/gcc-arm-none-eabi/bin/../lib/gcc/arm-none-eabi/10.3.1/../../../../arm-none-eabi/lib/thumb/v7e-m+fp/hard\libc_nano.a(lib_a-makebuf.o)
                0x080047a8                __smakebuf_r
 .text.malloc   0x08004828       0x10 d:/gcc-arm-none-eabi/bin/../lib/gcc/arm-none-eabi/10.3.1/../../../../arm-none-eabi/lib/thumb/v7e-m+fp/hard\libc_nano.a(lib_a-malloc.o)
                0x08004828                malloc
 .text._free_r  0x08004838       0x98 d:/gcc-arm-none-eabi/bin/../lib/gcc/arm-none-eabi/10.3.1/../../../../arm-none-eabi/lib/thumb/v7e-m+fp/hard\libc_nano.a(lib_a-nano-freer.o)
                0x08004838                _free_r
 .text.sbrk_aligned
                0x080048d0       0x40 d:/gcc-arm-none-eabi/bin/../lib/gcc/arm-none-eabi/10.3.1/../../../../arm-none-eabi/lib/thumb/v7e-m+fp/hard\libc_nano.a(lib_a-nano-mallocr.o)
 .text._malloc_r
                0x08004910       0xe8 d:/gcc-arm-none-eabi/bin/../lib/gcc/arm-none-eabi/10.3.1/../../../../arm-none-eabi/lib/thumb/v7e-m+fp/hard\libc_nano.a(lib_a-nano-mallocr.o)
                0x08004910                _malloc_r
 .text.__sfputc_r
                0x080049f8       0x2e d:/gcc-arm-none-eabi/bin/../lib/gcc/arm-none-eabi/10.3.1/../../../../arm-none-eabi/lib/thumb/v7e-m+fp/hard\libc_nano.a(lib_a-nano-vfprintf.o)
 .text.__sfputs_r
                0x08004a26       0x24 d:/gcc-arm-none-eabi/bin/../lib/gcc/arm-none-eabi/10.3.1/../../../../arm-none-eabi/lib/thumb/v7e-m+fp/hard\libc_nano.a(lib_a-nano-vfprintf.o)
                0x08004a26                __sfputs_r
 *fill*         0x08004a4a        0x2 
 .text._vfprintf_r
                0x08004a4c      0x260 d:/gcc-arm-none-eabi/bin/../lib/gcc/arm-none-eabi/10.3.1/../../../../arm-none-eabi/lib/thumb/v7e-m+fp/hard\libc_nano.a(lib_a-nano-vfprintf.o)
                0x08004a4c                _vfprintf_r
                0x08004a4c                _vfiprintf_r
 .text._printf_common
                0x08004cac       0xda d:/gcc-arm-none-eabi/bin/../lib/gcc/arm-none-eabi/10.3.1/../../../../arm-none-eabi/lib/thumb/v7e-m+fp/hard\libc_nano.a(lib_a-nano-vfprintf_i.o)
                0x08004cac                _printf_common
 *fill*         0x08004d86        0x2 
 .text._printf_i
                0x08004d88      0x24c d:/gcc-arm-none-eabi/bin/../lib/gcc/arm-none-eabi/10.3.1/../../../../arm-none-eabi/lib/thumb/v7e-m+fp/hard\libc_nano.a(lib_a-nano-vfprintf_i.o)
                0x08004d88                _printf_i
 .text._putc_r  0x08004fd4       0x90 d:/gcc-arm-none-eabi/bin/../lib/gcc/arm-none-eabi/10.3.1/../../../../arm-none-eabi/lib/thumb/v7e-m+fp/hard\libc_nano.a(lib_a-putc.o)
                0x08004fd4                _putc_r
 .text._sbrk_r  0x08005064       0x20 d:/gcc-arm-none-eabi/bin/../lib/gcc/arm-none-eabi/10.3.1/../../../../arm-none-eabi/lib/thumb/v7e-m+fp/hard\libc_nano.a(lib_a-sbrkr.o)
                0x08005064                _sbrk_r
 .text.__sread  0x08005084       0x22 d:/gcc-arm-none-eabi/bin/../lib/gcc/arm-none-eabi/10.3.1/../../../../arm-none-eabi/lib/thumb/v7e-m+fp/hard\libc_nano.a(lib_a-stdio.o)
                0x08005084                __sread
 .text.__swrite
                0x080050a6       0x38 d:/gcc-arm-none-eabi/bin/../lib/gcc/arm-none-eabi/10.3.1/../../../../arm-none-eabi/lib/thumb/v7e-m+fp/hard\libc_nano.a(lib_a-stdio.o)
                0x080050a6                __swrite
 .text.__sseek  0x080050de       0x24 d:/gcc-arm-none-eabi/bin/../lib/gcc/arm-none-eabi/10.3.1/../../../../arm-none-eabi/lib/thumb/v7e-m+fp/hard\libc_nano.a(lib_a-stdio.o)
                0x080050de                __sseek
 .text.__sclose
                0x08005102        0x8 d:/gcc-arm-none-eabi/bin/../lib/gcc/arm-none-eabi/10.3.1/../../../../arm-none-eabi/lib/thumb/v7e-m+fp/hard\libc_nano.a(lib_a-stdio.o)
                0x08005102                __sclose
 *fill*         0x0800510a        0x2 
 .text._write_r
                0x0800510c       0x24 d:/gcc-arm-none-eabi/bin/../lib/gcc/arm-none-eabi/10.3.1/../../../../arm-none-eabi/lib/thumb/v7e-m+fp/hard\libc_nano.a(lib_a-writer.o)
                0x0800510c                _write_r
 .text.abort    0x08005130        0xe d:/gcc-arm-none-eabi/bin/../lib/gcc/arm-none-eabi/10.3.1/../../../../arm-none-eabi/lib/thumb/v7e-m+fp/hard\libc_nano.a(lib_a-abort.o)
                0x08005130                abort
 *fill*         0x0800513e        0x2 
 .text._close_r
                0x08005140       0x20 d:/gcc-arm-none-eabi/bin/../lib/gcc/arm-none-eabi/10.3.1/../../../../arm-none-eabi/lib/thumb/v7e-m+fp/hard\libc_nano.a(lib_a-closer.o)
                0x08005140                _close_r
 .text._fstat_r
                0x08005160       0x24 d:/gcc-arm-none-eabi/bin/../lib/gcc/arm-none-eabi/10.3.1/../../../../arm-none-eabi/lib/thumb/v7e-m+fp/hard\libc_nano.a(lib_a-fstatr.o)
                0x08005160                _fstat_r
 .text._isatty_r
                0x08005184       0x20 d:/gcc-arm-none-eabi/bin/../lib/gcc/arm-none-eabi/10.3.1/../../../../arm-none-eabi/lib/thumb/v7e-m+fp/hard\libc_nano.a(lib_a-isattyr.o)
                0x08005184                _isatty_r
 .text._lseek_r
                0x080051a4       0x24 d:/gcc-arm-none-eabi/bin/../lib/gcc/arm-none-eabi/10.3.1/../../../../arm-none-eabi/lib/thumb/v7e-m+fp/hard\libc_nano.a(lib_a-lseekr.o)
                0x080051a4                _lseek_r
 .text.__malloc_lock
                0x080051c8        0xc d:/gcc-arm-none-eabi/bin/../lib/gcc/arm-none-eabi/10.3.1/../../../../arm-none-eabi/lib/thumb/v7e-m+fp/hard\libc_nano.a(lib_a-mlock.o)
                0x080051c8                __malloc_lock
 .text.__malloc_unlock
                0x080051d4        0xc d:/gcc-arm-none-eabi/bin/../lib/gcc/arm-none-eabi/10.3.1/../../../../arm-none-eabi/lib/thumb/v7e-m+fp/hard\libc_nano.a(lib_a-mlock.o)
                0x080051d4                __malloc_unlock
 .text._read_r  0x080051e0       0x24 d:/gcc-arm-none-eabi/bin/../lib/gcc/arm-none-eabi/10.3.1/../../../../arm-none-eabi/lib/thumb/v7e-m+fp/hard\libc_nano.a(lib_a-readr.o)
                0x080051e0                _read_r
 .text._raise_r
                0x08005204       0x50 d:/gcc-arm-none-eabi/bin/../lib/gcc/arm-none-eabi/10.3.1/../../../../arm-none-eabi/lib/thumb/v7e-m+fp/hard\libc_nano.a(lib_a-signal.o)
                0x08005204                _raise_r
 .text.raise    0x08005254       0x10 d:/gcc-arm-none-eabi/bin/../lib/gcc/arm-none-eabi/10.3.1/../../../../arm-none-eabi/lib/thumb/v7e-m+fp/hard\libc_nano.a(lib_a-signal.o)
                0x08005254                raise
 .text._kill_r  0x08005264       0x24 d:/gcc-arm-none-eabi/bin/../lib/gcc/arm-none-eabi/10.3.1/../../../../arm-none-eabi/lib/thumb/v7e-m+fp/hard\libc_nano.a(lib_a-signalr.o)
                0x08005264                _kill_r
 .text._getpid_r
                0x08005288        0x4 d:/gcc-arm-none-eabi/bin/../lib/gcc/arm-none-eabi/10.3.1/../../../../arm-none-eabi/lib/thumb/v7e-m+fp/hard\libc_nano.a(lib_a-signalr.o)
                0x08005288                _getpid_r
 *(.glue_7)
 .glue_7        0x0800528c        0x0 linker stubs
 *(.glue_7t)
 .glue_7t       0x0800528c        0x0 linker stubs
 *(.eh_frame)
 .eh_frame      0x0800528c        0x0 d:/gcc-arm-none-eabi/bin/../lib/gcc/arm-none-eabi/10.3.1/thumb/v7e-m+fp/hard/crtbegin.o
 *(.init)
 .init          0x0800528c        0x4 d:/gcc-arm-none-eabi/bin/../lib/gcc/arm-none-eabi/10.3.1/thumb/v7e-m+fp/hard/crti.o
                0x0800528c                _init
 .init          0x08005290        0x8 d:/gcc-arm-none-eabi/bin/../lib/gcc/arm-none-eabi/10.3.1/thumb/v7e-m+fp/hard/crtn.o
 *(.fini)
 .fini          0x08005298        0x4 d:/gcc-arm-none-eabi/bin/../lib/gcc/arm-none-eabi/10.3.1/thumb/v7e-m+fp/hard/crti.o
                0x08005298                _fini
 .fini          0x0800529c        0x8 d:/gcc-arm-none-eabi/bin/../lib/gcc/arm-none-eabi/10.3.1/thumb/v7e-m+fp/hard/crtn.o
                0x080052a4                . = ALIGN (0x4)
                0x080052a4                _etext = .

.vfp11_veneer   0x080052a4        0x0
 .vfp11_veneer  0x080052a4        0x0 linker stubs

.v4_bx          0x080052a4        0x0
 .v4_bx         0x080052a4        0x0 linker stubs

.iplt           0x080052a4        0x0
 .iplt          0x080052a4        0x0 d:/gcc-arm-none-eabi/bin/../lib/gcc/arm-none-eabi/10.3.1/thumb/v7e-m+fp/hard/crtbegin.o

.rodata         0x080052a4      0x35c
                0x080052a4                . = ALIGN (0x4)
 *(.rodata)
 .rodata        0x080052a4       0xbf build/main.o
 *fill*         0x08005363        0x1 
 .rodata        0x08005364       0x16 build/w25qxx.o
 *fill*         0x0800537a        0x2 
 .rodata        0x0800537c        0x5 build/tasks.o
 *fill*         0x08005381        0x3 
 .rodata        0x08005384        0xd build/timers.o
 *(.rodata*)
 *fill*         0x08005391        0x3 
 .rodata._global_impure_ptr
                0x08005394        0x4 d:/gcc-arm-none-eabi/bin/../lib/gcc/arm-none-eabi/10.3.1/../../../../arm-none-eabi/lib/thumb/v7e-m+fp/hard\libc_nano.a(lib_a-impure.o)
                0x08005394                _global_impure_ptr
 .rodata.strtok.str1.1
                0x08005398       0x97 d:/gcc-arm-none-eabi/bin/../lib/gcc/arm-none-eabi/10.3.1/../../../../arm-none-eabi/lib/thumb/v7e-m+fp/hard\libc_nano.a(lib_a-strtok.o)
 .rodata.__assert_func.str1.1
                0x0800542f       0x3c d:/gcc-arm-none-eabi/bin/../lib/gcc/arm-none-eabi/10.3.1/../../../../arm-none-eabi/lib/thumb/v7e-m+fp/hard\libc_nano.a(lib_a-assert.o)
                                 0x3d (size before relaxing)
 .rodata._ctype_
                0x0800546b      0x101 d:/gcc-arm-none-eabi/bin/../lib/gcc/arm-none-eabi/10.3.1/../../../../arm-none-eabi/lib/thumb/v7e-m+fp/hard\libc_nano.a(lib_a-ctype_.o)
                0x0800546b                _ctype_
 .rodata.__sf_fake_stderr
                0x0800556c       0x20 d:/gcc-arm-none-eabi/bin/../lib/gcc/arm-none-eabi/10.3.1/../../../../arm-none-eabi/lib/thumb/v7e-m+fp/hard\libc_nano.a(lib_a-findfp.o)
                0x0800556c                __sf_fake_stderr
 .rodata.__sf_fake_stdin
                0x0800558c       0x20 d:/gcc-arm-none-eabi/bin/../lib/gcc/arm-none-eabi/10.3.1/../../../../arm-none-eabi/lib/thumb/v7e-m+fp/hard\libc_nano.a(lib_a-findfp.o)
                0x0800558c                __sf_fake_stdin
 .rodata.__sf_fake_stdout
                0x080055ac       0x20 d:/gcc-arm-none-eabi/bin/../lib/gcc/arm-none-eabi/10.3.1/../../../../arm-none-eabi/lib/thumb/v7e-m+fp/hard\libc_nano.a(lib_a-findfp.o)
                0x080055ac                __sf_fake_stdout
 .rodata._vfprintf_r.str1.1
                0x080055cc       0x11 d:/gcc-arm-none-eabi/bin/../lib/gcc/arm-none-eabi/10.3.1/../../../../arm-none-eabi/lib/thumb/v7e-m+fp/hard\libc_nano.a(lib_a-nano-vfprintf.o)
 .rodata._printf_i.str1.1
                0x080055dd       0x22 d:/gcc-arm-none-eabi/bin/../lib/gcc/arm-none-eabi/10.3.1/../../../../arm-none-eabi/lib/thumb/v7e-m+fp/hard\libc_nano.a(lib_a-nano-vfprintf_i.o)
                0x08005600                . = ALIGN (0x4)
 *fill*         0x080055ff        0x1 

.rel.dyn        0x08005600        0x0
 .rel.iplt      0x08005600        0x0 d:/gcc-arm-none-eabi/bin/../lib/gcc/arm-none-eabi/10.3.1/thumb/v7e-m+fp/hard/crtbegin.o

.ARM.extab
 *(.ARM.extab* .gnu.linkonce.armextab.*)

.ARM            0x08005600        0x0
                0x08005600                __exidx_start = .
 *(.ARM.exidx*)
                0x08005600                __exidx_end = .

.preinit_array  0x08005600        0x0
                0x08005600                PROVIDE (__preinit_array_start = .)
 *(.preinit_array*)
                0x08005600                PROVIDE (__preinit_array_end = .)

.init_array     0x08005600        0x4
                0x08005600                PROVIDE (__init_array_start = .)
 *(SORT_BY_NAME(.init_array.*))
 *(.init_array*)
 .init_array    0x08005600        0x4 d:/gcc-arm-none-eabi/bin/../lib/gcc/arm-none-eabi/10.3.1/thumb/v7e-m+fp/hard/crtbegin.o
                0x08005604                PROVIDE (__init_array_end = .)

.fini_array     0x08005604        0x4
                [!provide]                PROVIDE (__fini_array_start = .)
 *(SORT_BY_NAME(.fini_array.*))
 *(.fini_array*)
 .fini_array    0x08005604        0x4 d:/gcc-arm-none-eabi/bin/../lib/gcc/arm-none-eabi/10.3.1/thumb/v7e-m+fp/hard/crtbegin.o
                [!provide]                PROVIDE (__fini_array_end = .)
                0x08005608                _sidata = LOADADDR (.data)

.data           0x20000000       0x70 load address 0x08005608
                0x20000000                . = ALIGN (0x4)
                0x20000000                _sdata = .
 *(.data)
 *(.data*)
 .data.SystemCoreClock
                0x20000000        0x4 build/system_stm32f4xx.o
                0x20000000                SystemCoreClock
 .data.uxTopUsedPriority
                0x20000004        0x4 build/tasks.o
 .data.uxCriticalNesting
                0x20000008        0x4 build/port.o
 .data._impure_ptr
                0x2000000c        0x4 d:/gcc-arm-none-eabi/bin/../lib/gcc/arm-none-eabi/10.3.1/../../../../arm-none-eabi/lib/thumb/v7e-m+fp/hard\libc_nano.a(lib_a-impure.o)
                0x2000000c                _impure_ptr
 .data.impure_data
                0x20000010       0x60 d:/gcc-arm-none-eabi/bin/../lib/gcc/arm-none-eabi/10.3.1/../../../../arm-none-eabi/lib/thumb/v7e-m+fp/hard\libc_nano.a(lib_a-impure.o)
                0x20000070                . = ALIGN (0x4)
                0x20000070                _edata = .
                0x08005678                _siccmram = LOADADDR (.ccmram)

.igot.plt       0x20000070        0x0 load address 0x08005678
 .igot.plt      0x20000070        0x0 d:/gcc-arm-none-eabi/bin/../lib/gcc/arm-none-eabi/10.3.1/thumb/v7e-m+fp/hard/crtbegin.o

.ccmram         0x10000000        0x0 load address 0x08005678
                0x10000000                . = ALIGN (0x4)
                0x10000000                _sccmram = .
 *(.ccmram)
 *(.ccmram*)
                0x10000000                . = ALIGN (0x4)
                0x10000000                _eccmram = .
                0x10000000                . = ALIGN (0x4)

.bss            0x20000070     0x963c
                0x20000070                _sbss = .
                0x20000070                __bss_start__ = _sbss
 *(.bss)
 .bss           0x20000070       0x1c d:/gcc-arm-none-eabi/bin/../lib/gcc/arm-none-eabi/10.3.1/thumb/v7e-m+fp/hard/crtbegin.o
 *(.bss*)
 .bss.buff_rx_it
                0x2000008c       0x60 build/uart.o
                0x2000008c                buff_rx_it
 .bss._posdata  0x200000ec        0x6 build/uart.o
                0x200000ec                _posdata
 *fill*         0x200000f2        0x2 
 .bss.Count_Tick
                0x200000f4        0x4 build/sys_clock.o
                0x200000f4                Count_Tick
 .bss.__sbrk_heap_end
                0x200000f8        0x4 build/sysmem.o
 .bss.xQueueRegistry
                0x200000fc       0x40 build/queue.o
                0x200000fc                xQueueRegistry
 .bss.pxCurrentTCB
                0x2000013c        0x4 build/tasks.o
                0x2000013c                pxCurrentTCB
 .bss.pxReadyTasksLists
                0x20000140      0x460 build/tasks.o
 .bss.xDelayedTaskList1
                0x200005a0       0x14 build/tasks.o
 .bss.xDelayedTaskList2
                0x200005b4       0x14 build/tasks.o
 .bss.pxDelayedTaskList
                0x200005c8        0x4 build/tasks.o
 .bss.pxOverflowDelayedTaskList
                0x200005cc        0x4 build/tasks.o
 .bss.xPendingReadyList
                0x200005d0       0x14 build/tasks.o
 .bss.xTasksWaitingTermination
                0x200005e4       0x14 build/tasks.o
 .bss.uxDeletedTasksWaitingCleanUp
                0x200005f8        0x4 build/tasks.o
 .bss.xSuspendedTaskList
                0x200005fc       0x14 build/tasks.o
 .bss.uxCurrentNumberOfTasks
                0x20000610        0x4 build/tasks.o
 .bss.xTickCount
                0x20000614        0x4 build/tasks.o
 .bss.uxTopReadyPriority
                0x20000618        0x4 build/tasks.o
 .bss.xSchedulerRunning
                0x2000061c        0x4 build/tasks.o
 .bss.xPendedTicks
                0x20000620        0x4 build/tasks.o
 .bss.xYieldPendings
                0x20000624        0x4 build/tasks.o
 .bss.xNumOfOverflows
                0x20000628        0x4 build/tasks.o
 .bss.uxTaskNumber
                0x2000062c        0x4 build/tasks.o
 .bss.xNextTaskUnblockTime
                0x20000630        0x4 build/tasks.o
 .bss.xIdleTaskHandles
                0x20000634        0x4 build/tasks.o
 .bss.uxSchedulerSuspended
                0x20000638        0x4 build/tasks.o
 .bss.xActiveTimerList1
                0x2000063c       0x14 build/timers.o
 .bss.xActiveTimerList2
                0x20000650       0x14 build/timers.o
 .bss.pxCurrentTimerList
                0x20000664        0x4 build/timers.o
 .bss.pxOverflowTimerList
                0x20000668        0x4 build/timers.o
 .bss.xTimerQueue
                0x2000066c        0x4 build/timers.o
 .bss.xTimerTaskHandle
                0x20000670        0x4 build/timers.o
 .bss.xLastTime.0
                0x20000674        0x4 build/timers.o
 .bss.ucHeap    0x20000678     0x9000 build/heap_4.o
 .bss.xStart    0x20009678        0x8 build/heap_4.o
 .bss.pxEnd     0x20009680        0x4 build/heap_4.o
 .bss.xFreeBytesRemaining
                0x20009684        0x4 build/heap_4.o
 .bss.xMinimumEverFreeBytesRemaining
                0x20009688        0x4 build/heap_4.o
 .bss.xNumberOfSuccessfulAllocations
                0x2000968c        0x4 build/heap_4.o
 .bss.xNumberOfSuccessfulFrees
                0x20009690        0x4 build/heap_4.o
 .bss.ucMaxSysCallPriority
                0x20009694        0x1 build/port.o
 *fill*         0x20009695        0x3 
 .bss.ulMaxPRIGROUPValue
                0x20009698        0x4 build/port.o
 .bss.__lock___malloc_recursive_mutex
                0x2000969c        0x1 d:/gcc-arm-none-eabi/bin/../lib/gcc/arm-none-eabi/10.3.1/../../../../arm-none-eabi/lib/thumb/v7e-m+fp/hard\libc_nano.a(lib_a-lock.o)
                0x2000969c                __lock___malloc_recursive_mutex
 .bss.__lock___sfp_recursive_mutex
                0x2000969d        0x1 d:/gcc-arm-none-eabi/bin/../lib/gcc/arm-none-eabi/10.3.1/../../../../arm-none-eabi/lib/thumb/v7e-m+fp/hard\libc_nano.a(lib_a-lock.o)
                0x2000969d                __lock___sfp_recursive_mutex
 .bss.__lock___sinit_recursive_mutex
                0x2000969e        0x1 d:/gcc-arm-none-eabi/bin/../lib/gcc/arm-none-eabi/10.3.1/../../../../arm-none-eabi/lib/thumb/v7e-m+fp/hard\libc_nano.a(lib_a-lock.o)
                0x2000969e                __lock___sinit_recursive_mutex
 *fill*         0x2000969f        0x1 
 .bss.__malloc_free_list
                0x200096a0        0x4 d:/gcc-arm-none-eabi/bin/../lib/gcc/arm-none-eabi/10.3.1/../../../../arm-none-eabi/lib/thumb/v7e-m+fp/hard\libc_nano.a(lib_a-nano-mallocr.o)
                0x200096a0                __malloc_free_list
 .bss.__malloc_sbrk_start
                0x200096a4        0x4 d:/gcc-arm-none-eabi/bin/../lib/gcc/arm-none-eabi/10.3.1/../../../../arm-none-eabi/lib/thumb/v7e-m+fp/hard\libc_nano.a(lib_a-nano-mallocr.o)
                0x200096a4                __malloc_sbrk_start
 .bss.errno     0x200096a8        0x4 d:/gcc-arm-none-eabi/bin/../lib/gcc/arm-none-eabi/10.3.1/../../../../arm-none-eabi/lib/thumb/v7e-m+fp/hard\libc_nano.a(lib_a-reent.o)
                0x200096a8                errno
 *(COMMON)
                0x200096ac                . = ALIGN (0x4)
                0x200096ac                _ebss = .
                0x200096ac                __bss_end__ = _ebss

._user_heap_stack
                0x200096ac      0x604
                0x200096b0                . = ALIGN (0x8)
 *fill*         0x200096ac        0x4 
                [!provide]                PROVIDE (end = .)
                0x200096b0                PROVIDE (_end = .)
                0x200098b0                . = (. + _Min_Heap_Size)
 *fill*         0x200096b0      0x200 
                0x20009cb0                . = (. + _Min_Stack_Size)
 *fill*         0x200098b0      0x400 
                0x20009cb0                . = ALIGN (0x8)

/DISCARD/
 libc.a(*)
 libm.a(*)
 libgcc.a(*)

.ARM.attributes
                0x00000000       0x30
 *(.ARM.attributes)
 .ARM.attributes
                0x00000000       0x1e d:/gcc-arm-none-eabi/bin/../lib/gcc/arm-none-eabi/10.3.1/thumb/v7e-m+fp/hard/crti.o
 .ARM.attributes
                0x0000001e       0x34 d:/gcc-arm-none-eabi/bin/../lib/gcc/arm-none-eabi/10.3.1/thumb/v7e-m+fp/hard/crtbegin.o
 .ARM.attributes
                0x00000052       0x34 build/main.o
 .ARM.attributes
                0x00000086       0x34 build/gpio.o
 .ARM.attributes
                0x000000ba       0x34 build/uart.o
 .ARM.attributes
                0x000000ee       0x34 build/spi.o
 .ARM.attributes
                0x00000122       0x34 build/stm32f4xx_it.o
 .ARM.attributes
                0x00000156       0x34 build/sys_clock.o
 .ARM.attributes
                0x0000018a       0x34 build/system_stm32f4xx.o
 .ARM.attributes
                0x000001be       0x34 build/sysmem.o
 .ARM.attributes
                0x000001f2       0x34 build/syscalls.o
 .ARM.attributes
                0x00000226       0x34 build/w25qxx.o
 .ARM.attributes
                0x0000025a       0x34 build/list.o
 .ARM.attributes
                0x0000028e       0x34 build/queue.o
 .ARM.attributes
                0x000002c2       0x34 build/tasks.o
 .ARM.attributes
                0x000002f6       0x34 build/timers.o
 .ARM.attributes
                0x0000032a       0x34 build/heap_4.o
 .ARM.attributes
                0x0000035e       0x34 build/port.o
 .ARM.attributes
                0x00000392       0x21 build/startup_stm32f407xx.o
 .ARM.attributes
                0x000003b3       0x34 d:/gcc-arm-none-eabi/bin/../lib/gcc/arm-none-eabi/10.3.1/../../../../arm-none-eabi/lib/thumb/v7e-m+fp/hard\libc_nano.a(lib_a-atol.o)
 .ARM.attributes
                0x000003e7       0x34 d:/gcc-arm-none-eabi/bin/../lib/gcc/arm-none-eabi/10.3.1/../../../../arm-none-eabi/lib/thumb/v7e-m+fp/hard\libc_nano.a(lib_a-errno.o)
 .ARM.attributes
                0x0000041b       0x34 d:/gcc-arm-none-eabi/bin/../lib/gcc/arm-none-eabi/10.3.1/../../../../arm-none-eabi/lib/thumb/v7e-m+fp/hard\libc_nano.a(lib_a-impure.o)
 .ARM.attributes
                0x0000044f       0x34 d:/gcc-arm-none-eabi/bin/../lib/gcc/arm-none-eabi/10.3.1/../../../../arm-none-eabi/lib/thumb/v7e-m+fp/hard\libc_nano.a(lib_a-init.o)
 .ARM.attributes
                0x00000483       0x34 d:/gcc-arm-none-eabi/bin/../lib/gcc/arm-none-eabi/10.3.1/../../../../arm-none-eabi/lib/thumb/v7e-m+fp/hard\libc_nano.a(lib_a-memcpy-stub.o)
 .ARM.attributes
                0x000004b7       0x34 d:/gcc-arm-none-eabi/bin/../lib/gcc/arm-none-eabi/10.3.1/../../../../arm-none-eabi/lib/thumb/v7e-m+fp/hard\libc_nano.a(lib_a-memset.o)
 .ARM.attributes
                0x000004eb       0x34 d:/gcc-arm-none-eabi/bin/../lib/gcc/arm-none-eabi/10.3.1/../../../../arm-none-eabi/lib/thumb/v7e-m+fp/hard\libc_nano.a(lib_a-printf.o)
 .ARM.attributes
                0x0000051f       0x34 d:/gcc-arm-none-eabi/bin/../lib/gcc/arm-none-eabi/10.3.1/../../../../arm-none-eabi/lib/thumb/v7e-m+fp/hard\libc_nano.a(lib_a-putchar.o)
 .ARM.attributes
                0x00000553       0x34 d:/gcc-arm-none-eabi/bin/../lib/gcc/arm-none-eabi/10.3.1/../../../../arm-none-eabi/lib/thumb/v7e-m+fp/hard\libc_nano.a(lib_a-puts.o)
 .ARM.attributes
                0x00000587       0x1c d:/gcc-arm-none-eabi/bin/../lib/gcc/arm-none-eabi/10.3.1/../../../../arm-none-eabi/lib/thumb/v7e-m+fp/hard\libc_nano.a(lib_a-strcmp.o)
 .ARM.attributes
                0x000005a3       0x34 d:/gcc-arm-none-eabi/bin/../lib/gcc/arm-none-eabi/10.3.1/../../../../arm-none-eabi/lib/thumb/v7e-m+fp/hard\libc_nano.a(lib_a-strncpy.o)
 .ARM.attributes
                0x000005d7       0x34 d:/gcc-arm-none-eabi/bin/../lib/gcc/arm-none-eabi/10.3.1/../../../../arm-none-eabi/lib/thumb/v7e-m+fp/hard\libc_nano.a(lib_a-strtok.o)
 .ARM.attributes
                0x0000060b       0x34 d:/gcc-arm-none-eabi/bin/../lib/gcc/arm-none-eabi/10.3.1/../../../../arm-none-eabi/lib/thumb/v7e-m+fp/hard\libc_nano.a(lib_a-strtok_r.o)
 .ARM.attributes
                0x0000063f       0x34 d:/gcc-arm-none-eabi/bin/../lib/gcc/arm-none-eabi/10.3.1/../../../../arm-none-eabi/lib/thumb/v7e-m+fp/hard\libc_nano.a(lib_a-strtol.o)
 .ARM.attributes
                0x00000673       0x34 d:/gcc-arm-none-eabi/bin/../lib/gcc/arm-none-eabi/10.3.1/../../../../arm-none-eabi/lib/thumb/v7e-m+fp/hard\libc_nano.a(lib_a-wbuf.o)
 .ARM.attributes
                0x000006a7       0x34 d:/gcc-arm-none-eabi/bin/../lib/gcc/arm-none-eabi/10.3.1/../../../../arm-none-eabi/lib/thumb/v7e-m+fp/hard\libc_nano.a(lib_a-wsetup.o)
 .ARM.attributes
                0x000006db       0x34 d:/gcc-arm-none-eabi/bin/../lib/gcc/arm-none-eabi/10.3.1/../../../../arm-none-eabi/lib/thumb/v7e-m+fp/hard\libc_nano.a(lib_a-assert.o)
 .ARM.attributes
                0x0000070f       0x34 d:/gcc-arm-none-eabi/bin/../lib/gcc/arm-none-eabi/10.3.1/../../../../arm-none-eabi/lib/thumb/v7e-m+fp/hard\libc_nano.a(lib_a-ctype_.o)
 .ARM.attributes
                0x00000743       0x34 d:/gcc-arm-none-eabi/bin/../lib/gcc/arm-none-eabi/10.3.1/../../../../arm-none-eabi/lib/thumb/v7e-m+fp/hard\libc_nano.a(lib_a-fflush.o)
 .ARM.attributes
                0x00000777       0x34 d:/gcc-arm-none-eabi/bin/../lib/gcc/arm-none-eabi/10.3.1/../../../../arm-none-eabi/lib/thumb/v7e-m+fp/hard\libc_nano.a(lib_a-findfp.o)
 .ARM.attributes
                0x000007ab       0x34 d:/gcc-arm-none-eabi/bin/../lib/gcc/arm-none-eabi/10.3.1/../../../../arm-none-eabi/lib/thumb/v7e-m+fp/hard\libc_nano.a(lib_a-fprintf.o)
 .ARM.attributes
                0x000007df       0x34 d:/gcc-arm-none-eabi/bin/../lib/gcc/arm-none-eabi/10.3.1/../../../../arm-none-eabi/lib/thumb/v7e-m+fp/hard\libc_nano.a(lib_a-fwalk.o)
 .ARM.attributes
                0x00000813       0x34 d:/gcc-arm-none-eabi/bin/../lib/gcc/arm-none-eabi/10.3.1/../../../../arm-none-eabi/lib/thumb/v7e-m+fp/hard\libc_nano.a(lib_a-lock.o)
 .ARM.attributes
                0x00000847       0x34 d:/gcc-arm-none-eabi/bin/../lib/gcc/arm-none-eabi/10.3.1/../../../../arm-none-eabi/lib/thumb/v7e-m+fp/hard\libc_nano.a(lib_a-makebuf.o)
 .ARM.attributes
                0x0000087b       0x34 d:/gcc-arm-none-eabi/bin/../lib/gcc/arm-none-eabi/10.3.1/../../../../arm-none-eabi/lib/thumb/v7e-m+fp/hard\libc_nano.a(lib_a-malloc.o)
 .ARM.attributes
                0x000008af       0x34 d:/gcc-arm-none-eabi/bin/../lib/gcc/arm-none-eabi/10.3.1/../../../../arm-none-eabi/lib/thumb/v7e-m+fp/hard\libc_nano.a(lib_a-nano-freer.o)
 .ARM.attributes
                0x000008e3       0x34 d:/gcc-arm-none-eabi/bin/../lib/gcc/arm-none-eabi/10.3.1/../../../../arm-none-eabi/lib/thumb/v7e-m+fp/hard\libc_nano.a(lib_a-nano-mallocr.o)
 .ARM.attributes
                0x00000917       0x34 d:/gcc-arm-none-eabi/bin/../lib/gcc/arm-none-eabi/10.3.1/../../../../arm-none-eabi/lib/thumb/v7e-m+fp/hard\libc_nano.a(lib_a-nano-vfprintf.o)
 .ARM.attributes
                0x0000094b       0x34 d:/gcc-arm-none-eabi/bin/../lib/gcc/arm-none-eabi/10.3.1/../../../../arm-none-eabi/lib/thumb/v7e-m+fp/hard\libc_nano.a(lib_a-nano-vfprintf_i.o)
 .ARM.attributes
                0x0000097f       0x34 d:/gcc-arm-none-eabi/bin/../lib/gcc/arm-none-eabi/10.3.1/../../../../arm-none-eabi/lib/thumb/v7e-m+fp/hard\libc_nano.a(lib_a-putc.o)
 .ARM.attributes
                0x000009b3       0x34 d:/gcc-arm-none-eabi/bin/../lib/gcc/arm-none-eabi/10.3.1/../../../../arm-none-eabi/lib/thumb/v7e-m+fp/hard\libc_nano.a(lib_a-sbrkr.o)
 .ARM.attributes
                0x000009e7       0x34 d:/gcc-arm-none-eabi/bin/../lib/gcc/arm-none-eabi/10.3.1/../../../../arm-none-eabi/lib/thumb/v7e-m+fp/hard\libc_nano.a(lib_a-stdio.o)
 .ARM.attributes
                0x00000a1b       0x34 d:/gcc-arm-none-eabi/bin/../lib/gcc/arm-none-eabi/10.3.1/../../../../arm-none-eabi/lib/thumb/v7e-m+fp/hard\libc_nano.a(lib_a-writer.o)
 .ARM.attributes
                0x00000a4f       0x34 d:/gcc-arm-none-eabi/bin/../lib/gcc/arm-none-eabi/10.3.1/../../../../arm-none-eabi/lib/thumb/v7e-m+fp/hard\libc_nano.a(lib_a-abort.o)
 .ARM.attributes
                0x00000a83       0x34 d:/gcc-arm-none-eabi/bin/../lib/gcc/arm-none-eabi/10.3.1/../../../../arm-none-eabi/lib/thumb/v7e-m+fp/hard\libc_nano.a(lib_a-closer.o)
 .ARM.attributes
                0x00000ab7       0x34 d:/gcc-arm-none-eabi/bin/../lib/gcc/arm-none-eabi/10.3.1/../../../../arm-none-eabi/lib/thumb/v7e-m+fp/hard\libc_nano.a(lib_a-fstatr.o)
 .ARM.attributes
                0x00000aeb       0x34 d:/gcc-arm-none-eabi/bin/../lib/gcc/arm-none-eabi/10.3.1/../../../../arm-none-eabi/lib/thumb/v7e-m+fp/hard\libc_nano.a(lib_a-isattyr.o)
 .ARM.attributes
                0x00000b1f       0x34 d:/gcc-arm-none-eabi/bin/../lib/gcc/arm-none-eabi/10.3.1/../../../../arm-none-eabi/lib/thumb/v7e-m+fp/hard\libc_nano.a(lib_a-lseekr.o)
 .ARM.attributes
                0x00000b53       0x1c d:/gcc-arm-none-eabi/bin/../lib/gcc/arm-none-eabi/10.3.1/../../../../arm-none-eabi/lib/thumb/v7e-m+fp/hard\libc_nano.a(lib_a-memchr.o)
 .ARM.attributes
                0x00000b6f       0x34 d:/gcc-arm-none-eabi/bin/../lib/gcc/arm-none-eabi/10.3.1/../../../../arm-none-eabi/lib/thumb/v7e-m+fp/hard\libc_nano.a(lib_a-mlock.o)
 .ARM.attributes
                0x00000ba3       0x34 d:/gcc-arm-none-eabi/bin/../lib/gcc/arm-none-eabi/10.3.1/../../../../arm-none-eabi/lib/thumb/v7e-m+fp/hard\libc_nano.a(lib_a-readr.o)
 .ARM.attributes
                0x00000bd7       0x34 d:/gcc-arm-none-eabi/bin/../lib/gcc/arm-none-eabi/10.3.1/../../../../arm-none-eabi/lib/thumb/v7e-m+fp/hard\libc_nano.a(lib_a-reent.o)
 .ARM.attributes
                0x00000c0b       0x34 d:/gcc-arm-none-eabi/bin/../lib/gcc/arm-none-eabi/10.3.1/../../../../arm-none-eabi/lib/thumb/v7e-m+fp/hard\libc_nano.a(lib_a-signal.o)
 .ARM.attributes
                0x00000c3f       0x34 d:/gcc-arm-none-eabi/bin/../lib/gcc/arm-none-eabi/10.3.1/../../../../arm-none-eabi/lib/thumb/v7e-m+fp/hard\libc_nano.a(lib_a-signalr.o)
 .ARM.attributes
                0x00000c73       0x1e d:/gcc-arm-none-eabi/bin/../lib/gcc/arm-none-eabi/10.3.1/thumb/v7e-m+fp/hard/crtn.o
OUTPUT(build/Flash_W25q.elf elf32-littlearm)
LOAD linker stubs
LOAD d:/gcc-arm-none-eabi/bin/../lib/gcc/arm-none-eabi/10.3.1/../../../../arm-none-eabi/lib/thumb/v7e-m+fp/hard\libc.a
LOAD d:/gcc-arm-none-eabi/bin/../lib/gcc/arm-none-eabi/10.3.1/../../../../arm-none-eabi/lib/thumb/v7e-m+fp/hard\libm.a
LOAD d:/gcc-arm-none-eabi/bin/../lib/gcc/arm-none-eabi/10.3.1/thumb/v7e-m+fp/hard\libgcc.a

.comment        0x00000000       0x49
 .comment       0x00000000       0x49 build/main.o
                                 0x4a (size before relaxing)
 .comment       0x00000049       0x4a build/gpio.o
 .comment       0x00000049       0x4a build/uart.o
 .comment       0x00000049       0x4a build/spi.o
 .comment       0x00000049       0x4a build/stm32f4xx_it.o
 .comment       0x00000049       0x4a build/sys_clock.o
 .comment       0x00000049       0x4a build/system_stm32f4xx.o
 .comment       0x00000049       0x4a build/sysmem.o
 .comment       0x00000049       0x4a build/syscalls.o
 .comment       0x00000049       0x4a build/w25qxx.o
 .comment       0x00000049       0x4a build/list.o
 .comment       0x00000049       0x4a build/queue.o
 .comment       0x00000049       0x4a build/tasks.o
 .comment       0x00000049       0x4a build/timers.o
 .comment       0x00000049       0x4a build/heap_4.o
 .comment       0x00000049       0x4a build/port.o

.debug_frame    0x00000000      0xc70
 .debug_frame   0x00000000       0x30 d:/gcc-arm-none-eabi/bin/../lib/gcc/arm-none-eabi/10.3.1/../../../../arm-none-eabi/lib/thumb/v7e-m+fp/hard\libc_nano.a(lib_a-atol.o)
 .debug_frame   0x00000030       0x20 d:/gcc-arm-none-eabi/bin/../lib/gcc/arm-none-eabi/10.3.1/../../../../arm-none-eabi/lib/thumb/v7e-m+fp/hard\libc_nano.a(lib_a-errno.o)
 .debug_frame   0x00000050       0x2c d:/gcc-arm-none-eabi/bin/../lib/gcc/arm-none-eabi/10.3.1/../../../../arm-none-eabi/lib/thumb/v7e-m+fp/hard\libc_nano.a(lib_a-init.o)
 .debug_frame   0x0000007c       0x28 d:/gcc-arm-none-eabi/bin/../lib/gcc/arm-none-eabi/10.3.1/../../../../arm-none-eabi/lib/thumb/v7e-m+fp/hard\libc_nano.a(lib_a-memcpy-stub.o)
 .debug_frame   0x000000a4       0x20 d:/gcc-arm-none-eabi/bin/../lib/gcc/arm-none-eabi/10.3.1/../../../../arm-none-eabi/lib/thumb/v7e-m+fp/hard\libc_nano.a(lib_a-memset.o)
 .debug_frame   0x000000c4       0x74 d:/gcc-arm-none-eabi/bin/../lib/gcc/arm-none-eabi/10.3.1/../../../../arm-none-eabi/lib/thumb/v7e-m+fp/hard\libc_nano.a(lib_a-printf.o)
 .debug_frame   0x00000138       0x50 d:/gcc-arm-none-eabi/bin/../lib/gcc/arm-none-eabi/10.3.1/../../../../arm-none-eabi/lib/thumb/v7e-m+fp/hard\libc_nano.a(lib_a-putchar.o)
 .debug_frame   0x00000188       0x3c d:/gcc-arm-none-eabi/bin/../lib/gcc/arm-none-eabi/10.3.1/../../../../arm-none-eabi/lib/thumb/v7e-m+fp/hard\libc_nano.a(lib_a-puts.o)
 .debug_frame   0x000001c4       0x20 d:/gcc-arm-none-eabi/bin/../lib/gcc/arm-none-eabi/10.3.1/../../../../arm-none-eabi/lib/thumb/v7e-m+fp/hard\libc_nano.a(lib_a-strcmp.o)
 .debug_frame   0x000001e4       0x28 d:/gcc-arm-none-eabi/bin/../lib/gcc/arm-none-eabi/10.3.1/../../../../arm-none-eabi/lib/thumb/v7e-m+fp/hard\libc_nano.a(lib_a-strncpy.o)
 .debug_frame   0x0000020c       0x38 d:/gcc-arm-none-eabi/bin/../lib/gcc/arm-none-eabi/10.3.1/../../../../arm-none-eabi/lib/thumb/v7e-m+fp/hard\libc_nano.a(lib_a-strtok.o)
 .debug_frame   0x00000244       0x40 d:/gcc-arm-none-eabi/bin/../lib/gcc/arm-none-eabi/10.3.1/../../../../arm-none-eabi/lib/thumb/v7e-m+fp/hard\libc_nano.a(lib_a-strtok_r.o)
 .debug_frame   0x00000284       0x64 d:/gcc-arm-none-eabi/bin/../lib/gcc/arm-none-eabi/10.3.1/../../../../arm-none-eabi/lib/thumb/v7e-m+fp/hard\libc_nano.a(lib_a-strtol.o)
 .debug_frame   0x000002e8       0x40 d:/gcc-arm-none-eabi/bin/../lib/gcc/arm-none-eabi/10.3.1/../../../../arm-none-eabi/lib/thumb/v7e-m+fp/hard\libc_nano.a(lib_a-wbuf.o)
 .debug_frame   0x00000328       0x2c d:/gcc-arm-none-eabi/bin/../lib/gcc/arm-none-eabi/10.3.1/../../../../arm-none-eabi/lib/thumb/v7e-m+fp/hard\libc_nano.a(lib_a-wsetup.o)
 .debug_frame   0x00000354       0x40 d:/gcc-arm-none-eabi/bin/../lib/gcc/arm-none-eabi/10.3.1/../../../../arm-none-eabi/lib/thumb/v7e-m+fp/hard\libc_nano.a(lib_a-assert.o)
 .debug_frame   0x00000394       0x5c d:/gcc-arm-none-eabi/bin/../lib/gcc/arm-none-eabi/10.3.1/../../../../arm-none-eabi/lib/thumb/v7e-m+fp/hard\libc_nano.a(lib_a-fflush.o)
 .debug_frame   0x000003f0      0x14c d:/gcc-arm-none-eabi/bin/../lib/gcc/arm-none-eabi/10.3.1/../../../../arm-none-eabi/lib/thumb/v7e-m+fp/hard\libc_nano.a(lib_a-findfp.o)
 .debug_frame   0x0000053c       0x64 d:/gcc-arm-none-eabi/bin/../lib/gcc/arm-none-eabi/10.3.1/../../../../arm-none-eabi/lib/thumb/v7e-m+fp/hard\libc_nano.a(lib_a-fprintf.o)
 .debug_frame   0x000005a0       0x54 d:/gcc-arm-none-eabi/bin/../lib/gcc/arm-none-eabi/10.3.1/../../../../arm-none-eabi/lib/thumb/v7e-m+fp/hard\libc_nano.a(lib_a-fwalk.o)
 .debug_frame   0x000005f4       0xb0 d:/gcc-arm-none-eabi/bin/../lib/gcc/arm-none-eabi/10.3.1/../../../../arm-none-eabi/lib/thumb/v7e-m+fp/hard\libc_nano.a(lib_a-lock.o)
 .debug_frame   0x000006a4       0x58 d:/gcc-arm-none-eabi/bin/../lib/gcc/arm-none-eabi/10.3.1/../../../../arm-none-eabi/lib/thumb/v7e-m+fp/hard\libc_nano.a(lib_a-makebuf.o)
 .debug_frame   0x000006fc       0x30 d:/gcc-arm-none-eabi/bin/../lib/gcc/arm-none-eabi/10.3.1/../../../../arm-none-eabi/lib/thumb/v7e-m+fp/hard\libc_nano.a(lib_a-malloc.o)
 .debug_frame   0x0000072c       0x38 d:/gcc-arm-none-eabi/bin/../lib/gcc/arm-none-eabi/10.3.1/../../../../arm-none-eabi/lib/thumb/v7e-m+fp/hard\libc_nano.a(lib_a-nano-freer.o)
 .debug_frame   0x00000764       0x4c d:/gcc-arm-none-eabi/bin/../lib/gcc/arm-none-eabi/10.3.1/../../../../arm-none-eabi/lib/thumb/v7e-m+fp/hard\libc_nano.a(lib_a-nano-mallocr.o)
 .debug_frame   0x000007b0       0xac d:/gcc-arm-none-eabi/bin/../lib/gcc/arm-none-eabi/10.3.1/../../../../arm-none-eabi/lib/thumb/v7e-m+fp/hard\libc_nano.a(lib_a-nano-vfprintf.o)
 .debug_frame   0x0000085c       0x60 d:/gcc-arm-none-eabi/bin/../lib/gcc/arm-none-eabi/10.3.1/../../../../arm-none-eabi/lib/thumb/v7e-m+fp/hard\libc_nano.a(lib_a-nano-vfprintf_i.o)
 .debug_frame   0x000008bc       0x3c d:/gcc-arm-none-eabi/bin/../lib/gcc/arm-none-eabi/10.3.1/../../../../arm-none-eabi/lib/thumb/v7e-m+fp/hard\libc_nano.a(lib_a-putc.o)
 .debug_frame   0x000008f8       0x2c d:/gcc-arm-none-eabi/bin/../lib/gcc/arm-none-eabi/10.3.1/../../../../arm-none-eabi/lib/thumb/v7e-m+fp/hard\libc_nano.a(lib_a-sbrkr.o)
 .debug_frame   0x00000924       0x88 d:/gcc-arm-none-eabi/bin/../lib/gcc/arm-none-eabi/10.3.1/../../../../arm-none-eabi/lib/thumb/v7e-m+fp/hard\libc_nano.a(lib_a-stdio.o)
 .debug_frame   0x000009ac       0x2c d:/gcc-arm-none-eabi/bin/../lib/gcc/arm-none-eabi/10.3.1/../../../../arm-none-eabi/lib/thumb/v7e-m+fp/hard\libc_nano.a(lib_a-writer.o)
 .debug_frame   0x000009d8       0x28 d:/gcc-arm-none-eabi/bin/../lib/gcc/arm-none-eabi/10.3.1/../../../../arm-none-eabi/lib/thumb/v7e-m+fp/hard\libc_nano.a(lib_a-abort.o)
 .debug_frame   0x00000a00       0x2c d:/gcc-arm-none-eabi/bin/../lib/gcc/arm-none-eabi/10.3.1/../../../../arm-none-eabi/lib/thumb/v7e-m+fp/hard\libc_nano.a(lib_a-closer.o)
 .debug_frame   0x00000a2c       0x2c d:/gcc-arm-none-eabi/bin/../lib/gcc/arm-none-eabi/10.3.1/../../../../arm-none-eabi/lib/thumb/v7e-m+fp/hard\libc_nano.a(lib_a-fstatr.o)
 .debug_frame   0x00000a58       0x2c d:/gcc-arm-none-eabi/bin/../lib/gcc/arm-none-eabi/10.3.1/../../../../arm-none-eabi/lib/thumb/v7e-m+fp/hard\libc_nano.a(lib_a-isattyr.o)
 .debug_frame   0x00000a84       0x2c d:/gcc-arm-none-eabi/bin/../lib/gcc/arm-none-eabi/10.3.1/../../../../arm-none-eabi/lib/thumb/v7e-m+fp/hard\libc_nano.a(lib_a-lseekr.o)
 .debug_frame   0x00000ab0       0x30 d:/gcc-arm-none-eabi/bin/../lib/gcc/arm-none-eabi/10.3.1/../../../../arm-none-eabi/lib/thumb/v7e-m+fp/hard\libc_nano.a(lib_a-mlock.o)
 .debug_frame   0x00000ae0       0x2c d:/gcc-arm-none-eabi/bin/../lib/gcc/arm-none-eabi/10.3.1/../../../../arm-none-eabi/lib/thumb/v7e-m+fp/hard\libc_nano.a(lib_a-readr.o)
 .debug_frame   0x00000b0c       0x5c d:/gcc-arm-none-eabi/bin/../lib/gcc/arm-none-eabi/10.3.1/../../../../arm-none-eabi/lib/thumb/v7e-m+fp/hard\libc_nano.a(lib_a-reent.o)
 .debug_frame   0x00000b68       0xcc d:/gcc-arm-none-eabi/bin/../lib/gcc/arm-none-eabi/10.3.1/../../../../arm-none-eabi/lib/thumb/v7e-m+fp/hard\libc_nano.a(lib_a-signal.o)
 .debug_frame   0x00000c34       0x3c d:/gcc-arm-none-eabi/bin/../lib/gcc/arm-none-eabi/10.3.1/../../../../arm-none-eabi/lib/thumb/v7e-m+fp/hard\libc_nano.a(lib_a-signalr.o)

Cross Reference Table

Symbol                                            File
ADC_IRQHandler                                    build/startup_stm32f407xx.o
AHBPrescTable                                     build/system_stm32f4xx.o
APBPrescTable                                     build/system_stm32f4xx.o
BusFault_Handler                                  build/stm32f4xx_it.o
CAN1_RX0_IRQHandler                               build/startup_stm32f407xx.o
CAN1_RX1_IRQHandler                               build/startup_stm32f407xx.o
CAN1_SCE_IRQHandler                               build/startup_stm32f407xx.o
CAN1_TX_IRQHandler                                build/startup_stm32f407xx.o
CAN2_RX0_IRQHandler                               build/startup_stm32f407xx.o
CAN2_RX1_IRQHandler                               build/startup_stm32f407xx.o
CAN2_SCE_IRQHandler                               build/startup_stm32f407xx.o
CAN2_TX_IRQHandler                                build/startup_stm32f407xx.o
Count_Tick                                        build/sys_clock.o
DCMI_IRQHandler                                   build/startup_stm32f407xx.o
DMA1_Stream0_IRQHandler                           build/startup_stm32f407xx.o
DMA1_Stream1_IRQHandler                           build/startup_stm32f407xx.o
DMA1_Stream2_IRQHandler                           build/startup_stm32f407xx.o
DMA1_Stream3_IRQHandler                           build/startup_stm32f407xx.o
DMA1_Stream4_IRQHandler                           build/startup_stm32f407xx.o
DMA1_Stream5_IRQHandler                           build/startup_stm32f407xx.o
DMA1_Stream6_IRQHandler                           build/startup_stm32f407xx.o
DMA1_Stream7_IRQHandler                           build/startup_stm32f407xx.o
DMA2_Stream0_IRQHandler                           build/startup_stm32f407xx.o
DMA2_Stream1_IRQHandler                           build/startup_stm32f407xx.o
DMA2_Stream2_IRQHandler                           build/stm32f4xx_it.o
DMA2_Stream3_IRQHandler                           build/startup_stm32f407xx.o
DMA2_Stream4_IRQHandler                           build/startup_stm32f407xx.o
DMA2_Stream5_IRQHandler                           build/startup_stm32f407xx.o
DMA2_Stream6_IRQHandler                           build/startup_stm32f407xx.o
DMA2_Stream7_IRQHandler                           build/stm32f4xx_it.o
DebugMon_Handler                                  build/stm32f4xx_it.o
Default_Handler                                   build/startup_stm32f407xx.o
ETH_IRQHandler                                    build/startup_stm32f407xx.o
ETH_WKUP_IRQHandler                               build/startup_stm32f407xx.o
EXTI0_IRQHandler                                  build/startup_stm32f407xx.o
EXTI15_10_IRQHandler                              build/startup_stm32f407xx.o
EXTI1_IRQHandler                                  build/startup_stm32f407xx.o
EXTI2_IRQHandler                                  build/startup_stm32f407xx.o
EXTI3_IRQHandler                                  build/startup_stm32f407xx.o
EXTI4_IRQHandler                                  build/startup_stm32f407xx.o
EXTI9_5_IRQHandler                                build/startup_stm32f407xx.o
Error_Handler                                     build/main.o
FLASH_IRQHandler                                  build/startup_stm32f407xx.o
FPU_IRQHandler                                    build/startup_stm32f407xx.o
FSMC_IRQHandler                                   build/startup_stm32f407xx.o
GetFromBuff_DMA                                   build/uart.o
                                                  build/main.o
Get_Tick                                          build/sys_clock.o
                                                  build/spi.o
                                                  build/uart.o
HASH_RNG_IRQHandler                               build/startup_stm32f407xx.o
HandleDMAData                                     build/uart.o
HardFault_Handler                                 build/stm32f4xx_it.o
I2C1_ER_IRQHandler                                build/startup_stm32f407xx.o
I2C1_EV_IRQHandler                                build/startup_stm32f407xx.o
I2C2_ER_IRQHandler                                build/startup_stm32f407xx.o
I2C2_EV_IRQHandler                                build/startup_stm32f407xx.o
I2C3_ER_IRQHandler                                build/startup_stm32f407xx.o
I2C3_EV_IRQHandler                                build/startup_stm32f407xx.o
Inc_Tick                                          build/sys_clock.o
                                                  build/stm32f4xx_it.o
Init_Tick                                         build/sys_clock.o
Init_Tick_Tim                                     build/sys_clock.o
MX_GPIO_Init                                      build/gpio.o
                                                  build/main.o
MemManage_Handler                                 build/stm32f4xx_it.o
NMI_Handler                                       build/stm32f4xx_it.o
OTG_FS_IRQHandler                                 build/startup_stm32f407xx.o
OTG_FS_WKUP_IRQHandler                            build/startup_stm32f407xx.o
OTG_HS_EP1_IN_IRQHandler                          build/startup_stm32f407xx.o
OTG_HS_EP1_OUT_IRQHandler                         build/startup_stm32f407xx.o
OTG_HS_IRQHandler                                 build/startup_stm32f407xx.o
OTG_HS_WKUP_IRQHandler                            build/startup_stm32f407xx.o
PVD_IRQHandler                                    build/startup_stm32f407xx.o
PendSV_Handler                                    build/port.o
PerformW25q                                       build/main.o
ProcessNewData                                    build/uart.o
ProcessString                                     build/main.o
RCC_IRQHandler                                    build/startup_stm32f407xx.o
RTC_Alarm_IRQHandler                              build/startup_stm32f407xx.o
RTC_WKUP_IRQHandler                               build/startup_stm32f407xx.o
Reset_Handler                                     build/startup_stm32f407xx.o
SDIO_IRQHandler                                   build/startup_stm32f407xx.o
SPI1_IRQHandler                                   build/startup_stm32f407xx.o
SPI1_Receive                                      build/spi.o
                                                  build/w25qxx.o
SPI1_Receive_Byte                                 build/spi.o
SPI1_Transmit                                     build/spi.o
                                                  build/w25qxx.o
SPI1_TransmitReceive                              build/spi.o
SPI2_IRQHandler                                   build/startup_stm32f407xx.o
SPI3_IRQHandler                                   build/startup_stm32f407xx.o
SPI_Init                                          build/spi.o
                                                  build/main.o
SPI_Read                                          build/w25qxx.o
SPI_Write                                         build/w25qxx.o
SVC_Handler                                       build/port.o
SysTick_Handler                                   build/port.o
SystemClock_Config                                build/sys_clock.o
                                                  build/main.o
SystemCoreClock                                   build/system_stm32f4xx.o
                                                  build/port.o
                                                  build/sys_clock.o
SystemCoreClockUpdate                             build/system_stm32f4xx.o
SystemInit                                        build/system_stm32f4xx.o
                                                  build/startup_stm32f407xx.o
TAMP_STAMP_IRQHandler                             build/startup_stm32f407xx.o
TIM1_BRK_TIM9_IRQHandler                          build/startup_stm32f407xx.o
TIM1_CC_IRQHandler                                build/startup_stm32f407xx.o
TIM1_TRG_COM_TIM11_IRQHandler                     build/startup_stm32f407xx.o
TIM1_UP_TIM10_IRQHandler                          build/startup_stm32f407xx.o
TIM2_IRQHandler                                   build/stm32f4xx_it.o
TIM3_IRQHandler                                   build/startup_stm32f407xx.o
TIM4_IRQHandler                                   build/startup_stm32f407xx.o
TIM5_IRQHandler                                   build/startup_stm32f407xx.o
TIM6_DAC_IRQHandler                               build/startup_stm32f407xx.o
TIM7_IRQHandler                                   build/startup_stm32f407xx.o
TIM8_BRK_TIM12_IRQHandler                         build/startup_stm32f407xx.o
TIM8_CC_IRQHandler                                build/startup_stm32f407xx.o
TIM8_TRG_COM_TIM14_IRQHandler                     build/startup_stm32f407xx.o
TIM8_UP_TIM13_IRQHandler                          build/startup_stm32f407xx.o
TranCompleteITCallback                            build/uart.o
UART1_DMA2_RX_IRQHandler                          build/uart.o
                                                  build/stm32f4xx_it.o
UART1_DMA2_Tx_IRQHandler                          build/stm32f4xx_it.o
UART1_IRQHandlerRxCallback                        build/uart.o
                                                  build/stm32f4xx_it.o
UART4_IRQHandler                                  build/startup_stm32f407xx.o
UART5_IRQHandler                                  build/startup_stm32f407xx.o
USART1_IRQHandler                                 build/stm32f4xx_it.o
USART1_Init                                       build/uart.o
                                                  build/main.o
USART2_IRQHandler                                 build/startup_stm32f407xx.o
USART3_IRQHandler                                 build/startup_stm32f407xx.o
USART6_IRQHandler                                 build/startup_stm32f407xx.o
Uart1_Cancel_DMA2_Stream2                         build/uart.o
Uart1_Receive_DMA                                 build/uart.o
                                                  build/main.o
Uart1_Transmit_DMA                                build/uart.o
UsageFault_Handler                                build/stm32f4xx_it.o
Usart_Send_Char                                   build/uart.o
Usart_Send_String                                 build/uart.o
Usart_Transmit                                    build/uart.o
                                                  build/main.o
W25Q_Delay                                        build/w25qxx.o
W25Q_Disable_Write                                build/w25qxx.o
W25Q_Enable_Write                                 build/w25qxx.o
W25Q_Erase_Sector                                 build/w25qxx.o
                                                  build/main.o
W25Q_Program_Page                                 build/w25qxx.o
                                                  build/main.o
W25Q_ReadID                                       build/w25qxx.o
                                                  build/main.o
W25Q_Read_Byte                                    build/w25qxx.o
                                                  build/main.o
W25Q_Reset                                        build/w25qxx.o
                                                  build/main.o
W25Q_Write_Byte                                   build/w25qxx.o
WWDG_IRQHandler                                   build/startup_stm32f407xx.o
_Min_Stack_Size                                   build/sysmem.o
__assert                                          d:/gcc-arm-none-eabi/bin/../lib/gcc/arm-none-eabi/10.3.1/../../../../arm-none-eabi/lib/thumb/v7e-m+fp/hard\libc_nano.a(lib_a-assert.o)
__assert_func                                     d:/gcc-arm-none-eabi/bin/../lib/gcc/arm-none-eabi/10.3.1/../../../../arm-none-eabi/lib/thumb/v7e-m+fp/hard\libc_nano.a(lib_a-assert.o)
                                                  d:/gcc-arm-none-eabi/bin/../lib/gcc/arm-none-eabi/10.3.1/../../../../arm-none-eabi/lib/thumb/v7e-m+fp/hard\libc_nano.a(lib_a-strtok.o)
__bss_end__                                       d:/gcc-arm-none-eabi/bin/../lib/gcc/arm-none-eabi/10.3.1/../../../../arm-none-eabi/lib/thumb/v7e-m+fp/hard/crt0.o
__bss_start__                                     d:/gcc-arm-none-eabi/bin/../lib/gcc/arm-none-eabi/10.3.1/../../../../arm-none-eabi/lib/thumb/v7e-m+fp/hard/crt0.o
__call_exitprocs                                  d:/gcc-arm-none-eabi/bin/../lib/gcc/arm-none-eabi/10.3.1/../../../../arm-none-eabi/lib/thumb/v7e-m+fp/hard\libc_nano.a(lib_a-exit.o)
__deregister_frame_info                           d:/gcc-arm-none-eabi/bin/../lib/gcc/arm-none-eabi/10.3.1/thumb/v7e-m+fp/hard/crtbegin.o
__dso_handle                                      d:/gcc-arm-none-eabi/bin/../lib/gcc/arm-none-eabi/10.3.1/thumb/v7e-m+fp/hard/crtbegin.o
__env                                             build/syscalls.o
__errno                                           d:/gcc-arm-none-eabi/bin/../lib/gcc/arm-none-eabi/10.3.1/../../../../arm-none-eabi/lib/thumb/v7e-m+fp/hard\libc_nano.a(lib_a-errno.o)
                                                  d:/gcc-arm-none-eabi/bin/../lib/gcc/arm-none-eabi/10.3.1/../../../../arm-none-eabi/lib/thumb/v7e-m+fp/hard\libc_nano.a(lib_a-strtol.o)
                                                  build/syscalls.o
                                                  build/sysmem.o
__fp_lock_all                                     d:/gcc-arm-none-eabi/bin/../lib/gcc/arm-none-eabi/10.3.1/../../../../arm-none-eabi/lib/thumb/v7e-m+fp/hard\libc_nano.a(lib_a-findfp.o)
__fp_unlock_all                                   d:/gcc-arm-none-eabi/bin/../lib/gcc/arm-none-eabi/10.3.1/../../../../arm-none-eabi/lib/thumb/v7e-m+fp/hard\libc_nano.a(lib_a-findfp.o)
__init_array_end                                  d:/gcc-arm-none-eabi/bin/../lib/gcc/arm-none-eabi/10.3.1/../../../../arm-none-eabi/lib/thumb/v7e-m+fp/hard\libc_nano.a(lib_a-init.o)
__init_array_start                                d:/gcc-arm-none-eabi/bin/../lib/gcc/arm-none-eabi/10.3.1/../../../../arm-none-eabi/lib/thumb/v7e-m+fp/hard\libc_nano.a(lib_a-init.o)
__io_getchar                                      build/syscalls.o
__io_putchar                                      build/main.o
                                                  build/syscalls.o
__libc_fini_array                                 d:/gcc-arm-none-eabi/bin/../lib/gcc/arm-none-eabi/10.3.1/../../../../arm-none-eabi/lib/thumb/v7e-m+fp/hard/crt0.o
__libc_init_array                                 d:/gcc-arm-none-eabi/bin/../lib/gcc/arm-none-eabi/10.3.1/../../../../arm-none-eabi/lib/thumb/v7e-m+fp/hard\libc_nano.a(lib_a-init.o)
                                                  build/startup_stm32f407xx.o
                                                  d:/gcc-arm-none-eabi/bin/../lib/gcc/arm-none-eabi/10.3.1/../../../../arm-none-eabi/lib/thumb/v7e-m+fp/hard/crt0.o
__lock___arc4random_mutex                         d:/gcc-arm-none-eabi/bin/../lib/gcc/arm-none-eabi/10.3.1/../../../../arm-none-eabi/lib/thumb/v7e-m+fp/hard\libc_nano.a(lib_a-lock.o)
__lock___at_quick_exit_mutex                      d:/gcc-arm-none-eabi/bin/../lib/gcc/arm-none-eabi/10.3.1/../../../../arm-none-eabi/lib/thumb/v7e-m+fp/hard\libc_nano.a(lib_a-lock.o)
__lock___atexit_recursive_mutex                   d:/gcc-arm-none-eabi/bin/../lib/gcc/arm-none-eabi/10.3.1/../../../../arm-none-eabi/lib/thumb/v7e-m+fp/hard\libc_nano.a(lib_a-lock.o)
__lock___dd_hash_mutex                            d:/gcc-arm-none-eabi/bin/../lib/gcc/arm-none-eabi/10.3.1/../../../../arm-none-eabi/lib/thumb/v7e-m+fp/hard\libc_nano.a(lib_a-lock.o)
__lock___env_recursive_mutex                      d:/gcc-arm-none-eabi/bin/../lib/gcc/arm-none-eabi/10.3.1/../../../../arm-none-eabi/lib/thumb/v7e-m+fp/hard\libc_nano.a(lib_a-lock.o)
__lock___malloc_recursive_mutex                   d:/gcc-arm-none-eabi/bin/../lib/gcc/arm-none-eabi/10.3.1/../../../../arm-none-eabi/lib/thumb/v7e-m+fp/hard\libc_nano.a(lib_a-lock.o)
                                                  d:/gcc-arm-none-eabi/bin/../lib/gcc/arm-none-eabi/10.3.1/../../../../arm-none-eabi/lib/thumb/v7e-m+fp/hard\libc_nano.a(lib_a-mlock.o)
__lock___sfp_recursive_mutex                      d:/gcc-arm-none-eabi/bin/../lib/gcc/arm-none-eabi/10.3.1/../../../../arm-none-eabi/lib/thumb/v7e-m+fp/hard\libc_nano.a(lib_a-lock.o)
                                                  d:/gcc-arm-none-eabi/bin/../lib/gcc/arm-none-eabi/10.3.1/../../../../arm-none-eabi/lib/thumb/v7e-m+fp/hard\libc_nano.a(lib_a-findfp.o)
__lock___sinit_recursive_mutex                    d:/gcc-arm-none-eabi/bin/../lib/gcc/arm-none-eabi/10.3.1/../../../../arm-none-eabi/lib/thumb/v7e-m+fp/hard\libc_nano.a(lib_a-lock.o)
                                                  d:/gcc-arm-none-eabi/bin/../lib/gcc/arm-none-eabi/10.3.1/../../../../arm-none-eabi/lib/thumb/v7e-m+fp/hard\libc_nano.a(lib_a-findfp.o)
__lock___tz_mutex                                 d:/gcc-arm-none-eabi/bin/../lib/gcc/arm-none-eabi/10.3.1/../../../../arm-none-eabi/lib/thumb/v7e-m+fp/hard\libc_nano.a(lib_a-lock.o)
__malloc_free_list                                d:/gcc-arm-none-eabi/bin/../lib/gcc/arm-none-eabi/10.3.1/../../../../arm-none-eabi/lib/thumb/v7e-m+fp/hard\libc_nano.a(lib_a-nano-mallocr.o)
                                                  d:/gcc-arm-none-eabi/bin/../lib/gcc/arm-none-eabi/10.3.1/../../../../arm-none-eabi/lib/thumb/v7e-m+fp/hard\libc_nano.a(lib_a-nano-freer.o)
__malloc_lock                                     d:/gcc-arm-none-eabi/bin/../lib/gcc/arm-none-eabi/10.3.1/../../../../arm-none-eabi/lib/thumb/v7e-m+fp/hard\libc_nano.a(lib_a-mlock.o)
                                                  d:/gcc-arm-none-eabi/bin/../lib/gcc/arm-none-eabi/10.3.1/../../../../arm-none-eabi/lib/thumb/v7e-m+fp/hard\libc_nano.a(lib_a-nano-mallocr.o)
                                                  d:/gcc-arm-none-eabi/bin/../lib/gcc/arm-none-eabi/10.3.1/../../../../arm-none-eabi/lib/thumb/v7e-m+fp/hard\libc_nano.a(lib_a-nano-freer.o)
__malloc_sbrk_start                               d:/gcc-arm-none-eabi/bin/../lib/gcc/arm-none-eabi/10.3.1/../../../../arm-none-eabi/lib/thumb/v7e-m+fp/hard\libc_nano.a(lib_a-nano-mallocr.o)
__malloc_unlock                                   d:/gcc-arm-none-eabi/bin/../lib/gcc/arm-none-eabi/10.3.1/../../../../arm-none-eabi/lib/thumb/v7e-m+fp/hard\libc_nano.a(lib_a-mlock.o)
                                                  d:/gcc-arm-none-eabi/bin/../lib/gcc/arm-none-eabi/10.3.1/../../../../arm-none-eabi/lib/thumb/v7e-m+fp/hard\libc_nano.a(lib_a-nano-mallocr.o)
                                                  d:/gcc-arm-none-eabi/bin/../lib/gcc/arm-none-eabi/10.3.1/../../../../arm-none-eabi/lib/thumb/v7e-m+fp/hard\libc_nano.a(lib_a-nano-freer.o)
__preinit_array_end                               d:/gcc-arm-none-eabi/bin/../lib/gcc/arm-none-eabi/10.3.1/../../../../arm-none-eabi/lib/thumb/v7e-m+fp/hard\libc_nano.a(lib_a-init.o)
__preinit_array_start                             d:/gcc-arm-none-eabi/bin/../lib/gcc/arm-none-eabi/10.3.1/../../../../arm-none-eabi/lib/thumb/v7e-m+fp/hard\libc_nano.a(lib_a-init.o)
__register_frame_info                             d:/gcc-arm-none-eabi/bin/../lib/gcc/arm-none-eabi/10.3.1/thumb/v7e-m+fp/hard/crtbegin.o
__retarget_lock_acquire                           d:/gcc-arm-none-eabi/bin/../lib/gcc/arm-none-eabi/10.3.1/../../../../arm-none-eabi/lib/thumb/v7e-m+fp/hard\libc_nano.a(lib_a-lock.o)
__retarget_lock_acquire_recursive                 d:/gcc-arm-none-eabi/bin/../lib/gcc/arm-none-eabi/10.3.1/../../../../arm-none-eabi/lib/thumb/v7e-m+fp/hard\libc_nano.a(lib_a-lock.o)
                                                  d:/gcc-arm-none-eabi/bin/../lib/gcc/arm-none-eabi/10.3.1/../../../../arm-none-eabi/lib/thumb/v7e-m+fp/hard\libc_nano.a(lib_a-mlock.o)
                                                  d:/gcc-arm-none-eabi/bin/../lib/gcc/arm-none-eabi/10.3.1/../../../../arm-none-eabi/lib/thumb/v7e-m+fp/hard\libc_nano.a(lib_a-putc.o)
                                                  d:/gcc-arm-none-eabi/bin/../lib/gcc/arm-none-eabi/10.3.1/../../../../arm-none-eabi/lib/thumb/v7e-m+fp/hard\libc_nano.a(lib_a-nano-vfprintf.o)
                                                  d:/gcc-arm-none-eabi/bin/../lib/gcc/arm-none-eabi/10.3.1/../../../../arm-none-eabi/lib/thumb/v7e-m+fp/hard\libc_nano.a(lib_a-findfp.o)
                                                  d:/gcc-arm-none-eabi/bin/../lib/gcc/arm-none-eabi/10.3.1/../../../../arm-none-eabi/lib/thumb/v7e-m+fp/hard\libc_nano.a(lib_a-fflush.o)
                                                  d:/gcc-arm-none-eabi/bin/../lib/gcc/arm-none-eabi/10.3.1/../../../../arm-none-eabi/lib/thumb/v7e-m+fp/hard\libc_nano.a(lib_a-puts.o)
__retarget_lock_close                             d:/gcc-arm-none-eabi/bin/../lib/gcc/arm-none-eabi/10.3.1/../../../../arm-none-eabi/lib/thumb/v7e-m+fp/hard\libc_nano.a(lib_a-lock.o)
__retarget_lock_close_recursive                   d:/gcc-arm-none-eabi/bin/../lib/gcc/arm-none-eabi/10.3.1/../../../../arm-none-eabi/lib/thumb/v7e-m+fp/hard\libc_nano.a(lib_a-lock.o)
__retarget_lock_init                              d:/gcc-arm-none-eabi/bin/../lib/gcc/arm-none-eabi/10.3.1/../../../../arm-none-eabi/lib/thumb/v7e-m+fp/hard\libc_nano.a(lib_a-lock.o)
__retarget_lock_init_recursive                    d:/gcc-arm-none-eabi/bin/../lib/gcc/arm-none-eabi/10.3.1/../../../../arm-none-eabi/lib/thumb/v7e-m+fp/hard\libc_nano.a(lib_a-lock.o)
                                                  d:/gcc-arm-none-eabi/bin/../lib/gcc/arm-none-eabi/10.3.1/../../../../arm-none-eabi/lib/thumb/v7e-m+fp/hard\libc_nano.a(lib_a-findfp.o)
__retarget_lock_release                           d:/gcc-arm-none-eabi/bin/../lib/gcc/arm-none-eabi/10.3.1/../../../../arm-none-eabi/lib/thumb/v7e-m+fp/hard\libc_nano.a(lib_a-lock.o)
__retarget_lock_release_recursive                 d:/gcc-arm-none-eabi/bin/../lib/gcc/arm-none-eabi/10.3.1/../../../../arm-none-eabi/lib/thumb/v7e-m+fp/hard\libc_nano.a(lib_a-lock.o)
                                                  d:/gcc-arm-none-eabi/bin/../lib/gcc/arm-none-eabi/10.3.1/../../../../arm-none-eabi/lib/thumb/v7e-m+fp/hard\libc_nano.a(lib_a-mlock.o)
                                                  d:/gcc-arm-none-eabi/bin/../lib/gcc/arm-none-eabi/10.3.1/../../../../arm-none-eabi/lib/thumb/v7e-m+fp/hard\libc_nano.a(lib_a-putc.o)
                                                  d:/gcc-arm-none-eabi/bin/../lib/gcc/arm-none-eabi/10.3.1/../../../../arm-none-eabi/lib/thumb/v7e-m+fp/hard\libc_nano.a(lib_a-nano-vfprintf.o)
                                                  d:/gcc-arm-none-eabi/bin/../lib/gcc/arm-none-eabi/10.3.1/../../../../arm-none-eabi/lib/thumb/v7e-m+fp/hard\libc_nano.a(lib_a-findfp.o)
                                                  d:/gcc-arm-none-eabi/bin/../lib/gcc/arm-none-eabi/10.3.1/../../../../arm-none-eabi/lib/thumb/v7e-m+fp/hard\libc_nano.a(lib_a-fflush.o)
                                                  d:/gcc-arm-none-eabi/bin/../lib/gcc/arm-none-eabi/10.3.1/../../../../arm-none-eabi/lib/thumb/v7e-m+fp/hard\libc_nano.a(lib_a-puts.o)
__retarget_lock_try_acquire                       d:/gcc-arm-none-eabi/bin/../lib/gcc/arm-none-eabi/10.3.1/../../../../arm-none-eabi/lib/thumb/v7e-m+fp/hard\libc_nano.a(lib_a-lock.o)